Archive member included because of file (symbol)

../../../code/sys/src/libsys.a(Applet.o)
                              Application.o (_ZN6Applet3runEv)
../../../code/sys/src/libsys.a(LCD.o)
                              Application.o (_ZN3LCD1_Ev)
../../../code/sys/src/libsys.a(QP4.o)
                              Comm.o (_ZN10QP4_Packet4sealEv)
../../../code/sys/src/libsys.a(PCA9557.o)
                              CM.o (_ZN7PCA9557C1Eh)
../../../code/sys/src/libsys.a(AD5542.o)
                              CS.o (_ZN6AD5542C2Ev)
../../../code/sys/src/libsys.a(AD7734.o)
                              CM.o (_ZN6AD7734C2Ev)
../../../code/sys/src/libsys.a(FS.o)
                              Storage.o (_ZN2FSC2EjPKj)
../../../code/sys/src/libsys.a(SysTick.o)
                              Application.o (_ZN7SysTick1_Ev)
../../../code/avr/src/libavr.a(SPI.o)
                              ../../../code/sys/src/libsys.a(AD5542.o) (_ZN3SPI1_Ev)
../../../code/avr/src/libavr.a(UART.o)
                              Comm.o (_ZNK13UART_RxBuffer4sizeEv)
../../../code/avr/src/libavr.a(I2C.o)
                              ../../../code/sys/src/libsys.a(PCA9557.o) (_ZN3I2C1_Ev)
../../../code/avr/src/libavr.a(EEPROM.o)
                              ../../../code/sys/src/libsys.a(FS.o) (_ZN6EEPROM1_Ev)
../../../code/utils/src/libutils.a(Filter.o)
                              CM.o (_ZN19SimpleAverageFilterC1Ej)
/usr/lib/gcc/avr/4.8.2/../../../avr/lib/avr5/libprintf_flt.a(vfprintf_flt.o)
                              (vfprintf)
/usr/lib/gcc/avr/4.8.2/../../../avr/lib/avr5/libm.a(addsf3.o)
                              Calibration.o (__subsf3)
/usr/lib/gcc/avr/4.8.2/../../../avr/lib/avr5/libm.a(addsf3x.o)
                              /usr/lib/gcc/avr/4.8.2/../../../avr/lib/avr5/libm.a(addsf3.o) (__addsf3x)
/usr/lib/gcc/avr/4.8.2/../../../avr/lib/avr5/libm.a(cmpsf2.o)
                              Calibration.o (__ltsf2)
/usr/lib/gcc/avr/4.8.2/../../../avr/lib/avr5/libm.a(divsf3.o)
                              Calibration.o (__divsf3)
/usr/lib/gcc/avr/4.8.2/../../../avr/lib/avr5/libm.a(divsf3x.o)
                              /usr/lib/gcc/avr/4.8.2/../../../avr/lib/avr5/libm.a(divsf3.o) (__divsf3x)
/usr/lib/gcc/avr/4.8.2/../../../avr/lib/avr5/libm.a(fixsfsi.o)
                              Calibration.o (__fixsfsi)
/usr/lib/gcc/avr/4.8.2/../../../avr/lib/avr5/libm.a(fixunssfsi.o)
                              ../../../code/sys/src/libsys.a(SysTick.o) (__fixunssfsi)
/usr/lib/gcc/avr/4.8.2/../../../avr/lib/avr5/libm.a(floatdisf.o)
                              ../../../code/utils/src/libutils.a(Filter.o) (__floatdisf)
/usr/lib/gcc/avr/4.8.2/../../../avr/lib/avr5/libm.a(floatsisf.o)
                              ../../../code/sys/src/libsys.a(SysTick.o) (__floatunsisf)
/usr/lib/gcc/avr/4.8.2/../../../avr/lib/avr5/libm.a(floatundisf.o)
                              /usr/lib/gcc/avr/4.8.2/../../../avr/lib/avr5/libm.a(floatdisf.o) (__fp_di2sf)
/usr/lib/gcc/avr/4.8.2/../../../avr/lib/avr5/libm.a(fp_cmp.o)
                              /usr/lib/gcc/avr/4.8.2/../../../avr/lib/avr5/libm.a(cmpsf2.o) (__fp_cmp)
/usr/lib/gcc/avr/4.8.2/../../../avr/lib/avr5/libm.a(fp_inf.o)
                              /usr/lib/gcc/avr/4.8.2/../../../avr/lib/avr5/libm.a(addsf3x.o) (__fp_inf)
/usr/lib/gcc/avr/4.8.2/../../../avr/lib/avr5/libm.a(fp_nan.o)
                              /usr/lib/gcc/avr/4.8.2/../../../avr/lib/avr5/libm.a(addsf3x.o) (__fp_nan)
/usr/lib/gcc/avr/4.8.2/../../../avr/lib/avr5/libm.a(fp_negdi.o)
                              /usr/lib/gcc/avr/4.8.2/../../../avr/lib/avr5/libm.a(floatdisf.o) (__fp_negdi)
/usr/lib/gcc/avr/4.8.2/../../../avr/lib/avr5/libm.a(fp_pscA.o)
                              /usr/lib/gcc/avr/4.8.2/../../../avr/lib/avr5/libm.a(addsf3x.o) (__fp_pscA)
/usr/lib/gcc/avr/4.8.2/../../../avr/lib/avr5/libm.a(fp_pscB.o)
                              /usr/lib/gcc/avr/4.8.2/../../../avr/lib/avr5/libm.a(addsf3x.o) (__fp_pscB)
/usr/lib/gcc/avr/4.8.2/../../../avr/lib/avr5/libm.a(fp_round.o)
                              /usr/lib/gcc/avr/4.8.2/../../../avr/lib/avr5/libm.a(addsf3.o) (__fp_round)
/usr/lib/gcc/avr/4.8.2/../../../avr/lib/avr5/libm.a(fp_split3.o)
                              /usr/lib/gcc/avr/4.8.2/../../../avr/lib/avr5/libm.a(addsf3x.o) (__fp_split3)
/usr/lib/gcc/avr/4.8.2/../../../avr/lib/avr5/libm.a(fp_zero.o)
                              /usr/lib/gcc/avr/4.8.2/../../../avr/lib/avr5/libm.a(addsf3x.o) (__fp_zero)
/usr/lib/gcc/avr/4.8.2/../../../avr/lib/avr5/libm.a(gesf2.o)
                              Calibration.o (__gtsf2)
/usr/lib/gcc/avr/4.8.2/../../../avr/lib/avr5/libm.a(mulsf3.o)
                              Application.o (__mulsf3)
/usr/lib/gcc/avr/4.8.2/../../../avr/lib/avr5/libm.a(mulsf3x.o)
                              /usr/lib/gcc/avr/4.8.2/../../../avr/lib/avr5/libm.a(mulsf3.o) (__mulsf3x)
/usr/lib/gcc/avr/4.8.2/../../../avr/lib/avr5/libm.a(round.o)
                              Calibration.o (round)
[...]
Memory Configuration

Name             Origin             Length             Attributes
text             0x0000000000000000 0x0000000000020000 xr
data             0x0000000000800060 0x000000000000ffa0 rw !x
eeprom           0x0000000000810000 0x0000000000010000 rw !x
fuse             0x0000000000820000 0x0000000000000400 rw !x
lock             0x0000000000830000 0x0000000000000400 rw !x
signature        0x0000000000840000 0x0000000000000400 rw !x
user_signatures  0x0000000000850000 0x0000000000000400 rw !x
*default*        0x0000000000000000 0xffffffffffffffff

Linker script and memory map

Address of section .data set to 0x800100
LOAD /usr/lib/gcc/avr/4.8.2/../../../avr/lib/avr5/crtm644.o
LOAD Application.o
LOAD Calibration.o
LOAD CM.o
LOAD CS.o
LOAD Comm.o
LOAD Storage.o
LOAD VM.o
LOAD VM2.o
LOAD VS.o
LOAD LEDDisplay.o
LOAD RM.o
LOAD SystemConfig.o
LOAD ../../../code/sys/src/libsys.a
LOAD ../../../code/avr/src/libavr.a
LOAD ../../../code/utils/src/libutils.a
LOAD /usr/lib/gcc/avr/4.8.2/../../../avr/lib/avr5/libprintf_flt.a
LOAD /usr/lib/gcc/avr/4.8.2/../../../avr/lib/avr5/libm.a
START GROUP
LOAD /usr/lib/gcc/avr/4.8.2/avr5/libgcc.a
LOAD /usr/lib/gcc/avr/4.8.2/../../../avr/lib/avr5/libm.a
LOAD /usr/lib/gcc/avr/4.8.2/../../../avr/lib/avr5/libc.a
END GROUP

.hash
 *(.hash)

.dynsym
 *(.dynsym)

.dynstr
 *(.dynstr)

.gnu.version
 *(.gnu.version)

.gnu.version_d
 *(.gnu.version_d)

.gnu.version_r
 *(.gnu.version_r)

.rel.init
 *(.rel.init)

.rela.init
 *(.rela.init)

.rel.text
 *(.rel.text)
 *(.rel.text.*)
 *(.rel.gnu.linkonce.t*)

.rela.text
 *(.rela.text)
 *(.rela.text.*)
 *(.rela.gnu.linkonce.t*)

.rel.fini
 *(.rel.fini)

.rela.fini
 *(.rela.fini)

.rel.rodata
 *(.rel.rodata)
 *(.rel.rodata.*)
 *(.rel.gnu.linkonce.r*)

.rela.rodata
 *(.rela.rodata)
 *(.rela.rodata.*)
 *(.rela.gnu.linkonce.r*)

.rel.data
 *(.rel.data)
 *(.rel.data.*)
 *(.rel.gnu.linkonce.d*)

.rela.data
 *(.rela.data)
 *(.rela.data.*)
 *(.rela.gnu.linkonce.d*)

.rel.ctors
 *(.rel.ctors)

.rela.ctors
 *(.rela.ctors)

.rel.dtors
 *(.rel.dtors)

.rela.dtors
 *(.rela.dtors)

.rel.got
 *(.rel.got)

.rela.got
 *(.rela.got)

.rel.bss
 *(.rel.bss)

.rela.bss
 *(.rela.bss)

.rel.plt
 *(.rel.plt)

.rela.plt
 *(.rela.plt)

.text           0x0000000000000000     0xa2ba
 *(.vectors)
 .vectors       0x0000000000000000       0x70 /usr/lib/gcc/avr/4.8.2/../../../avr/lib/avr5/crtm644.o
                0x0000000000000000                __vectors
                0x0000000000000000                __vector_default
 *(.vectors)
 *(.progmem.gcc*)
 *(.progmem*)
 .progmem.data._ZZN11Application9displayIVEbf8CM_Rangebf8VM_RangeE12voltageUnits
                0x0000000000000070       0x2a Application.o
 .progmem.data._ZZN11Application9displayIVEbf8CM_Rangebf8VM_RangeE12currentUnits
                0x000000000000009a       0x23 Application.o
 .progmem.data._ZZN11Application9appCommCBEPK6CommCBE3cbs
                0x00000000000000bd       0xa4 Application.o
 .progmem.data._ZZN11Application11show_bannerEvE3__c_0
                0x0000000000000161        0x9 Application.o
 .progmem.data._ZZN11Application11show_bannerEvE3__c
                0x000000000000016a       0x11 Application.o
 .progmem.data._ZZN2CM22fillDefaultCalibrationE8CM_RangeP19CM_CalibrationTableE4I_FS
                0x000000000000017b       0x14 CM.o
 .progmem.data._ZZN2CM8setRangeE8CM_RangeE8iox_data
                0x000000000000018f        0x5 CM.o
 .progmem.data._ZZ10toCM_RangejE6ranges
                0x0000000000000194        0xa CM.o
 .progmem.data._ZZN2CS22fillDefaultCalibrationE8CS_RangeP19CS_CalibrationTableE2FS
                0x000000000000019e       0x14 CS.o
 .progmem.data._ZZN2CS8setRangeE8CS_RangeE8iox_data
                0x00000000000001b2        0x5 CS.o
 .progmem.data._ZZ10toCS_RangejE6ranges
                0x00000000000001b7        0xa CS.o
 .progmem.data._ZZN4Comm9interpretEPKvjE3cbs
                0x00000000000001c1       0xa4 Comm.o
 .progmem.data._ZZ16toComm_VM2_RangejE6values
                0x0000000000000265        0x2 Comm.o
 .progmem.data._ZZ15toComm_VM_RangejE6values
                0x0000000000000267        0xc Comm.o
 .progmem.data._ZZ15toComm_CM_RangejE6values
                0x0000000000000273        0xa Comm.o
 .progmem.data._ZZ15toComm_VS_RangejE6values
                0x000000000000027d        0x4 Comm.o
 .progmem.data._ZZ15toComm_CS_RangejE6values
                0x0000000000000281        0xa Comm.o
 .progmem.data._ZZ17toComm_SourceModejE6values
                0x000000000000028b        0x4 Comm.o
 .progmem.data._ZZN7Storage1_EvE10file_sizes
                0x000000000000028f       0x28 Storage.o
 .progmem.data._ZZ20toStorage_VM2_FileNo9VM2_RangeE7fileNos
                0x00000000000002b7        0x2 Storage.o
 .progmem.data._ZZ19toStorage_VM_FileNo8VM_RangeE7fileNos
                0x00000000000002b9        0xc Storage.o
 .progmem.data._ZZ19toStorage_CM_FileNo8CM_RangeE7fileNos
                0x00000000000002c5        0xa Storage.o
 .progmem.data._ZZ19toStorage_VS_FileNo8VS_RangeE7fileNos
                0x00000000000002cf        0x4 Storage.o
 .progmem.data._ZZ19toStorage_CS_FileNo8CS_RangeE7fileNos
                0x00000000000002d3        0xa Storage.o
 .progmem.data._ZZN2VM22fillDefaultCalibrationE8VM_RangeP19VM_CalibrationTableE4V_FS
                0x00000000000002dd       0x18 VM.o
 .progmem.data._ZZN2VM8setRangeE8VM_RangeE8iox_data
                0x00000000000002f5        0x6 VM.o
 .progmem.data._ZZ10toVM_RangejE6ranges
                0x00000000000002fb        0xc VM.o
 .progmem.data._ZZN3VM222fillDefaultCalibrationE9VM2_RangeP19VM_CalibrationTableE4V_FS
                0x0000000000000307        0x4 VM2.o
 .progmem.data._ZZ11toVM2_RangejE6ranges
                0x000000000000030b        0x2 VM2.o
 .progmem.data._ZZN2VS22fillDefaultCalibrationE8VS_RangeP19VS_CalibrationTableE2FS
                0x000000000000030d        0x8 VS.o
 .progmem.data._ZZN2VS8setRangeE8VS_RangeE8iox_data
                0x0000000000000315        0x2 VS.o
 .progmem.data._ZZ10toVS_RangejE6ranges
                0x0000000000000317        0x4 VS.o
 .progmem.data._ZZN2RM14readResistanceE8RM_RangejE13rangeSettings
                0x000000000000031b       0x46 RM.o
 .progmem.data._ZZN2RM8range_okE8RM_RangejE13rangeSettings
                0x0000000000000361       0x62 RM.o
 .progmem.data._ZZ10toRM_RangehE6ranges
                0x00000000000003c3        0xe RM.o
 .progmem.data._ZZN3LCD8cursorAtEhhE9addresses
                0x00000000000003d1        0x2 ../../../code/sys/src/libsys.a(LCD.o)
 .progmem.data._ZZN12QP4_Receiver8setStateE11QP4_RxStateE3cbs
                0x00000000000003d3       0x10 ../../../code/sys/src/libsys.a(QP4.o)
 .progmem.data._ZZN6AD77345resetEvE13resetSequence
                0x00000000000003e3        0x5 ../../../code/sys/src/libsys.a(AD7734.o)
 .progmem.data._ZZN6AD77348readDataEhE11over_ranges
                0x00000000000003e8        0x4 ../../../code/sys/src/libsys.a(AD7734.o)
 .progmem.data._ZZN3SPI17makeConfigurationE18SPI_ClockFrequency14SPI_ClockPhase17SPI_ClockPolarity8SPI_Mode13SPI_DataOrderE6order_
                0x00000000000003ec        0x2 ../../../code/avr/src/libavr.a(SPI.o)
 .progmem.data._ZZN3SPI17makeConfigurationE18SPI_ClockFrequency14SPI_ClockPhase17SPI_ClockPolarity8SPI_Mode13SPI_DataOrderE5mode_
                0x00000000000003ee        0x2 ../../../code/avr/src/libavr.a(SPI.o)
 .progmem.data._ZZN3SPI17makeConfigurationE18SPI_ClockFrequency14SPI_ClockPhase17SPI_ClockPolarity8SPI_Mode13SPI_DataOrderE9polarity_
                0x00000000000003f0        0x2 ../../../code/avr/src/libavr.a(SPI.o)
 .progmem.data._ZZN3SPI17makeConfigurationE18SPI_ClockFrequency14SPI_ClockPhase17SPI_ClockPolarity8SPI_Mode13SPI_DataOrderE6phase_
                0x00000000000003f2        0x2 ../../../code/avr/src/libavr.a(SPI.o)
 .progmem.data._ZZN3SPI17makeConfigurationE18SPI_ClockFrequency14SPI_ClockPhase17SPI_ClockPolarity8SPI_Mode13SPI_DataOrderE5freq_
                0x00000000000003f4        0x4 ../../../code/avr/src/libavr.a(SPI.o)
 .progmem.data._ZZN3I2C5checkEvE3cbs
                0x00000000000003f8       0x30 ../../../code/avr/src/libavr.a(I2C.o)
 .progmem.data  0x0000000000000428        0x8 /usr/lib/gcc/avr/4.8.2/../../../avr/lib/avr5/libprintf_flt.a(vfprintf_flt.o)
 .progmem.data  0x0000000000000430       0xfa /usr/lib/gcc/avr/4.8.2/../../../avr/lib/avr5/libc.a(ftoa_engine.o)
                0x000000000000052a                . = ALIGN (0x2)
                0x000000000000052a                __trampolines_start = .
 *(.trampolines)
 .trampolines   0x000000000000052a        0x0 linker stubs
 *(.trampolines*)
                0x000000000000052a                __trampolines_end = .
 *(.jumptables)
 *(.jumptables*)
 *(.lowtext)
 *(.lowtext*)
                0x000000000000052a                __ctors_start = .
 *(.ctors)
 .ctors         0x000000000000052a        0x2 ../../../code/sys/src/libsys.a(Applet.o)
                0x000000000000052c                __ctors_end = .
                0x000000000000052c                __dtors_start = .
 *(.dtors)
                0x000000000000052c                __dtors_end = .
 SORT(*)(.ctors)
 SORT(*)(.dtors)
 *(.init0)
 .init0         0x000000000000052c        0x0 /usr/lib/gcc/avr/4.8.2/../../../avr/lib/avr5/crtm644.o
                0x000000000000052c                __init
 *(.init0)
 *(.init1)
 *(.init1)
 *(.init2)
 .init2         0x000000000000052c        0xc /usr/lib/gcc/avr/4.8.2/../../../avr/lib/avr5/crtm644.o
 *(.init2)
 *(.init3)
 *(.init3)
 *(.init4)
 .init4         0x0000000000000538       0x16 /usr/lib/gcc/avr/4.8.2/avr5/libgcc.a(_copy_data.o)
                0x0000000000000538                __do_copy_data
 .init4         0x000000000000054e       0x10 /usr/lib/gcc/avr/4.8.2/avr5/libgcc.a(_clear_bss.o)
                0x000000000000054e                __do_clear_bss
 *(.init4)
 *(.init5)
 *(.init5)
 *(.init6)
 .init6         0x000000000000055e       0x16 /usr/lib/gcc/avr/4.8.2/avr5/libgcc.a(_ctors.o)
                0x000000000000055e                __do_global_ctors
 *(.init6)
 *(.init7)
 *(.init7)
 *(.init8)
 *(.init8)
 *(.init9)
 .init9         0x0000000000000574        0x8 /usr/lib/gcc/avr/4.8.2/../../../avr/lib/avr5/crtm644.o
 *(.init9)
 *(.text)
 .text          0x000000000000057c        0x4 /usr/lib/gcc/avr/4.8.2/../../../avr/lib/avr5/crtm644.o
                0x000000000000057c                __vector_22
                0x000000000000057c                __vector_1
                0x000000000000057c                __vector_24
                0x000000000000057c                __vector_12
                0x000000000000057c                __bad_interrupt
                0x000000000000057c                __vector_6
                0x000000000000057c                __vector_3
                0x000000000000057c                __vector_23
                0x000000000000057c                __vector_25
                0x000000000000057c                __vector_11
                0x000000000000057c                __vector_13
                0x000000000000057c                __vector_17
                0x000000000000057c                __vector_19
                0x000000000000057c                __vector_7
                0x000000000000057c                __vector_27
                0x000000000000057c                __vector_5
                0x000000000000057c                __vector_4
                0x000000000000057c                __vector_9
                0x000000000000057c                __vector_2
                0x000000000000057c                __vector_21
                0x000000000000057c                __vector_15
                0x000000000000057c                __vector_8
                0x000000000000057c                __vector_26
                0x000000000000057c                __vector_14
                0x000000000000057c                __vector_10
                0x000000000000057c                __vector_18
                0x0000000000000580                . = ALIGN (0x2)
 *(.text.*)
 .text._ZN11Application5nopCBEPK6CommCB
                0x0000000000000580        0x2 Application.o
                0x0000000000000580                _ZN11Application5nopCBEPK6CommCB
 .text._ZN11Application6syncCBEPK6CommCB
                0x0000000000000582        0x2 Application.o
                0x0000000000000582                _ZN11Application6syncCBEPK6CommCB
 .text._ZN11Application10identityCBEPK6CommCB
                0x0000000000000584       0xc6 Application.o
                0x0000000000000584                _ZN11Application10identityCBEPK6CommCB
 .text._ZN11Application13CS_setRangeCBEPK6CommCB
                0x000000000000064a       0x6e Application.o
                0x000000000000064a                _ZN11Application13CS_setRangeCBEPK6CommCB
 .text._ZN11Application13CM_setRangeCBEPK6CommCB
                0x00000000000006b8       0x6e Application.o
                0x00000000000006b8                _ZN11Application13CM_setRangeCBEPK6CommCB
 .text._ZN11Application19CS_getCalibrationCBEPK6CommCB
                0x0000000000000726       0x68 Application.o
                0x0000000000000726                _ZN11Application19CS_getCalibrationCBEPK6CommCB
 .text._ZN11Application22CS_verifyCalibrationCBEPK6CommCB
                0x000000000000078e       0x72 Application.o
                0x000000000000078e                _ZN11Application22CS_verifyCalibrationCBEPK6CommCB
 .text._ZN11Application19CS_setCalibrationCBEPK6CommCB
                0x0000000000000800       0xa2 Application.o
                0x0000000000000800                _ZN11Application19CS_setCalibrationCBEPK6CommCB
 .text._ZN11Application15CS_setCurrentCBEPK6CommCB
                0x00000000000008a2       0x60 Application.o
                0x00000000000008a2                _ZN11Application15CS_setCurrentCBEPK6CommCB
 .text._ZN11Application13VS_setRangeCBEPK6CommCB
                0x0000000000000902       0x38 Application.o
                0x0000000000000902                _ZN11Application13VS_setRangeCBEPK6CommCB
 .text._ZN11Application19VS_getCalibrationCBEPK6CommCB
                0x000000000000093a       0x68 Application.o
                0x000000000000093a                _ZN11Application19VS_getCalibrationCBEPK6CommCB
 .text._ZN11Application22VS_verifyCalibrationCBEPK6CommCB
                0x00000000000009a2       0x72 Application.o
                0x00000000000009a2                _ZN11Application22VS_verifyCalibrationCBEPK6CommCB
 .text._ZN11Application19VS_setCalibrationCBEPK6CommCB
                0x0000000000000a14       0xa2 Application.o
                0x0000000000000a14                _ZN11Application19VS_setCalibrationCBEPK6CommCB
 .text._ZN11Application15VS_setVoltageCBEPK6CommCB
                0x0000000000000ab6       0x60 Application.o
                0x0000000000000ab6                _ZN11Application15VS_setVoltageCBEPK6CommCB
 .text._ZN11Application19CM_getCalibrationCBEPK6CommCB
                0x0000000000000b16       0x8a Application.o
                0x0000000000000b16                _ZN11Application19CM_getCalibrationCBEPK6CommCB
 .text._ZN11Application19CM_setCalibrationCBEPK6CommCB
                0x0000000000000ba0       0xac Application.o
                0x0000000000000ba0                _ZN11Application19CM_setCalibrationCBEPK6CommCB
 .text._ZN11Application13VM_setRangeCBEPK6CommCB
                0x0000000000000c4c       0x38 Application.o
                0x0000000000000c4c                _ZN11Application13VM_setRangeCBEPK6CommCB
 .text._ZN11Application19VM_getCalibrationCBEPK6CommCB
                0x0000000000000c84       0x8a Application.o
                0x0000000000000c84                _ZN11Application19VM_getCalibrationCBEPK6CommCB
 .text._ZN11Application19VM_setCalibrationCBEPK6CommCB
                0x0000000000000d0e       0xac Application.o
                0x0000000000000d0e                _ZN11Application19VM_setCalibrationCBEPK6CommCB
 .text._ZN11Application27CS_loadDefaultCalibrationCBEPK6CommCB
                0x0000000000000dba       0x10 Application.o
                0x0000000000000dba                _ZN11Application27CS_loadDefaultCalibrationCBEPK6CommCB
 .text._ZN11Application27VS_loadDefaultCalibrationCBEPK6CommCB
                0x0000000000000dca       0x10 Application.o
                0x0000000000000dca                _ZN11Application27VS_loadDefaultCalibrationCBEPK6CommCB
 .text._ZN11Application27CM_loadDefaultCalibrationCBEPK6CommCB
                0x0000000000000dda       0x10 Application.o
                0x0000000000000dda                _ZN11Application27CM_loadDefaultCalibrationCBEPK6CommCB
 .text._ZN11Application27VM_loadDefaultCalibrationCBEPK6CommCB
                0x0000000000000dea       0x10 Application.o
                0x0000000000000dea                _ZN11Application27VM_loadDefaultCalibrationCBEPK6CommCB
 .text._ZN11Application18SystemConfig_GetCBEPK6CommCB
                0x0000000000000dfa       0x74 Application.o
                0x0000000000000dfa                _ZN11Application18SystemConfig_GetCBEPK6CommCB
 .text._ZN11Application18SystemConfig_SetCBEPK6CommCB
                0x0000000000000e6e       0xa6 Application.o
                0x0000000000000e6e                _ZN11Application18SystemConfig_SetCBEPK6CommCB
 .text._ZN11Application19SystemConfig_SaveCBEPK6CommCB
                0x0000000000000f14       0x10 Application.o
                0x0000000000000f14                _ZN11Application19SystemConfig_SaveCBEPK6CommCB
 .text._ZN11Application26SystemConfig_LoadDefaultCBEPK6CommCB
                0x0000000000000f24       0x10 Application.o
                0x0000000000000f24                _ZN11Application26SystemConfig_LoadDefaultCBEPK6CommCB
 .text._ZN11Application20VM2_getCalibrationCBEPK6CommCB
                0x0000000000000f34       0x9a Application.o
                0x0000000000000f34                _ZN11Application20VM2_getCalibrationCBEPK6CommCB
 .text._ZN11Application28VM2_loadDefaultCalibrationCBEPK6CommCB
                0x0000000000000fce       0x26 Application.o
                0x0000000000000fce                _ZN11Application28VM2_loadDefaultCalibrationCBEPK6CommCB
 .text._ZN11Application20VM2_setCalibrationCBEPK6CommCB
                0x0000000000000ff4       0xd4 Application.o
                0x0000000000000ff4                _ZN11Application20VM2_setCalibrationCBEPK6CommCB
 .text._ZN11Application10VM2_readCBEPK6CommCB
                0x00000000000010c8       0x7a Application.o
                0x00000000000010c8                _ZN11Application10VM2_readCBEPK6CommCB
 .text._ZN11Application14VM2_setRangeCBEPK6CommCB
                0x0000000000001142       0x7c Application.o
                0x0000000000001142                _ZN11Application14VM2_setRangeCBEPK6CommCB
 .text._ZN11Application18RM_readAutoscaleCBEPK6CommCB
                0x00000000000011be       0x6e Application.o
                0x00000000000011be                _ZN11Application18RM_readAutoscaleCBEPK6CommCB
 .text._ZN11Application9appCommCBEPvPKv
                0x000000000000122c       0x6a Application.o
                0x000000000000122c                _ZN11Application9appCommCBEPvPKv
 .text._ZN11Application15setSourceModeCBEPK6CommCB
                0x0000000000001296       0x68 Application.o
                0x0000000000001296                _ZN11Application15setSourceModeCBEPK6CommCB
 .text._ZN11Application9CM_readCBEPK6CommCB
                0x00000000000012fe      0x1e6 Application.o
                0x00000000000012fe                _ZN11Application9CM_readCBEPK6CommCB
 .text._ZN11Application9VM_readCBEPK6CommCB
                0x00000000000014e4      0x1e6 Application.o
                0x00000000000014e4                _ZN11Application9VM_readCBEPK6CommCB
 .text._ZN11Application21VM2_saveCalibrationCBEPK6CommCB
                0x00000000000016ca       0xa0 Application.o
                0x00000000000016ca                _ZN11Application21VM2_saveCalibrationCBEPK6CommCB
 .text._ZN11Application20VS_saveCalibrationCBEPK6CommCB
                0x000000000000176a       0x8a Application.o
                0x000000000000176a                _ZN11Application20VS_saveCalibrationCBEPK6CommCB
 .text._ZN11Application20CS_saveCalibrationCBEPK6CommCB
                0x00000000000017f4       0x8a Application.o
                0x00000000000017f4                _ZN11Application20CS_saveCalibrationCBEPK6CommCB
 .text._ZN11Application20CM_saveCalibrationCBEPK6CommCB
                0x000000000000187e       0x8a Application.o
                0x000000000000187e                _ZN11Application20CM_saveCalibrationCBEPK6CommCB
 .text._ZN11Application20VM_saveCalibrationCBEPK6CommCB
                0x0000000000001908       0x8a Application.o
                0x0000000000001908                _ZN11Application20VM_saveCalibrationCBEPK6CommCB
 .text._ZN11Application11show_bannerEv
                0x0000000000001992      0x140 Application.o
                0x0000000000001992                _ZN11Application11show_bannerEv
 .text._ZN11ApplicationC2Ev
                0x0000000000001ad2       0xba Application.o
                0x0000000000001ad2                _ZN11ApplicationC1Ev
                0x0000000000001ad2                _ZN11ApplicationC2Ev
 .text._ZN11Application9displayIVEbf8CM_Rangebf8VM_Range
                0x0000000000001b8c      0x270 Application.o
                0x0000000000001b8c                _ZN11Application9displayIVEbf8CM_Rangebf8VM_Range
 .text._ZN11Application5checkEv
                0x0000000000001dfc      0x122 Application.o
                0x0000000000001dfc                _ZN11Application5checkEv
 .text.startup.main
                0x0000000000001f1e       0x32 Application.o
                0x0000000000001f1e                main
 .text._ZNK19CS_CalibrationTable12find_currentEi
                0x0000000000001f50      0x2b4 Calibration.o
                0x0000000000001f50                _ZNK19CS_CalibrationTable12find_currentEi
 .text._ZNK19CS_CalibrationTable8find_dacEf
                0x0000000000002204      0x35a Calibration.o
                0x0000000000002204                _ZNK19CS_CalibrationTable8find_dacEf
 .text._ZNK19VS_CalibrationTable12find_voltageEi
                0x000000000000255e      0x2b4 Calibration.o
                0x000000000000255e                _ZNK19VS_CalibrationTable12find_voltageEi
 .text._ZNK19VS_CalibrationTable8find_dacEf
                0x0000000000002812      0x35a Calibration.o
                0x0000000000002812                _ZNK19VS_CalibrationTable8find_dacEf
 .text._ZNK19CM_CalibrationTable12find_currentEl
                0x0000000000002b6c      0x356 Calibration.o
                0x0000000000002b6c                _ZNK19CM_CalibrationTable12find_currentEl
 .text._ZNK19VM_CalibrationTable12find_voltageEl
                0x0000000000002ec2      0x356 Calibration.o
                0x0000000000002ec2                _ZNK19VM_CalibrationTable12find_voltageEl
 .text._ZN6AD773411synchronizeEv
                0x0000000000003218        0x2 CM.o
                0x0000000000003218                _ZN6AD773411synchronizeEv
 .text._ZN9AD7734_CM19initializeInterfaceEv
                0x000000000000321a        0x6 CM.o
                0x000000000000321a                _ZN9AD7734_CM19initializeInterfaceEv
 .text._ZN9AD7734_CM9selectLowEv
                0x0000000000003220        0x4 CM.o
                0x0000000000003220                _ZN9AD7734_CM9selectLowEv
 .text._ZN9AD7734_CM10selectHighEv
                0x0000000000003224        0x4 CM.o
                0x0000000000003224                _ZN9AD7734_CM10selectHighEv
 .text._ZN9AD7734_CM8resetLowEv
                0x0000000000003228        0x2 CM.o
                0x0000000000003228                _ZN9AD7734_CM8resetLowEv
 .text._ZN9AD7734_CM9resetHighEv
                0x000000000000322a        0x2 CM.o
                0x000000000000322a                _ZN9AD7734_CM9resetHighEv
 .text._ZN9AD7734_CM10data_readyEv
                0x000000000000322c        0xe CM.o
                0x000000000000322c                _ZN9AD7734_CM10data_readyEv
 .text._Z10toCM_Rangej
                0x000000000000323a       0x20 CM.o
                0x000000000000323a                _Z10toCM_Rangej
 .text._ZN2CM8setRangeE8CM_Range
                0x000000000000325a      0x146 CM.o
                0x000000000000325a                _ZN2CM8setRangeE8CM_Range
 .text._ZN2CM1_Ev
                0x00000000000033a0      0x11a CM.o
                0x00000000000033a0                _ZN2CM1_Ev
 .text._ZN2CM11readCurrentEj
                0x00000000000034ba      0x13a CM.o
                0x00000000000034ba                _ZN2CM11readCurrentEj
 .text._ZN2CM22fillDefaultCalibrationEv
                0x00000000000035f4       0xce CM.o
                0x00000000000035f4                _ZN2CM22fillDefaultCalibrationEv
 .text._ZN2CM14setCalibrationEjf
                0x00000000000036c2      0x160 CM.o
                0x00000000000036c2                _ZN2CM14setCalibrationEjf
 .text._ZN2CM15saveCalibrationEv
                0x0000000000003822       0x28 CM.o
                0x0000000000003822                _ZN2CM15saveCalibrationEv
 .text._ZN2CM5checkEv
                0x000000000000384a       0xb0 CM.o
                0x000000000000384a                _ZN2CM5checkEv
 .text._ZN2CM11readCurrentEv
                0x00000000000038fa       0x50 CM.o
                0x00000000000038fa                _ZN2CM11readCurrentEv
 .text._ZN9AD5542_CS9selectLowEv
                0x000000000000394a        0x4 CS.o
                0x000000000000394a                _ZN9AD5542_CS9selectLowEv
 .text._ZN9AD5542_CS10selectHighEv
                0x000000000000394e        0x4 CS.o
                0x000000000000394e                _ZN9AD5542_CS10selectHighEv
 .text._ZN9AD5542_CS19initializeInterfaceEv
                0x0000000000003952        0x4 CS.o
                0x0000000000003952                _ZN9AD5542_CS19initializeInterfaceEv
 .text._Z10toCS_Rangej
                0x0000000000003956       0x20 CS.o
                0x0000000000003956                _Z10toCS_Rangej
 .text._ZN2CS8activateEv
                0x0000000000003976      0x172 CS.o
                0x0000000000003976                _ZN2CS8activateEv
 .text._ZN2CS10deactivateEv
                0x0000000000003ae8        0x6 CS.o
                0x0000000000003ae8                _ZN2CS10deactivateEv
 .text._ZN2CS8setRangeE8CS_Range
                0x0000000000003aee      0x156 CS.o
                0x0000000000003aee                _ZN2CS8setRangeE8CS_Range
 .text._ZN2CSC2Ev
                0x0000000000003c44       0xf4 CS.o
                0x0000000000003c44                _ZN2CSC2Ev
                0x0000000000003c44                _ZN2CSC1Ev
 .text._ZN2CS1_Ev
                0x0000000000003d38       0x1c CS.o
                0x0000000000003d38                _ZN2CS1_Ev
 .text._ZN2CS10setCurrentEf
                0x0000000000003d54       0x44 CS.o
                0x0000000000003d54                _ZN2CS10setCurrentEf
 .text._ZN2CS22fillDefaultCalibrationEv
                0x0000000000003d98       0xa2 CS.o
                0x0000000000003d98                _ZN2CS22fillDefaultCalibrationEv
 .text._ZN2CS17verifyCalibrationEj
                0x0000000000003e3a       0x20 CS.o
                0x0000000000003e3a                _ZN2CS17verifyCalibrationEj
 .text._ZN2CS14setCalibrationEjf
                0x0000000000003e5a       0x1e CS.o
                0x0000000000003e5a                _ZN2CS14setCalibrationEjf
 .text._ZN2CS15saveCalibrationEv
                0x0000000000003e78       0x2c CS.o
                0x0000000000003e78                _ZN2CS15saveCalibrationEv
 .text._ZN4Comm5nopCBEPKvj
                0x0000000000003ea4        0x2 Comm.o
                0x0000000000003ea4                _ZN4Comm5nopCBEPKvj
 .text._ZN4Comm10identityCBEPKvj
                0x0000000000003ea6       0x14 Comm.o
                0x0000000000003ea6                _ZN4Comm10identityCBEPKvj
 .text._ZN4Comm20CS_saveCalibrationCBEPKvj
                0x0000000000003eba       0x1c Comm.o
                0x0000000000003eba                _ZN4Comm20CS_saveCalibrationCBEPKvj
 .text._ZN4Comm20VS_saveCalibrationCBEPKvj
                0x0000000000003ed6       0x1c Comm.o
                0x0000000000003ed6                _ZN4Comm20VS_saveCalibrationCBEPKvj
 .text._ZN4Comm20CM_saveCalibrationCBEPKvj
                0x0000000000003ef2       0x1c Comm.o
                0x0000000000003ef2                _ZN4Comm20CM_saveCalibrationCBEPKvj
 .text._ZN4Comm20VM_saveCalibrationCBEPKvj
                0x0000000000003f0e       0x1c Comm.o
                0x0000000000003f0e                _ZN4Comm20VM_saveCalibrationCBEPKvj
 .text._ZN4Comm27CS_loadDefaultCalibrationCBEPKvj
                0x0000000000003f2a       0x1c Comm.o
                0x0000000000003f2a                _ZN4Comm27CS_loadDefaultCalibrationCBEPKvj
 .text._ZN4Comm27VS_loadDefaultCalibrationCBEPKvj
                0x0000000000003f46       0x1c Comm.o
                0x0000000000003f46                _ZN4Comm27VS_loadDefaultCalibrationCBEPKvj
 .text._ZN4Comm27CM_loadDefaultCalibrationCBEPKvj
                0x0000000000003f62       0x1c Comm.o
                0x0000000000003f62                _ZN4Comm27CM_loadDefaultCalibrationCBEPKvj
 .text._ZN4Comm27VM_loadDefaultCalibrationCBEPKvj
                0x0000000000003f7e       0x1c Comm.o
                0x0000000000003f7e                _ZN4Comm27VM_loadDefaultCalibrationCBEPKvj
 .text._ZN4Comm19SystemConfig_SaveCBEPKvj
                0x0000000000003f9a       0x1c Comm.o
                0x0000000000003f9a                _ZN4Comm19SystemConfig_SaveCBEPKvj
 .text._ZN4Comm26SystemConfig_LoadDefaultCBEPKvj
                0x0000000000003fb6       0x1c Comm.o
                0x0000000000003fb6                _ZN4Comm26SystemConfig_LoadDefaultCBEPKvj
 .text._ZN4Comm21VM2_saveCalibrationCBEPKvj
                0x0000000000003fd2       0x1c Comm.o
                0x0000000000003fd2                _ZN4Comm21VM2_saveCalibrationCBEPKvj
 .text._ZN4Comm28VM2_loadDefaultCalibrationCBEPKvj
                0x0000000000003fee       0x1c Comm.o
                0x0000000000003fee                _ZN4Comm28VM2_loadDefaultCalibrationCBEPKvj
 .text._ZN4Comm15setSourceModeCBEPKvj
                0x000000000000400a       0x44 Comm.o
                0x000000000000400a                _ZN4Comm15setSourceModeCBEPKvj
 .text._ZN4Comm13CS_setRangeCBEPKvj
                0x000000000000404e       0x44 Comm.o
                0x000000000000404e                _ZN4Comm13CS_setRangeCBEPKvj
 .text._ZN4Comm19CS_getCalibrationCBEPKvj
                0x0000000000004092       0x26 Comm.o
                0x0000000000004092                _ZN4Comm19CS_getCalibrationCBEPKvj
 .text._ZN4Comm22CS_verifyCalibrationCBEPKvj
                0x00000000000040b8       0x26 Comm.o
                0x00000000000040b8                _ZN4Comm22CS_verifyCalibrationCBEPKvj
 .text._ZN4Comm13VS_setRangeCBEPKvj
                0x00000000000040de       0x44 Comm.o
                0x00000000000040de                _ZN4Comm13VS_setRangeCBEPKvj
 .text._ZN4Comm19VS_getCalibrationCBEPKvj
                0x0000000000004122       0x26 Comm.o
                0x0000000000004122                _ZN4Comm19VS_getCalibrationCBEPKvj
 .text._ZN4Comm22VS_verifyCalibrationCBEPKvj
                0x0000000000004148       0x26 Comm.o
                0x0000000000004148                _ZN4Comm22VS_verifyCalibrationCBEPKvj
 .text._ZN4Comm13CM_setRangeCBEPKvj
                0x000000000000416e       0x44 Comm.o
                0x000000000000416e                _ZN4Comm13CM_setRangeCBEPKvj
 .text._ZN4Comm19CM_getCalibrationCBEPKvj
                0x00000000000041b2       0x26 Comm.o
                0x00000000000041b2                _ZN4Comm19CM_getCalibrationCBEPKvj
 .text._ZN4Comm9CM_readCBEPKvj
                0x00000000000041d8       0x26 Comm.o
                0x00000000000041d8                _ZN4Comm9CM_readCBEPKvj
 .text._ZN4Comm13VM_setRangeCBEPKvj
                0x00000000000041fe       0x44 Comm.o
                0x00000000000041fe                _ZN4Comm13VM_setRangeCBEPKvj
 .text._ZN4Comm19VM_getCalibrationCBEPKvj
                0x0000000000004242       0x26 Comm.o
                0x0000000000004242                _ZN4Comm19VM_getCalibrationCBEPKvj
 .text._ZN4Comm9VM_readCBEPKvj
                0x0000000000004268       0x26 Comm.o
                0x0000000000004268                _ZN4Comm9VM_readCBEPKvj
 .text._ZN4Comm18RM_readAutoscaleCBEPKvj
                0x000000000000428e       0x26 Comm.o
                0x000000000000428e                _ZN4Comm18RM_readAutoscaleCBEPKvj
 .text._ZN4Comm14VM2_setRangeCBEPKvj
                0x00000000000042b4       0x28 Comm.o
                0x00000000000042b4                _ZN4Comm14VM2_setRangeCBEPKvj
 .text._ZN4Comm20VM2_getCalibrationCBEPKvj
                0x00000000000042dc       0x26 Comm.o
                0x00000000000042dc                _ZN4Comm20VM2_getCalibrationCBEPKvj
 .text._ZN4Comm10VM2_readCBEPKvj
                0x0000000000004302       0x26 Comm.o
                0x0000000000004302                _ZN4Comm10VM2_readCBEPKvj
 .text._ZN4Comm19CS_setCalibrationCBEPKvj
                0x0000000000004328       0x4a Comm.o
                0x0000000000004328                _ZN4Comm19CS_setCalibrationCBEPKvj
 .text._ZN4Comm15CS_setCurrentCBEPKvj
                0x0000000000004372       0x42 Comm.o
                0x0000000000004372                _ZN4Comm15CS_setCurrentCBEPKvj
 .text._ZN4Comm19VS_setCalibrationCBEPKvj
                0x00000000000043b4       0x4a Comm.o
                0x00000000000043b4                _ZN4Comm19VS_setCalibrationCBEPKvj
 .text._ZN4Comm15VS_setVoltageCBEPKvj
                0x00000000000043fe       0x42 Comm.o
                0x00000000000043fe                _ZN4Comm15VS_setVoltageCBEPKvj
 .text._ZN4Comm19CM_setCalibrationCBEPKvj
                0x0000000000004440       0x4a Comm.o
                0x0000000000004440                _ZN4Comm19CM_setCalibrationCBEPKvj
 .text._ZN4Comm19VM_setCalibrationCBEPKvj
                0x000000000000448a       0x4a Comm.o
                0x000000000000448a                _ZN4Comm19VM_setCalibrationCBEPKvj
 .text._ZN4Comm20VM2_setCalibrationCBEPKvj
                0x00000000000044d4       0x4a Comm.o
                0x00000000000044d4                _ZN4Comm20VM2_setCalibrationCBEPKvj
 .text._ZN4Comm18SystemConfig_GetCBEPKvj
                0x000000000000451e       0x26 Comm.o
                0x000000000000451e                _ZN4Comm18SystemConfig_GetCBEPKvj
 .text._ZN4Comm18SystemConfig_SetCBEPKvj
                0x0000000000004544       0x2e Comm.o
                0x0000000000004544                _ZN4Comm18SystemConfig_SetCBEPKvj
 .text._ZN4Comm5checkEv
                0x0000000000004572       0xde Comm.o
                0x0000000000004572                _ZN4Comm5checkEv
 .text._ZN4Comm6syncCBEPKvj
                0x0000000000004650       0x6e Comm.o
                0x0000000000004650                _ZN4Comm6syncCBEPKvj
 .text._Z15toComm_CS_Rangej
                0x00000000000046be       0x20 Comm.o
                0x00000000000046be                _Z15toComm_CS_Rangej
 .text._Z15toComm_VS_Rangej
                0x00000000000046de       0x20 Comm.o
                0x00000000000046de                _Z15toComm_VS_Rangej
 .text._Z15toComm_CM_Rangej
                0x00000000000046fe       0x20 Comm.o
                0x00000000000046fe                _Z15toComm_CM_Rangej
 .text._Z15toComm_VM_Rangej
                0x000000000000471e       0x20 Comm.o
                0x000000000000471e                _Z15toComm_VM_Rangej
 .text._Z16toComm_VM2_Rangej
                0x000000000000473e        0xa Comm.o
                0x000000000000473e                _Z16toComm_VM2_Rangej
 .text._ZN4Comm1_Ev
                0x0000000000004748       0x40 Comm.o
                0x0000000000004748                _ZN4Comm1_Ev
 .text._ZN4Comm16transmitIdentityEPKcmm
                0x0000000000004788       0xb4 Comm.o
                0x0000000000004788                _ZN4Comm16transmitIdentityEPKcmm
 .text._ZN4Comm18transmitSourceModeE15Comm_SourceMode
                0x000000000000483c       0x5e Comm.o
                0x000000000000483c                _ZN4Comm18transmitSourceModeE15Comm_SourceMode
 .text._ZN4Comm20transmit_CS_setRangeE13Comm_CS_Range
                0x000000000000489a       0x5e Comm.o
                0x000000000000489a                _ZN4Comm20transmit_CS_setRangeE13Comm_CS_Range
 .text._ZN4Comm26transmit_CS_getCalibrationEjif
                0x00000000000048f8       0xc6 Comm.o
                0x00000000000048f8                _ZN4Comm26transmit_CS_getCalibrationEjif
 .text._ZN4Comm29transmit_CS_verifyCalibrationEjif
                0x00000000000049be       0xc6 Comm.o
                0x00000000000049be                _ZN4Comm29transmit_CS_verifyCalibrationEjif
 .text._ZN4Comm26transmit_CS_setCalibrationEjif
                0x0000000000004a84       0xc6 Comm.o
                0x0000000000004a84                _ZN4Comm26transmit_CS_setCalibrationEjif
 .text._ZN4Comm27transmit_CS_saveCalibrationEv
                0x0000000000004b4a       0x52 Comm.o
                0x0000000000004b4a                _ZN4Comm27transmit_CS_saveCalibrationEv
 .text._ZN4Comm22transmit_CS_setCurrentEf
                0x0000000000004b9c       0x88 Comm.o
                0x0000000000004b9c                _ZN4Comm22transmit_CS_setCurrentEf
 .text._ZN4Comm20transmit_VS_setRangeE13Comm_VS_Range
                0x0000000000004c24       0x5e Comm.o
                0x0000000000004c24                _ZN4Comm20transmit_VS_setRangeE13Comm_VS_Range
 .text._ZN4Comm26transmit_VS_getCalibrationEjif
                0x0000000000004c82       0xc6 Comm.o
                0x0000000000004c82                _ZN4Comm26transmit_VS_getCalibrationEjif
 .text._ZN4Comm29transmit_VS_verifyCalibrationEjif
                0x0000000000004d48       0xc6 Comm.o
                0x0000000000004d48                _ZN4Comm29transmit_VS_verifyCalibrationEjif
 .text._ZN4Comm26transmit_VS_setCalibrationEjif
                0x0000000000004e0e       0xc6 Comm.o
                0x0000000000004e0e                _ZN4Comm26transmit_VS_setCalibrationEjif
 .text._ZN4Comm27transmit_VS_saveCalibrationEv
                0x0000000000004ed4       0x52 Comm.o
                0x0000000000004ed4                _ZN4Comm27transmit_VS_saveCalibrationEv
 .text._ZN4Comm22transmit_VS_setVoltageEf
                0x0000000000004f26       0x88 Comm.o
                0x0000000000004f26                _ZN4Comm22transmit_VS_setVoltageEf
 .text._ZN4Comm20transmit_CM_setRangeE13Comm_CM_Range
                0x0000000000004fae       0x5e Comm.o
                0x0000000000004fae                _ZN4Comm20transmit_CM_setRangeE13Comm_CM_Range
 .text._ZN4Comm26transmit_CM_getCalibrationEjlf
                0x000000000000500c       0xb6 Comm.o
                0x000000000000500c                _ZN4Comm26transmit_CM_getCalibrationEjlf
 .text._ZN4Comm26transmit_CM_setCalibrationEjlf
                0x00000000000050c2       0xb6 Comm.o
                0x00000000000050c2                _ZN4Comm26transmit_CM_setCalibrationEjlf
 .text._ZN4Comm27transmit_CM_saveCalibrationEv
                0x0000000000005178       0x52 Comm.o
                0x0000000000005178                _ZN4Comm27transmit_CM_saveCalibrationEv
 .text._ZN4Comm16transmit_CM_readEf
                0x00000000000051ca       0x88 Comm.o
                0x00000000000051ca                _ZN4Comm16transmit_CM_readEf
 .text._ZN4Comm20transmit_VM_setRangeE13Comm_VM_Range
                0x0000000000005252       0x5e Comm.o
                0x0000000000005252                _ZN4Comm20transmit_VM_setRangeE13Comm_VM_Range
 .text._ZN4Comm26transmit_VM_getCalibrationEjlf
                0x00000000000052b0       0xb6 Comm.o
                0x00000000000052b0                _ZN4Comm26transmit_VM_getCalibrationEjlf
 .text._ZN4Comm26transmit_VM_setCalibrationEjlf
                0x0000000000005366       0xb6 Comm.o
                0x0000000000005366                _ZN4Comm26transmit_VM_setCalibrationEjlf
 .text._ZN4Comm27transmit_VM_saveCalibrationEv
                0x000000000000541c       0x52 Comm.o
                0x000000000000541c                _ZN4Comm27transmit_VM_saveCalibrationEv
 .text._ZN4Comm16transmit_VM_readEf
                0x000000000000546e       0x88 Comm.o
                0x000000000000546e                _ZN4Comm16transmit_VM_readEf
 .text._ZN4Comm34transmit_CS_loadDefaultCalibrationEv
                0x00000000000054f6       0x52 Comm.o
                0x00000000000054f6                _ZN4Comm34transmit_CS_loadDefaultCalibrationEv
 .text._ZN4Comm34transmit_VS_loadDefaultCalibrationEv
                0x0000000000005548       0x52 Comm.o
                0x0000000000005548                _ZN4Comm34transmit_VS_loadDefaultCalibrationEv
 .text._ZN4Comm34transmit_CM_loadDefaultCalibrationEv
                0x000000000000559a       0x52 Comm.o
                0x000000000000559a                _ZN4Comm34transmit_CM_loadDefaultCalibrationEv
 .text._ZN4Comm34transmit_VM_loadDefaultCalibrationEv
                0x00000000000055ec       0x52 Comm.o
                0x00000000000055ec                _ZN4Comm34transmit_VM_loadDefaultCalibrationEv
 .text._ZN4Comm25transmit_RM_readAutoscaleEf
                0x000000000000563e       0x88 Comm.o
                0x000000000000563e                _ZN4Comm25transmit_RM_readAutoscaleEf
 .text._ZN4Comm25transmit_SystemConfig_GetEji
                0x00000000000056c6       0x7c Comm.o
                0x00000000000056c6                _ZN4Comm25transmit_SystemConfig_GetEji
 .text._ZN4Comm25transmit_SystemConfig_SetEji
                0x0000000000005742       0x7c Comm.o
                0x0000000000005742                _ZN4Comm25transmit_SystemConfig_SetEji
 .text._ZN4Comm26transmit_SystemConfig_SaveEv
                0x00000000000057be       0x52 Comm.o
                0x00000000000057be                _ZN4Comm26transmit_SystemConfig_SaveEv
 .text._ZN4Comm33transmit_SystemConfig_LoadDefaultEv
                0x0000000000005810       0x52 Comm.o
                0x0000000000005810                _ZN4Comm33transmit_SystemConfig_LoadDefaultEv
 .text._ZN4Comm21transmit_VM2_setRangeE14Comm_VM2_Range
                0x0000000000005862       0x5e Comm.o
                0x0000000000005862                _ZN4Comm21transmit_VM2_setRangeE14Comm_VM2_Range
 .text._ZN4Comm27transmit_VM2_getCalibrationEjlf
                0x00000000000058c0       0xb6 Comm.o
                0x00000000000058c0                _ZN4Comm27transmit_VM2_getCalibrationEjlf
 .text._ZN4Comm27transmit_VM2_setCalibrationEjlf
                0x0000000000005976       0xb6 Comm.o
                0x0000000000005976                _ZN4Comm27transmit_VM2_setCalibrationEjlf
 .text._ZN4Comm28transmit_VM2_saveCalibrationEv
                0x0000000000005a2c       0x52 Comm.o
                0x0000000000005a2c                _ZN4Comm28transmit_VM2_saveCalibrationEv
 .text._ZN4Comm17transmit_VM2_readEf
                0x0000000000005a7e       0x88 Comm.o
                0x0000000000005a7e                _ZN4Comm17transmit_VM2_readEf
 .text._ZN4Comm35transmit_VM2_loadDefaultCalibrationEv
                0x0000000000005b06       0x52 Comm.o
                0x0000000000005b06                _ZN4Comm35transmit_VM2_loadDefaultCalibrationEv
 .text._Z19toStorage_CS_FileNo8CS_Range
                0x0000000000005b58       0x20 Storage.o
                0x0000000000005b58                _Z19toStorage_CS_FileNo8CS_Range
 .text._Z19toStorage_VS_FileNo8VS_Range
                0x0000000000005b78       0x20 Storage.o
                0x0000000000005b78                _Z19toStorage_VS_FileNo8VS_Range
 .text._Z19toStorage_CM_FileNo8CM_Range
                0x0000000000005b98       0x20 Storage.o
                0x0000000000005b98                _Z19toStorage_CM_FileNo8CM_Range
 .text._Z19toStorage_VM_FileNo8VM_Range
                0x0000000000005bb8       0x20 Storage.o
                0x0000000000005bb8                _Z19toStorage_VM_FileNo8VM_Range
 .text._Z20toStorage_VM2_FileNo9VM2_Range
                0x0000000000005bd8        0xa Storage.o
                0x0000000000005bd8                _Z20toStorage_VM2_FileNo9VM2_Range
 .text._ZN7Storage1_Ev
                0x0000000000005be2       0x24 Storage.o
                0x0000000000005be2                _ZN7Storage1_Ev
 .text._ZN9AD7734_VM19initializeInterfaceEv
                0x0000000000005c06        0x6 VM.o
                0x0000000000005c06                _ZN9AD7734_VM19initializeInterfaceEv
 .text._ZN9AD7734_VM9selectLowEv
                0x0000000000005c0c        0x4 VM.o
                0x0000000000005c0c                _ZN9AD7734_VM9selectLowEv
 .text._ZN9AD7734_VM10selectHighEv
                0x0000000000005c10        0x4 VM.o
                0x0000000000005c10                _ZN9AD7734_VM10selectHighEv
 .text._ZN9AD7734_VM8resetLowEv
                0x0000000000005c14        0x2 VM.o
                0x0000000000005c14                _ZN9AD7734_VM8resetLowEv
 .text._ZN9AD7734_VM9resetHighEv
                0x0000000000005c16        0x2 VM.o
                0x0000000000005c16                _ZN9AD7734_VM9resetHighEv
 .text._ZN9AD7734_VM10data_readyEv
                0x0000000000005c18        0xe VM.o
                0x0000000000005c18                _ZN9AD7734_VM10data_readyEv
 .text._Z10toVM_Rangej
                0x0000000000005c26       0x20 VM.o
                0x0000000000005c26                _Z10toVM_Rangej
 .text._ZN2VM8setRangeE8VM_Range
                0x0000000000005c46      0x146 VM.o
                0x0000000000005c46                _ZN2VM8setRangeE8VM_Range
 .text._ZN2VM1_Ev
                0x0000000000005d8c      0x12a VM.o
                0x0000000000005d8c                _ZN2VM1_Ev
 .text._ZN2VM11readVoltageEj
                0x0000000000005eb6       0xb8 VM.o
                0x0000000000005eb6                _ZN2VM11readVoltageEj
 .text._ZN2VM22fillDefaultCalibrationEv
                0x0000000000005f6e       0xce VM.o
                0x0000000000005f6e                _ZN2VM22fillDefaultCalibrationEv
 .text._ZN2VM14setCalibrationEjf
                0x000000000000603c       0xc2 VM.o
                0x000000000000603c                _ZN2VM14setCalibrationEjf
 .text._ZN2VM15saveCalibrationEv
                0x00000000000060fe       0x28 VM.o
                0x00000000000060fe                _ZN2VM15saveCalibrationEv
 .text._ZN2VM5checkEv
                0x0000000000006126       0x1e VM.o
                0x0000000000006126                _ZN2VM5checkEv
 .text._ZN2VM11readVoltageEv
                0x0000000000006144       0x50 VM.o
                0x0000000000006144                _ZN2VM11readVoltageEv
 .text._ZN10AD7734_VM219initializeInterfaceEv
                0x0000000000006194        0x6 VM2.o
                0x0000000000006194                _ZN10AD7734_VM219initializeInterfaceEv
 .text._ZN10AD7734_VM29selectLowEv
                0x000000000000619a        0x4 VM2.o
                0x000000000000619a                _ZN10AD7734_VM29selectLowEv
 .text._ZN10AD7734_VM210selectHighEv
                0x000000000000619e        0x4 VM2.o
                0x000000000000619e                _ZN10AD7734_VM210selectHighEv
 .text._ZN10AD7734_VM28resetLowEv
                0x00000000000061a2        0x2 VM2.o
                0x00000000000061a2                _ZN10AD7734_VM28resetLowEv
 .text._ZN10AD7734_VM29resetHighEv
                0x00000000000061a4        0x2 VM2.o
                0x00000000000061a4                _ZN10AD7734_VM29resetHighEv
 .text._ZN10AD7734_VM210data_readyEv
                0x00000000000061a6        0xe VM2.o
                0x00000000000061a6                _ZN10AD7734_VM210data_readyEv
 .text._Z11toVM2_Rangej
                0x00000000000061b4        0xa VM2.o
                0x00000000000061b4                _Z11toVM2_Rangej
 .text._ZN3VM2C2Ev
                0x00000000000061be      0x196 VM2.o
                0x00000000000061be                _ZN3VM2C1Ev
                0x00000000000061be                _ZN3VM2C2Ev
 .text._ZN3VM28setRangeE9VM2_Range
                0x0000000000006354      0x13e VM2.o
                0x0000000000006354                _ZN3VM28setRangeE9VM2_Range
 .text._ZN3VM214setCalibrationEjf
                0x0000000000006492       0xb2 VM2.o
                0x0000000000006492                _ZN3VM214setCalibrationEjf
 .text._ZN3VM215saveCalibrationEv
                0x0000000000006544       0x2c VM2.o
                0x0000000000006544                _ZN3VM215saveCalibrationEv
 .text._ZN3VM222fillDefaultCalibrationEv
                0x0000000000006570       0xce VM2.o
                0x0000000000006570                _ZN3VM222fillDefaultCalibrationEv
 .text._ZN3VM211readVoltageEj
                0x000000000000663e       0x78 VM2.o
                0x000000000000663e                _ZN3VM211readVoltageEj
 .text._ZN9AD5542_VS9selectLowEv
                0x00000000000066b6        0x4 VS.o
                0x00000000000066b6                _ZN9AD5542_VS9selectLowEv
 .text._ZN9AD5542_VS10selectHighEv
                0x00000000000066ba        0x4 VS.o
                0x00000000000066ba                _ZN9AD5542_VS10selectHighEv
 .text._ZN9AD5542_VS19initializeInterfaceEv
                0x00000000000066be        0x4 VS.o
                0x00000000000066be                _ZN9AD5542_VS19initializeInterfaceEv
 .text._Z10toVS_Rangej
                0x00000000000066c2       0x20 VS.o
                0x00000000000066c2                _Z10toVS_Rangej
 .text._ZN2VS10deactivateEv
                0x00000000000066e2        0x6 VS.o
                0x00000000000066e2                _ZN2VS10deactivateEv
 .text._ZN2VS8setRangeE8VS_Range
                0x00000000000066e8      0x138 VS.o
                0x00000000000066e8                _ZN2VS8setRangeE8VS_Range
 .text._ZN2VSC2Ev
                0x0000000000006820       0xf0 VS.o
                0x0000000000006820                _ZN2VSC1Ev
                0x0000000000006820                _ZN2VSC2Ev
 .text._ZN2VS1_Ev
                0x0000000000006910       0x1c VS.o
                0x0000000000006910                _ZN2VS1_Ev
 .text._ZN2VS8activateEv
                0x000000000000692c       0x70 VS.o
                0x000000000000692c                _ZN2VS8activateEv
 .text._ZN2VS10setVoltageEf
                0x000000000000699c       0x44 VS.o
                0x000000000000699c                _ZN2VS10setVoltageEf
 .text._ZN2VS22fillDefaultCalibrationEv
                0x00000000000069e0       0xa2 VS.o
                0x00000000000069e0                _ZN2VS22fillDefaultCalibrationEv
 .text._ZN2VS17verifyCalibrationEj
                0x0000000000006a82       0x20 VS.o
                0x0000000000006a82                _ZN2VS17verifyCalibrationEj
 .text._ZN2VS14setCalibrationEjf
                0x0000000000006aa2       0x1e VS.o
                0x0000000000006aa2                _ZN2VS14setCalibrationEjf
 .text._ZN2VS15saveCalibrationEv
                0x0000000000006ac0       0x2c VS.o
                0x0000000000006ac0                _ZN2VS15saveCalibrationEv
 .text._ZN11LED_Display1_Ev
                0x0000000000006aec       0x20 LEDDisplay.o
                0x0000000000006aec                _ZN11LED_Display1_Ev
 .text._ZN11LED_Display11CS_activateEv
                0x0000000000006b0c        0x4 LEDDisplay.o
                0x0000000000006b0c                _ZN11LED_Display11CS_activateEv
 .text._ZN11LED_Display13CS_deactivateEv
                0x0000000000006b10        0x4 LEDDisplay.o
                0x0000000000006b10                _ZN11LED_Display13CS_deactivateEv
 .text._ZN11LED_Display11VS_activateEv
                0x0000000000006b14        0x4 LEDDisplay.o
                0x0000000000006b14                _ZN11LED_Display11VS_activateEv
 .text._ZN11LED_Display13VS_deactivateEv
                0x0000000000006b18        0x4 LEDDisplay.o
                0x0000000000006b18                _ZN11LED_Display13VS_deactivateEv
 .text._ZN11LED_Display11VM_activateEv
                0x0000000000006b1c        0x4 LEDDisplay.o
                0x0000000000006b1c                _ZN11LED_Display11VM_activateEv
 .text._ZN11LED_Display13VM_deactivateEv
                0x0000000000006b20        0x4 LEDDisplay.o
                0x0000000000006b20                _ZN11LED_Display13VM_deactivateEv
 .text._ZN2RM1_Ev
                0x0000000000006b24       0x20 RM.o
                0x0000000000006b24                _ZN2RM1_Ev
 .text._ZN2RM8range_okE8RM_Rangej
                0x0000000000006b44      0x13a RM.o
                0x0000000000006b44                _ZN2RM8range_okE8RM_Rangej
 .text._ZN2RM14readResistanceE8RM_Rangej
                0x0000000000006c7e      0x172 RM.o
                0x0000000000006c7e                _ZN2RM14readResistanceE8RM_Rangej
 .text._ZN2RM14readResistanceEj
                0x0000000000006df0       0x9e RM.o
                0x0000000000006df0                _ZN2RM14readResistanceEj
 .text._ZN12SystemConfig1_Ev
                0x0000000000006e8e       0xb0 SystemConfig.o
                0x0000000000006e8e                _ZN12SystemConfig1_Ev
 .text._ZN12SystemConfig5writeEv
                0x0000000000006f3e       0x18 SystemConfig.o
                0x0000000000006f3e                _ZN12SystemConfig5writeEv
 .text._ZN12SystemConfig11fillDefaultEv
                0x0000000000006f56       0x44 SystemConfig.o
                0x0000000000006f56                _ZN12SystemConfig11fillDefaultEv
 .text._ZN6Applet5checkEv
                0x0000000000006f9a        0x2 ../../../code/sys/src/libsys.a(Applet.o)
                0x0000000000006f9a                _ZN6Applet5checkEv
 .text._ZN6Applet16default_callbackEPvPKv
                0x0000000000006f9c        0x2 ../../../code/sys/src/libsys.a(Applet.o)
                0x0000000000006f9c                _ZN6Applet16default_callbackEPvPKv
 .text._ZN6Applet3runEv
                0x0000000000006f9e       0x2c ../../../code/sys/src/libsys.a(Applet.o)
                0x0000000000006f9e                _ZN6Applet3runEv
 .text._ZN6AppletC2Ev
                0x0000000000006fca       0x34 ../../../code/sys/src/libsys.a(Applet.o)
                0x0000000000006fca                _ZN6AppletC1Ev
                0x0000000000006fca                _ZN6AppletC2Ev
 .text._ZN6Applet8callbackEPFvPvPKvES0_
                0x0000000000006ffe        0xc ../../../code/sys/src/libsys.a(Applet.o)
                0x0000000000006ffe                _ZN6Applet8callbackEPFvPvPKvES0_
 .text._ZN6Applet11do_callbackEPKv
                0x000000000000700a       0x14 ../../../code/sys/src/libsys.a(Applet.o)
                0x000000000000700a                _ZN6Applet11do_callbackEPKv
 .text.startup._GLOBAL__sub_I__ZN6Applet6first_E
                0x000000000000701e        0xe ../../../code/sys/src/libsys.a(Applet.o)
 .text._ZN3LCD1_Ev
                0x000000000000702c      0x1c8 ../../../code/sys/src/libsys.a(LCD.o)
                0x000000000000702c                _ZN3LCD1_Ev
 .text._ZN3LCD8cursorAtEhh
                0x00000000000071f4       0x48 ../../../code/sys/src/libsys.a(LCD.o)
                0x00000000000071f4                _ZN3LCD8cursorAtEhh
 .text._ZNK3LCD8fmtflagsEv
                0x000000000000723c        0x4 ../../../code/sys/src/libsys.a(LCD.o)
                0x000000000000723c                _ZNK3LCD8fmtflagsEv
 .text._ZN3LCD8fmtflagsERK12LCD_FmtFlags
                0x0000000000007240       0x12 ../../../code/sys/src/libsys.a(LCD.o)
                0x0000000000007240                _ZN3LCD8fmtflagsERK12LCD_FmtFlags
 .text._ZN3LCDlsEPKc
                0x0000000000007252      0x18e ../../../code/sys/src/libsys.a(LCD.o)
                0x0000000000007252                _ZN3LCDlsEPKc
 .text._ZN3LCDlsEm
                0x00000000000073e0      0x1e4 ../../../code/sys/src/libsys.a(LCD.o)
                0x00000000000073e0                _ZN3LCDlsEm
 .text._ZN3LCDlsEf
                0x00000000000075c4      0x230 ../../../code/sys/src/libsys.a(LCD.o)
                0x00000000000075c4                _ZN3LCDlsEf
 .text._ZN3LCDlsEPFRS_S0_E
                0x00000000000077f4        0x4 ../../../code/sys/src/libsys.a(LCD.o)
                0x00000000000077f4                _ZN3LCDlsEPFRS_S0_E
 .text._Z7showposR3LCD
                0x00000000000077f8       0x48 ../../../code/sys/src/libsys.a(LCD.o)
                0x00000000000077f8                _Z7showposR3LCD
 .text._Z8zerofillR3LCD
                0x0000000000007840       0x48 ../../../code/sys/src/libsys.a(LCD.o)
                0x0000000000007840                _Z8zerofillR3LCD
 .text._Z4leftR3LCD
                0x0000000000007888       0x48 ../../../code/sys/src/libsys.a(LCD.o)
                0x0000000000007888                _Z4leftR3LCD
 .text._Z5rightR3LCD
                0x00000000000078d0       0x46 ../../../code/sys/src/libsys.a(LCD.o)
                0x00000000000078d0                _Z5rightR3LCD
 .text._Z4setwh
                0x0000000000007916        0x2 ../../../code/sys/src/libsys.a(LCD.o)
                0x0000000000007916                _Z4setwh
 .text._Z12setprecisionh
                0x0000000000007918        0x2 ../../../code/sys/src/libsys.a(LCD.o)
                0x0000000000007918                _Z12setprecisionh
 .text._ZlsR3LCDRK8LCD_SetW
                0x000000000000791a       0x4a ../../../code/sys/src/libsys.a(LCD.o)
                0x000000000000791a                _ZlsR3LCDRK8LCD_SetW
 .text._ZlsR3LCDRK16LCD_SetPrecision
                0x0000000000007964       0x4a ../../../code/sys/src/libsys.a(LCD.o)
                0x0000000000007964                _ZlsR3LCDRK16LCD_SetPrecision
 .text._ZN12QP4_Receiver15setStateIdle_cbEv
                0x00000000000079ae        0x2 ../../../code/sys/src/libsys.a(QP4.o)
                0x00000000000079ae                _ZN12QP4_Receiver15setStateIdle_cbEv
 .text._ZN12QP4_Receiver15setStateSize_cbEv
                0x00000000000079b0        0xc ../../../code/sys/src/libsys.a(QP4.o)
                0x00000000000079b0                _ZN12QP4_Receiver15setStateSize_cbEv
 .text._ZN12QP4_Receiver19setStateChecksum_cbEv
                0x00000000000079bc        0xc ../../../code/sys/src/libsys.a(QP4.o)
                0x00000000000079bc                _ZN12QP4_Receiver19setStateChecksum_cbEv
 .text._ZN12QP4_Receiver15setStateData_cbEv
                0x00000000000079c8        0xc ../../../code/sys/src/libsys.a(QP4.o)
                0x00000000000079c8                _ZN12QP4_Receiver15setStateData_cbEv
 .text._ZN12QP4_Receiver7idle_cbEh
                0x00000000000079d4        0x2 ../../../code/sys/src/libsys.a(QP4.o)
                0x00000000000079d4                _ZN12QP4_Receiver7idle_cbEh
 .text._ZN12QP4_Receiver7data_cbEh
                0x00000000000079d6       0xba ../../../code/sys/src/libsys.a(QP4.o)
                0x00000000000079d6                _ZN12QP4_Receiver7data_cbEh
 .text._ZN12QP4_Receiver7size_cbEh
                0x0000000000007a90       0xc8 ../../../code/sys/src/libsys.a(QP4.o)
                0x0000000000007a90                _ZN12QP4_Receiver7size_cbEh
 .text._ZN12QP4_Receiver11checksum_cbEh
                0x0000000000007b58       0xbe ../../../code/sys/src/libsys.a(QP4.o)
                0x0000000000007b58                _ZN12QP4_Receiver11checksum_cbEh
 .text._ZN10QP4_Packet4sealEv
                0x0000000000007c16       0x3e ../../../code/sys/src/libsys.a(QP4.o)
                0x0000000000007c16                _ZN10QP4_Packet4sealEv
 .text._ZN15QP4_Transmitter12alloc_packetEj
                0x0000000000007c54       0x2a ../../../code/sys/src/libsys.a(QP4.o)
                0x0000000000007c54                _ZN15QP4_Transmitter12alloc_packetEj
 .text._ZN15QP4_Transmitter11free_packetEP10QP4_Packet
                0x0000000000007c7e        0x2 ../../../code/sys/src/libsys.a(QP4.o)
                0x0000000000007c7e                _ZN15QP4_Transmitter11free_packetEP10QP4_Packet
 .text._ZN12QP4_ReceiverC2Ev
                0x0000000000007c80       0x28 ../../../code/sys/src/libsys.a(QP4.o)
                0x0000000000007c80                _ZN12QP4_ReceiverC1Ev
                0x0000000000007c80                _ZN12QP4_ReceiverC2Ev
 .text._ZN12QP4_Receiver5clearEv
                0x0000000000007ca8       0x28 ../../../code/sys/src/libsys.a(QP4.o)
                0x0000000000007ca8                _ZN12QP4_Receiver5clearEv
 .text._ZN12QP4_Receiver9push_backEh
                0x0000000000007cd0      0x148 ../../../code/sys/src/libsys.a(QP4.o)
                0x0000000000007cd0                _ZN12QP4_Receiver9push_backEh
 .text._ZN7PCA9557C2Eh
                0x0000000000007e18        0x6 ../../../code/sys/src/libsys.a(PCA9557.o)
                0x0000000000007e18                _ZN7PCA9557C1Eh
                0x0000000000007e18                _ZN7PCA9557C2Eh
 .text._ZN7PCA955723writeOutputPortRegisterEh
                0x0000000000007e1e       0x3c ../../../code/sys/src/libsys.a(PCA9557.o)
                0x0000000000007e1e                _ZN7PCA955723writeOutputPortRegisterEh
 .text._ZNK7PCA955722readOutputPortRegisterEv
                0x0000000000007e5a       0x58 ../../../code/sys/src/libsys.a(PCA9557.o)
                0x0000000000007e5a                _ZNK7PCA955722readOutputPortRegisterEv
 .text._ZNK7PCA955714getPinPolarityEv
                0x0000000000007eb2       0x58 ../../../code/sys/src/libsys.a(PCA9557.o)
                0x0000000000007eb2                _ZNK7PCA955714getPinPolarityEv
 .text._ZN7PCA955714setPinPolarityEh
                0x0000000000007f0a       0x3c ../../../code/sys/src/libsys.a(PCA9557.o)
                0x0000000000007f0a                _ZN7PCA955714setPinPolarityEh
 .text._ZNK7PCA955715getPinDirectionEv
                0x0000000000007f46       0x58 ../../../code/sys/src/libsys.a(PCA9557.o)
                0x0000000000007f46                _ZNK7PCA955715getPinDirectionEv
 .text._ZN7PCA955715setPinDirectionEh
                0x0000000000007f9e       0x3c ../../../code/sys/src/libsys.a(PCA9557.o)
                0x0000000000007f9e                _ZN7PCA955715setPinDirectionEh
 .text._ZN6AD55429selectLowEv
                0x0000000000007fda        0x2 ../../../code/sys/src/libsys.a(AD5542.o)
                0x0000000000007fda                _ZN6AD55429selectLowEv
 .text._ZN6AD554210selectHighEv
                0x0000000000007fdc        0x2 ../../../code/sys/src/libsys.a(AD5542.o)
                0x0000000000007fdc                _ZN6AD554210selectHighEv
 .text._ZN6AD554219initializeInterfaceEv
                0x0000000000007fde        0x2 ../../../code/sys/src/libsys.a(AD5542.o)
                0x0000000000007fde                _ZN6AD554219initializeInterfaceEv
 .text._ZN6AD5542C2Ev
                0x0000000000007fe0       0x3a ../../../code/sys/src/libsys.a(AD5542.o)
                0x0000000000007fe0                _ZN6AD5542C2Ev
                0x0000000000007fe0                _ZN6AD5542C1Ev
 .text._ZN6AD554210initializeEv
                0x000000000000801a       0x24 ../../../code/sys/src/libsys.a(AD5542.o)
                0x000000000000801a                _ZN6AD554210initializeEv
 .text._ZN6AD55425writeEj
                0x000000000000803e       0x82 ../../../code/sys/src/libsys.a(AD5542.o)
                0x000000000000803e                _ZN6AD55425writeEj
 .text._ZN6AD77349selectLowEv
                0x00000000000080c0        0x2 ../../../code/sys/src/libsys.a(AD7734.o)
                0x00000000000080c0                _ZN6AD77349selectLowEv
 .text._ZN6AD773410selectHighEv
                0x00000000000080c2        0x2 ../../../code/sys/src/libsys.a(AD7734.o)
                0x00000000000080c2                _ZN6AD773410selectHighEv
 .text._ZN6AD77348resetLowEv
                0x00000000000080c4        0x2 ../../../code/sys/src/libsys.a(AD7734.o)
                0x00000000000080c4                _ZN6AD77348resetLowEv
 .text._ZN6AD77349resetHighEv
                0x00000000000080c6        0x2 ../../../code/sys/src/libsys.a(AD7734.o)
                0x00000000000080c6                _ZN6AD77349resetHighEv
 .text._ZN6AD773410data_readyEv
                0x00000000000080c8        0x4 ../../../code/sys/src/libsys.a(AD7734.o)
                0x00000000000080c8                _ZN6AD773410data_readyEv
 .text._ZN6AD773419initializeInterfaceEv
                0x00000000000080cc        0x2 ../../../code/sys/src/libsys.a(AD7734.o)
                0x00000000000080cc                _ZN6AD773419initializeInterfaceEv
 .text._ZN6AD7734C2Ev
                0x00000000000080ce       0x36 ../../../code/sys/src/libsys.a(AD7734.o)
                0x00000000000080ce                _ZN6AD7734C1Ev
                0x00000000000080ce                _ZN6AD7734C2Ev
 .text._ZN6AD773410initializeEv
                0x0000000000008104       0x32 ../../../code/sys/src/libsys.a(AD7734.o)
                0x0000000000008104                _ZN6AD773410initializeEv
 .text._ZN6AD77348readDataEh
                0x0000000000008136       0xc6 ../../../code/sys/src/libsys.a(AD7734.o)
                0x0000000000008136                _ZN6AD77348readDataEh
 .text._ZN6AD77344readEh
                0x00000000000081fc      0x246 ../../../code/sys/src/libsys.a(AD7734.o)
                0x00000000000081fc                _ZN6AD77344readEh
 .text._ZN2FSC2EjPKj
                0x0000000000008442       0x8c ../../../code/sys/src/libsys.a(FS.o)
                0x0000000000008442                _ZN2FSC1EjPKj
                0x0000000000008442                _ZN2FSC2EjPKj
 .text._ZN2FS4readEjPv
                0x00000000000084ce       0xd4 ../../../code/sys/src/libsys.a(FS.o)
                0x00000000000084ce                _ZN2FS4readEjPv
 .text._ZN2FS5writeEjPKv
                0x00000000000085a2       0xb2 ../../../code/sys/src/libsys.a(FS.o)
                0x00000000000085a2                _ZN2FS5writeEjPKv
 .text.__vector_16
                0x0000000000008654       0x4a ../../../code/sys/src/libsys.a(SysTick.o)
                0x0000000000008654                __vector_16
 .text._ZN7SysTick1_Ev
                0x000000000000869e       0x44 ../../../code/sys/src/libsys.a(SysTick.o)
                0x000000000000869e                _ZN7SysTick1_Ev
 .text._ZNK7SysTick3getEv
                0x00000000000086e2       0x18 ../../../code/sys/src/libsys.a(SysTick.o)
                0x00000000000086e2                _ZNK7SysTick3getEv
 .text._ZNK7SysTick12time_to_tickEd
                0x00000000000086fa       0x1c ../../../code/sys/src/libsys.a(SysTick.o)
                0x00000000000086fa                _ZNK7SysTick12time_to_tickEd
 .text._ZN3SPI1_Ev
                0x0000000000008716       0x1e ../../../code/avr/src/libavr.a(SPI.o)
                0x0000000000008716                _ZN3SPI1_Ev
 .text._ZN3SPI5writeEPKvj
                0x0000000000008734       0x1e ../../../code/avr/src/libavr.a(SPI.o)
                0x0000000000008734                _ZN3SPI5writeEPKvj
 .text._ZN3SPI7write_PEPKvj
                0x0000000000008752       0x20 ../../../code/avr/src/libavr.a(SPI.o)
                0x0000000000008752                _ZN3SPI7write_PEPKvj
 .text._ZN3SPI4readEPvjc
                0x0000000000008772       0x20 ../../../code/avr/src/libavr.a(SPI.o)
                0x0000000000008772                _ZN3SPI4readEPvjc
 .text._ZN3SPI5resetEv
                0x0000000000008792        0x4 ../../../code/avr/src/libavr.a(SPI.o)
                0x0000000000008792                _ZN3SPI5resetEv
 .text._ZN3SPI6enableEh
                0x0000000000008796        0x8 ../../../code/avr/src/libavr.a(SPI.o)
                0x0000000000008796                _ZN3SPI6enableEh
 .text._ZN3SPI17makeConfigurationE18SPI_ClockFrequency14SPI_ClockPhase17SPI_ClockPolarity8SPI_Mode13SPI_DataOrder
                0x000000000000879e       0x3a ../../../code/avr/src/libavr.a(SPI.o)
                0x000000000000879e                _ZN3SPI17makeConfigurationE18SPI_ClockFrequency14SPI_ClockPhase17SPI_ClockPolarity8SPI_Mode13SPI_DataOrder
 .text._ZL15defaultCallbackPv
                0x00000000000087d8        0x2 ../../../code/avr/src/libavr.a(UART.o)
 .text._ZN4UART3isrEPv
                0x00000000000087da       0x24 ../../../code/avr/src/libavr.a(UART.o)
                0x00000000000087da                _ZN4UART3isrEPv
 .text.__vector_20
                0x00000000000087fe       0x56 ../../../code/avr/src/libavr.a(UART.o)
                0x00000000000087fe                __vector_20
 .text._ZNK13UART_RxBuffer4sizeEv
                0x0000000000008854       0x14 ../../../code/avr/src/libavr.a(UART.o)
                0x0000000000008854                _ZNK13UART_RxBuffer4sizeEv
 .text._ZN4UART1_Ev
                0x0000000000008868       0x8a ../../../code/avr/src/libavr.a(UART.o)
                0x0000000000008868                _ZN4UART1_Ev
 .text._ZN4UART11setBaudrateEm
                0x00000000000088f2       0x3e ../../../code/avr/src/libavr.a(UART.o)
                0x00000000000088f2                _ZN4UART11setBaudrateEm
 .text._ZN4UART4readEv
                0x0000000000008930       0x6c ../../../code/avr/src/libavr.a(UART.o)
                0x0000000000008930                _ZN4UART4readEv
 .text._ZN4UART5writeEPKvj
                0x000000000000899c       0x34 ../../../code/avr/src/libavr.a(UART.o)
                0x000000000000899c                _ZN4UART5writeEPKvj
 .text._ZN3I2C7null_cbEv
                0x00000000000089d0        0xe ../../../code/avr/src/libavr.a(I2C.o)
                0x00000000000089d0                _ZN3I2C7null_cbEv
 .text._ZN3I2C8start_cbEv
                0x00000000000089de       0x3e ../../../code/avr/src/libavr.a(I2C.o)
                0x00000000000089de                _ZN3I2C8start_cbEv
 .text._ZN3I2C16repeatedStart_cbEv
                0x0000000000008a1c       0x3e ../../../code/avr/src/libavr.a(I2C.o)
                0x0000000000008a1c                _ZN3I2C16repeatedStart_cbEv
 .text._ZN3I2C35slaveAddressWriteOperationNotAck_cbEv
                0x0000000000008a5a        0xe ../../../code/avr/src/libavr.a(I2C.o)
                0x0000000000008a5a                _ZN3I2C35slaveAddressWriteOperationNotAck_cbEv
 .text._ZN3I2C21transmitDataNotAck_cbEv
                0x0000000000008a68        0xe ../../../code/avr/src/libavr.a(I2C.o)
                0x0000000000008a68                _ZN3I2C21transmitDataNotAck_cbEv
 .text._ZN3I2C18arbitrationLost_cbEv
                0x0000000000008a76        0xe ../../../code/avr/src/libavr.a(I2C.o)
                0x0000000000008a76                _ZN3I2C18arbitrationLost_cbEv
 .text._ZN3I2C31slaveAddressReadOperationAck_cbEv
                0x0000000000008a84       0x30 ../../../code/avr/src/libavr.a(I2C.o)
                0x0000000000008a84                _ZN3I2C31slaveAddressReadOperationAck_cbEv
 .text._ZN3I2C34slaveAddressReadOperationNotAck_cbEv
                0x0000000000008ab4        0xe ../../../code/avr/src/libavr.a(I2C.o)
                0x0000000000008ab4                _ZN3I2C34slaveAddressReadOperationNotAck_cbEv
 .text._ZN3I2C17receiveDataAck_cbEv
                0x0000000000008ac2       0x48 ../../../code/avr/src/libavr.a(I2C.o)
                0x0000000000008ac2                _ZN3I2C17receiveDataAck_cbEv
 .text._ZN3I2C20receiveDataNotAck_cbEv
                0x0000000000008b0a       0x2a ../../../code/avr/src/libavr.a(I2C.o)
                0x0000000000008b0a                _ZN3I2C20receiveDataNotAck_cbEv
 .text._ZN3I2C32slaveAddressWriteOperationAck_cbEv
                0x0000000000008b34       0x40 ../../../code/avr/src/libavr.a(I2C.o)
                0x0000000000008b34                _ZN3I2C32slaveAddressWriteOperationAck_cbEv
 .text._ZN3I2C18transmitDataAck_cbEv
                0x0000000000008b74       0x48 ../../../code/avr/src/libavr.a(I2C.o)
                0x0000000000008b74                _ZN3I2C18transmitDataAck_cbEv
 .text._ZN3I2C1_Ev
                0x0000000000008bbc       0x22 ../../../code/avr/src/libavr.a(I2C.o)
                0x0000000000008bbc                _ZN3I2C1_Ev
 .text._ZN3I2C5writeEhPKvj
                0x0000000000008bde       0xa2 ../../../code/avr/src/libavr.a(I2C.o)
                0x0000000000008bde                _ZN3I2C5writeEhPKvj
 .text._ZN3I2C12write_n_readEhPKvjPvj
                0x0000000000008c80       0xbc ../../../code/avr/src/libavr.a(I2C.o)
                0x0000000000008c80                _ZN3I2C12write_n_readEhPKvjPvj
 .text._ZN6EEPROM1_Ev
                0x0000000000008d3c       0x1c ../../../code/avr/src/libavr.a(EEPROM.o)
                0x0000000000008d3c                _ZN6EEPROM1_Ev
 .text._ZN6EEPROM4readEjPvj
                0x0000000000008d58       0x2a ../../../code/avr/src/libavr.a(EEPROM.o)
                0x0000000000008d58                _ZN6EEPROM4readEjPvj
 .text._ZN6EEPROM5writeEjPKvj
                0x0000000000008d82       0x36 ../../../code/avr/src/libavr.a(EEPROM.o)
                0x0000000000008d82                _ZN6EEPROM5writeEjPKvj
 .text._ZN19SimpleAverageFilterC2Ej
                0x0000000000008db8       0x1c ../../../code/utils/src/libutils.a(Filter.o)
                0x0000000000008db8                _ZN19SimpleAverageFilterC1Ej
                0x0000000000008db8                _ZN19SimpleAverageFilterC2Ej
 .text._ZN19SimpleAverageFilter5resetEv
                0x0000000000008dd4       0x1c ../../../code/utils/src/libutils.a(Filter.o)
                0x0000000000008dd4                _ZN19SimpleAverageFilter5resetEv
 .text._ZN19SimpleAverageFilter9push_backEl
                0x0000000000008df0       0x7a ../../../code/utils/src/libutils.a(Filter.o)
                0x0000000000008df0                _ZN19SimpleAverageFilter9push_backEl
 .text._ZNK19SimpleAverageFilter6outputEv
                0x0000000000008e6a       0x54 ../../../code/utils/src/libutils.a(Filter.o)
                0x0000000000008e6a                _ZNK19SimpleAverageFilter6outputEv
 .text._ZN12MedianFilterC2Ej
                0x0000000000008ebe       0x2a ../../../code/utils/src/libutils.a(Filter.o)
                0x0000000000008ebe                _ZN12MedianFilterC1Ej
                0x0000000000008ebe                _ZN12MedianFilterC2Ej
 .text._ZN12MedianFilterD2Ev
                0x0000000000008ee8        0xa ../../../code/utils/src/libutils.a(Filter.o)
                0x0000000000008ee8                _ZN12MedianFilterD1Ev
                0x0000000000008ee8                _ZN12MedianFilterD2Ev
 .text._ZN12MedianFilter9push_backEl
                0x0000000000008ef2       0x38 ../../../code/utils/src/libutils.a(Filter.o)
                0x0000000000008ef2                _ZN12MedianFilter9push_backEl
 .text._ZNK12MedianFilter6outputEv
                0x0000000000008f2a       0xf4 ../../../code/utils/src/libutils.a(Filter.o)
                0x0000000000008f2a                _ZNK12MedianFilter6outputEv
 .text.avr-libc
                0x000000000000901e      0x6f6 /usr/lib/gcc/avr/4.8.2/../../../avr/lib/avr5/libprintf_flt.a(vfprintf_flt.o)
                0x000000000000901e                vfprintf
 .text.avr-libc.fplib
                0x0000000000009714        0xa /usr/lib/gcc/avr/4.8.2/../../../avr/lib/avr5/libm.a(addsf3.o)
                0x0000000000009714                __subsf3
                0x0000000000009716                __addsf3
 .text.avr-libc.fplib
                0x000000000000971e       0xc0 /usr/lib/gcc/avr/4.8.2/../../../avr/lib/avr5/libm.a(addsf3x.o)
                0x0000000000009738                __addsf3x
 .text.avr-libc.fplib
                0x00000000000097de        0x8 /usr/lib/gcc/avr/4.8.2/../../../avr/lib/avr5/libm.a(cmpsf2.o)
                0x00000000000097de                __lesf2
                0x00000000000097de                __nesf2
                0x00000000000097de                __eqsf2
                0x00000000000097de                __cmpsf2
                0x00000000000097de                __ltsf2
 .text.avr-libc.fplib
                0x00000000000097e6        0x4 /usr/lib/gcc/avr/4.8.2/../../../avr/lib/avr5/libm.a(divsf3.o)
                0x00000000000097e6                __divsf3
 .text.avr-libc.fplib
                0x00000000000097ea       0xcc /usr/lib/gcc/avr/4.8.2/../../../avr/lib/avr5/libm.a(divsf3x.o)
                0x0000000000009800                __divsf3x
                0x0000000000009804                __divsf3_pse
 .text.avr-libc.fplib
                0x00000000000098b6        0xa /usr/lib/gcc/avr/4.8.2/../../../avr/lib/avr5/libm.a(fixsfsi.o)
                0x00000000000098b6                __fixsfsi
 .text.avr-libc.fplib
                0x00000000000098c0       0x58 /usr/lib/gcc/avr/4.8.2/../../../avr/lib/avr5/libm.a(fixunssfsi.o)
                0x00000000000098c0                __fixunssfsi
 .text.avr-libc.fplib
                0x0000000000009918        0x8 /usr/lib/gcc/avr/4.8.2/../../../avr/lib/avr5/libm.a(floatdisf.o)
                0x0000000000009918                __floatdisf
 .text.avr-libc.fplib
                0x0000000000009920       0x7a /usr/lib/gcc/avr/4.8.2/../../../avr/lib/avr5/libm.a(floatsisf.o)
                0x0000000000009920                __floatunsisf
                0x0000000000009924                __floatsisf
 .text.avr-libc.fplib
                0x000000000000999a       0x7c /usr/lib/gcc/avr/4.8.2/../../../avr/lib/avr5/libm.a(floatundisf.o)
                0x000000000000999a                __floatundisf
                0x000000000000999c                __fp_di2sf
 .text.avr-libc.fplib
                0x0000000000009a16       0x48 /usr/lib/gcc/avr/4.8.2/../../../avr/lib/avr5/libm.a(fp_cmp.o)
                0x0000000000009a16                __fp_cmp
 .text.avr-libc.fplib
                0x0000000000009a5e        0xc /usr/lib/gcc/avr/4.8.2/../../../avr/lib/avr5/libm.a(fp_inf.o)
                0x0000000000009a5e                __fp_inf
 .text.avr-libc.fplib
                0x0000000000009a6a        0x6 /usr/lib/gcc/avr/4.8.2/../../../avr/lib/avr5/libm.a(fp_nan.o)
                0x0000000000009a6a                __fp_nan
 .text.avr-libc.fplib
                0x0000000000009a70       0x20 /usr/lib/gcc/avr/4.8.2/../../../avr/lib/avr5/libm.a(fp_negdi.o)
                0x0000000000009a70                __fp_negdi
 .text.avr-libc.fplib
                0x0000000000009a90        0xe /usr/lib/gcc/avr/4.8.2/../../../avr/lib/avr5/libm.a(fp_pscA.o)
                0x0000000000009a90                __fp_pscA
 .text.avr-libc.fplib
                0x0000000000009a9e        0xe /usr/lib/gcc/avr/4.8.2/../../../avr/lib/avr5/libm.a(fp_pscB.o)
                0x0000000000009a9e                __fp_pscB
 .text.avr-libc.fplib
                0x0000000000009aac       0x22 /usr/lib/gcc/avr/4.8.2/../../../avr/lib/avr5/libm.a(fp_round.o)
                0x0000000000009aac                __fp_round
 .text.avr-libc.fplib
                0x0000000000009ace       0x44 /usr/lib/gcc/avr/4.8.2/../../../avr/lib/avr5/libm.a(fp_split3.o)
                0x0000000000009ace                __fp_split3
                0x0000000000009ade                __fp_splitA
 .text.avr-libc.fplib
                0x0000000000009b12        0xe /usr/lib/gcc/avr/4.8.2/../../../avr/lib/avr5/libm.a(fp_zero.o)
                0x0000000000009b12                __fp_zero
                0x0000000000009b14                __fp_szero
 .text.avr-libc.fplib
                0x0000000000009b20        0x8 /usr/lib/gcc/avr/4.8.2/../../../avr/lib/avr5/libm.a(gesf2.o)
                0x0000000000009b20                __gtsf2
                0x0000000000009b20                __gesf2
 .text.avr-libc.fplib
                0x0000000000009b28        0x4 /usr/lib/gcc/avr/4.8.2/../../../avr/lib/avr5/libm.a(mulsf3.o)
                0x0000000000009b28                __mulsf3
 .text.avr-libc.fplib
                0x0000000000009b2c       0xc2 /usr/lib/gcc/avr/4.8.2/../../../avr/lib/avr5/libm.a(mulsf3x.o)
                0x0000000000009b40                __mulsf3x
                0x0000000000009b44                __mulsf3_pse
 .text.avr-libc.fplib
                0x0000000000009bee       0x40 /usr/lib/gcc/avr/4.8.2/../../../avr/lib/avr5/libm.a(round.o)
                0x0000000000009bee                round
 .text.avr-libc.fplib
                0x0000000000009c2e       0x36 /usr/lib/gcc/avr/4.8.2/../../../avr/lib/avr5/libm.a(fp_mintl.o)
                0x0000000000009c2e                __fp_mintl
 .text.avr-libc.fplib
                0x0000000000009c64       0x1c /usr/lib/gcc/avr/4.8.2/../../../avr/lib/avr5/libm.a(fp_mpack.o)
                0x0000000000009c64                __fp_mpack
                0x0000000000009c68                __fp_mpack_finite
 .text.libgcc.prologue
                0x0000000000009c80       0x38 /usr/lib/gcc/avr/4.8.2/avr5/libgcc.a(_prologue.o)
                0x0000000000009c80                __prologue_saves__
 .text.libgcc.prologue
                0x0000000000009cb8       0x36 /usr/lib/gcc/avr/4.8.2/avr5/libgcc.a(_epilogue.o)
                0x0000000000009cb8                __epilogue_restores__
 .text.libgcc   0x0000000000009cee       0x12 /usr/lib/gcc/avr/4.8.2/avr5/libgcc.a(_adddi3.o)
                0x0000000000009cee                __adddi3
 .text.libgcc   0x0000000000009d00        0xc /usr/lib/gcc/avr/4.8.2/avr5/libgcc.a(_tablejump.o)
                0x0000000000009d00                __tablejump2__
                0x0000000000009d04                __tablejump__
 .text.avr-libc
                0x0000000000009d0c      0x24e /usr/lib/gcc/avr/4.8.2/../../../avr/lib/avr5/libc.a(malloc.o)
                0x0000000000009d0c                malloc
                0x0000000000009e3c                free
 .text.avr-libc
                0x0000000000009f5a      0x1b0 /usr/lib/gcc/avr/4.8.2/../../../avr/lib/avr5/libc.a(ftoa_engine.o)
                0x0000000000009f5a                __ftoa_engine
 .text.avr-libc
                0x000000000000a10a        0xe /usr/lib/gcc/avr/4.8.2/../../../avr/lib/avr5/libc.a(strcpy_P.o)
                0x000000000000a10a                strcpy_P
 .text.avr-libc
                0x000000000000a118       0x16 /usr/lib/gcc/avr/4.8.2/../../../avr/lib/avr5/libc.a(strnlen_P.o)
                0x000000000000a118                strnlen_P
 .text.avr-libc
                0x000000000000a12e        0xe /usr/lib/gcc/avr/4.8.2/../../../avr/lib/avr5/libc.a(strcpy.o)
                0x000000000000a12e                strcpy
 .text.avr-libc
                0x000000000000a13c       0x16 /usr/lib/gcc/avr/4.8.2/../../../avr/lib/avr5/libc.a(strnlen.o)
                0x000000000000a13c                strnlen
 .text.avr-libc
                0x000000000000a152       0x64 /usr/lib/gcc/avr/4.8.2/../../../avr/lib/avr5/libc.a(fputc.o)
                0x000000000000a152                fputc
 .text.avr-libc
                0x000000000000a1b6       0x44 /usr/lib/gcc/avr/4.8.2/../../../avr/lib/avr5/libc.a(sprintf.o)
                0x000000000000a1b6                sprintf
 .text.avr-libc
                0x000000000000a1fa       0xbc /usr/lib/gcc/avr/4.8.2/../../../avr/lib/avr5/libc.a(ultoa_invert.o)
                0x000000000000a1fa                __ultoa_invert
                0x000000000000a2b6                . = ALIGN (0x2)
 *(.fini9)
 .fini9         0x000000000000a2b6        0x0 /usr/lib/gcc/avr/4.8.2/avr5/libgcc.a(_exit.o)
                0x000000000000a2b6                exit
                0x000000000000a2b6                _exit
 *(.fini9)
 *(.fini8)
 *(.fini8)
 *(.fini7)
 *(.fini7)
 *(.fini6)
 *(.fini6)
 *(.fini5)
 *(.fini5)
 *(.fini4)
 *(.fini4)
 *(.fini3)
 *(.fini3)
 *(.fini2)
 *(.fini2)
 *(.fini1)
 *(.fini1)
 *(.fini0)
 .fini0         0x000000000000a2b6        0x4 /usr/lib/gcc/avr/4.8.2/avr5/libgcc.a(_exit.o)
 *(.fini0)
                0x000000000000a2ba                _etext = .

.data           0x0000000000800100      0x152 load address 0x000000000000a2ba
                0x0000000000800100                PROVIDE (__data_start, .)
 *(.data)
 .data          0x0000000000800100        0x0 /usr/lib/gcc/avr/4.8.2/../../../avr/lib/avr5/crtm644.o
 .data          0x0000000000800100        0x0 Application.o
 .data          0x0000000000800100        0x0 Calibration.o
 .data          0x0000000000800100        0x0 CM.o
 .data          0x0000000000800100        0x0 CS.o
 .data          0x0000000000800100        0x0 Comm.o
 .data          0x0000000000800100        0x0 Storage.o
 .data          0x0000000000800100        0x0 VM.o
 .data          0x0000000000800100        0x0 VM2.o
 .data          0x0000000000800100        0x0 VS.o
 .data          0x0000000000800100        0x0 LEDDisplay.o
 .data          0x0000000000800100        0x0 RM.o
 .data          0x0000000000800100        0x0 SystemConfig.o
 .data          0x0000000000800100        0x0 ../../../code/sys/src/libsys.a(Applet.o)
 .data          0x0000000000800100        0x0 ../../../code/sys/src/libsys.a(LCD.o)
 .data          0x0000000000800100        0x0 ../../../code/sys/src/libsys.a(QP4.o)
 .data          0x0000000000800100        0x0 ../../../code/sys/src/libsys.a(PCA9557.o)
 .data          0x0000000000800100        0x0 ../../../code/sys/src/libsys.a(AD5542.o)
 .data          0x0000000000800100        0x0 ../../../code/sys/src/libsys.a(AD7734.o)
 .data          0x0000000000800100        0x0 ../../../code/sys/src/libsys.a(FS.o)
 .data          0x0000000000800100        0x0 ../../../code/sys/src/libsys.a(SysTick.o)
 .data          0x0000000000800100        0x0 ../../../code/avr/src/libavr.a(SPI.o)
 .data          0x0000000000800100        0x0 ../../../code/avr/src/libavr.a(UART.o)
 .data          0x0000000000800100        0x0 ../../../code/avr/src/libavr.a(I2C.o)
 .data          0x0000000000800100        0x0 ../../../code/avr/src/libavr.a(EEPROM.o)
 .data          0x0000000000800100        0x0 ../../../code/utils/src/libutils.a(Filter.o)
 .data          0x0000000000800100        0x0 /usr/lib/gcc/avr/4.8.2/../../../avr/lib/avr5/libprintf_flt.a(vfprintf_flt.o)
 .data          0x0000000000800100        0x0 /usr/lib/gcc/avr/4.8.2/../../../avr/lib/avr5/libm.a(addsf3.o)
 .data          0x0000000000800100        0x0 /usr/lib/gcc/avr/4.8.2/../../../avr/lib/avr5/libm.a(addsf3x.o)
 .data          0x0000000000800100        0x0 /usr/lib/gcc/avr/4.8.2/../../../avr/lib/avr5/libm.a(cmpsf2.o)
 .data          0x0000000000800100        0x0 /usr/lib/gcc/avr/4.8.2/../../../avr/lib/avr5/libm.a(divsf3.o)
 .data          0x0000000000800100        0x0 /usr/lib/gcc/avr/4.8.2/../../../avr/lib/avr5/libm.a(divsf3x.o)
 .data          0x0000000000800100        0x0 /usr/lib/gcc/avr/4.8.2/../../../avr/lib/avr5/libm.a(fixsfsi.o)
 .data          0x0000000000800100        0x0 /usr/lib/gcc/avr/4.8.2/../../../avr/lib/avr5/libm.a(fixunssfsi.o)
 .data          0x0000000000800100        0x0 /usr/lib/gcc/avr/4.8.2/../../../avr/lib/avr5/libm.a(floatdisf.o)
 .data          0x0000000000800100        0x0 /usr/lib/gcc/avr/4.8.2/../../../avr/lib/avr5/libm.a(floatsisf.o)
 .data          0x0000000000800100        0x0 /usr/lib/gcc/avr/4.8.2/../../../avr/lib/avr5/libm.a(floatundisf.o)
 .data          0x0000000000800100        0x0 /usr/lib/gcc/avr/4.8.2/../../../avr/lib/avr5/libm.a(fp_cmp.o)
 .data          0x0000000000800100        0x0 /usr/lib/gcc/avr/4.8.2/../../../avr/lib/avr5/libm.a(fp_inf.o)
 .data          0x0000000000800100        0x0 /usr/lib/gcc/avr/4.8.2/../../../avr/lib/avr5/libm.a(fp_nan.o)
 .data          0x0000000000800100        0x0 /usr/lib/gcc/avr/4.8.2/../../../avr/lib/avr5/libm.a(fp_negdi.o)
 .data          0x0000000000800100        0x0 /usr/lib/gcc/avr/4.8.2/../../../avr/lib/avr5/libm.a(fp_pscA.o)
 .data          0x0000000000800100        0x0 /usr/lib/gcc/avr/4.8.2/../../../avr/lib/avr5/libm.a(fp_pscB.o)
 .data          0x0000000000800100        0x0 /usr/lib/gcc/avr/4.8.2/../../../avr/lib/avr5/libm.a(fp_round.o)
 .data          0x0000000000800100        0x0 /usr/lib/gcc/avr/4.8.2/../../../avr/lib/avr5/libm.a(fp_split3.o)
 .data          0x0000000000800100        0x0 /usr/lib/gcc/avr/4.8.2/../../../avr/lib/avr5/libm.a(fp_zero.o)
 .data          0x0000000000800100        0x0 /usr/lib/gcc/avr/4.8.2/../../../avr/lib/avr5/libm.a(gesf2.o)
 .data          0x0000000000800100        0x0 /usr/lib/gcc/avr/4.8.2/../../../avr/lib/avr5/libm.a(mulsf3.o)
 .data          0x0000000000800100        0x0 /usr/lib/gcc/avr/4.8.2/../../../avr/lib/avr5/libm.a(mulsf3x.o)
 .data          0x0000000000800100        0x0 /usr/lib/gcc/avr/4.8.2/../../../avr/lib/avr5/libm.a(round.o)
 .data          0x0000000000800100        0x0 /usr/lib/gcc/avr/4.8.2/../../../avr/lib/avr5/libm.a(fp_mintl.o)
 .data          0x0000000000800100        0x0 /usr/lib/gcc/avr/4.8.2/../../../avr/lib/avr5/libm.a(fp_mpack.o)
 .data          0x0000000000800100        0x0 /usr/lib/gcc/avr/4.8.2/avr5/libgcc.a(_prologue.o)
 .data          0x0000000000800100        0x0 /usr/lib/gcc/avr/4.8.2/avr5/libgcc.a(_epilogue.o)
 .data          0x0000000000800100        0x0 /usr/lib/gcc/avr/4.8.2/avr5/libgcc.a(_exit.o)
 .data          0x0000000000800100        0x0 /usr/lib/gcc/avr/4.8.2/avr5/libgcc.a(_copy_data.o)
 .data          0x0000000000800100        0x0 /usr/lib/gcc/avr/4.8.2/avr5/libgcc.a(_clear_bss.o)
 .data          0x0000000000800100        0x0 /usr/lib/gcc/avr/4.8.2/avr5/libgcc.a(_ctors.o)
 .data          0x0000000000800100        0x0 /usr/lib/gcc/avr/4.8.2/avr5/libgcc.a(_adddi3.o)
 .data          0x0000000000800100        0x0 /usr/lib/gcc/avr/4.8.2/avr5/libgcc.a(_tablejump.o)
 .data          0x0000000000800100        0x6 /usr/lib/gcc/avr/4.8.2/../../../avr/lib/avr5/libc.a(malloc.o)
                0x0000000000800100                __malloc_heap_end
                0x0000000000800102                __malloc_heap_start
                0x0000000000800104                __malloc_margin
 .data          0x0000000000800106        0x0 /usr/lib/gcc/avr/4.8.2/../../../avr/lib/avr5/libc.a(ftoa_engine.o)
 .data          0x0000000000800106        0x0 /usr/lib/gcc/avr/4.8.2/../../../avr/lib/avr5/libc.a(strcpy_P.o)
 .data          0x0000000000800106        0x0 /usr/lib/gcc/avr/4.8.2/../../../avr/lib/avr5/libc.a(strnlen_P.o)
 .data          0x0000000000800106        0x0 /usr/lib/gcc/avr/4.8.2/../../../avr/lib/avr5/libc.a(strcpy.o)
 .data          0x0000000000800106        0x0 /usr/lib/gcc/avr/4.8.2/../../../avr/lib/avr5/libc.a(strnlen.o)
 .data          0x0000000000800106        0x0 /usr/lib/gcc/avr/4.8.2/../../../avr/lib/avr5/libc.a(fputc.o)
 .data          0x0000000000800106        0x0 /usr/lib/gcc/avr/4.8.2/../../../avr/lib/avr5/libc.a(sprintf.o)
 .data          0x0000000000800106        0x0 /usr/lib/gcc/avr/4.8.2/../../../avr/lib/avr5/libc.a(ultoa_invert.o)
 *(.data*)
 .data._ZL3cb_  0x0000000000800106        0x2 ../../../code/avr/src/libavr.a(UART.o)
 *(.rodata)
 .rodata        0x0000000000800108       0x10 ../../../code/sys/src/libsys.a(QP4.o)
 *(.rodata*)
 .rodata.str1.1
                0x0000000000800118       0xb6 Application.o
                                         0xc4 (size before relaxing)
 .rodata._ZTV11Application
                0x00000000008001ce        0x6 Application.o
                0x00000000008001ce                _ZTV11Application
 .rodata._ZTV9AD7734_CM
                0x00000000008001d4       0x12 CM.o
                0x00000000008001d4                _ZTV9AD7734_CM
 .rodata._ZTV9AD5542_CS
                0x00000000008001e6        0xa CS.o
                0x00000000008001e6                _ZTV9AD5542_CS
 .rodata._ZTV4Comm
                0x00000000008001f0        0x6 Comm.o
                0x00000000008001f0                _ZTV4Comm
 .rodata._ZTV9AD7734_VM
                0x00000000008001f6       0x12 VM.o
                0x00000000008001f6                _ZTV9AD7734_VM
 .rodata._ZTV10AD7734_VM2
                0x0000000000800208       0x12 VM2.o
                0x0000000000800208                _ZTV10AD7734_VM2
 .rodata._ZTV9AD5542_VS
                0x000000000080021a        0xa VS.o
                0x000000000080021a                _ZTV9AD5542_VS
 .rodata._ZTV6Applet
                0x0000000000800224        0x6 ../../../code/sys/src/libsys.a(Applet.o)
                0x0000000000800224                _ZTV6Applet
 .rodata.str1.1
                0x000000000080022a        0xc ../../../code/sys/src/libsys.a(LCD.o)
                                         0x11 (size before relaxing)
 .rodata._ZTV6AD5542
                0x0000000000800236        0xa ../../../code/sys/src/libsys.a(AD5542.o)
                0x0000000000800236                _ZTV6AD5542
 .rodata._ZTV6AD7734
                0x0000000000800240       0x12 ../../../code/sys/src/libsys.a(AD7734.o)
                0x0000000000800240                _ZTV6AD7734
 *(.gnu.linkonce.d*)
                0x0000000000800252                . = ALIGN (0x2)
                0x0000000000800252                _edata = .
                0x0000000000800252                PROVIDE (__data_end, .)

.bss            0x0000000000800252      0x2ea
                0x0000000000800252                PROVIDE (__bss_start, .)
 *(.bss)
 *(.bss*)
 .bss._ZZN11Application1_EvE1o
                0x0000000000800252        0xb Application.o
 .bss._ZZN3VM21_EvE1o
                0x000000000080025d       0x2d Application.o
                0x000000000080025d                _ZZN3VM21_EvE1o
 .bss._ZGVZN11Application1_EvE1o
                0x000000000080028a        0x8 Application.o
 .bss._ZGVZN3VM21_EvE1o
                0x0000000000800292        0x8 Application.o
                0x0000000000800292                _ZGVZN3VM21_EvE1o
 .bss._ZZN2CM1_EvE1o
                0x000000000080029a       0x3a CM.o
 .bss._ZGVZN2CM1_EvE1o
                0x00000000008002d4        0x8 CM.o
 .bss._ZZN2CS1_EvE1o
                0x00000000008002dc       0x2b CS.o
 .bss._ZGVZN2CS1_EvE1o
                0x0000000000800307        0x8 CS.o
 .bss._ZZN4Comm1_EvE1o
                0x000000000080030f       0x3f Comm.o
 .bss._ZGVZN4Comm1_EvE1o
                0x000000000080034e        0x8 Comm.o
 .bss._ZZN7Storage1_EvE1o
                0x0000000000800356        0x4 Storage.o
 .bss._ZGVZN7Storage1_EvE1o
                0x000000000080035a        0x8 Storage.o
 .bss._ZZN2VM1_EvE1o
                0x0000000000800362       0x3a VM.o
 .bss._ZGVZN2VM1_EvE1o
                0x000000000080039c        0x8 VM.o
 .bss._ZZN2VS1_EvE1o
                0x00000000008003a4       0x2b VS.o
 .bss._ZGVZN2VS1_EvE1o
                0x00000000008003cf        0x8 VS.o
 .bss._ZZN11LED_Display1_EvE1o
                0x00000000008003d7        0x1 LEDDisplay.o
 .bss._ZGVZN11LED_Display1_EvE1o
                0x00000000008003d8        0x8 LEDDisplay.o
 .bss._ZZN2RM1_EvE1o
                0x00000000008003e0        0x2 RM.o
 .bss._ZGVZN2RM1_EvE1o
                0x00000000008003e2        0x8 RM.o
 .bss._ZZN12SystemConfig1_EvE1o