Archive member included because of file (symbol)

../peripherals/libhal-uc-core-msp430f5529.a(core_impl.c.obj)
                              CMakeFiles/firmware-msp430f5529.elf.dir/main.c.obj (power_set_full)
../lib/libprbs-msp430f5529.a(prbs.c.obj)
                              CMakeFiles/firmware-msp430f5529.elf.dir/main.c.obj (lfsr_vInit)
../peripherals/USB_API/libusb-api-msp430f5529.a(usb.c.obj)
                              CMakeFiles/firmware-msp430f5529.elf.dir/__/peripherals/USB_config/UsbIsr.c.obj (bEnumerationStatus)
../peripherals/USB_API/libusb-api-msp430f5529.a(usbdma.c.obj)
                              ../peripherals/USB_API/libusb-api-msp430f5529.a(usb.c.obj) (USB_initMemcpy)
../peripherals/USB_API/libusb-api-msp430f5529.a(UsbCdc.c.obj)
                              ../peripherals/USB_API/libusb-api-msp430f5529.a(usb.c.obj) (CdcResetData)
../peripherals/USB_API/libusb-api-msp430f5529.a(UsbHid.c.obj)
                              ../peripherals/USB_API/libusb-api-msp430f5529.a(usb.c.obj) (HidResetData)
../peripherals/USB_config/libusb-config-msp430f5529.a(descriptors.c.obj)
                              ../peripherals/USB_API/libusb-api-msp430f5529.a(usb.c.obj) (tUsbRequestList)
../peripherals/USB_app/libusb-app-msp430f5529.a(usbEventHandling.c.obj)
                              CMakeFiles/firmware-msp430f5529.elf.dir/__/peripherals/USB_config/UsbIsr.c.obj (USB_handleClockEvent)
../subsystem/libbc-iface-usb-msp430f5529.a(bc_iface_usb.c.obj)
                              CMakeFiles/firmware-msp430f5529.elf.dir/main.c.obj (bcif_txbuf)
../subsystem/libcontrol-iface-msp430f5529.a(control_iface.c.obj)
                              CMakeFiles/firmware-msp430f5529.elf.dir/main.c.obj (controlif_state_machine)
../lib/libmodbus-msp430f5529.a(modbus.c.obj)
                              ../subsystem/libcontrol-iface-msp430f5529.a(control_iface.c.obj) (modbus_state_machine)
../peripherals/USB_API/libusb-api-msp430f5529.a(UsbHidReq.c.obj)
                              ../peripherals/USB_config/libusb-config-msp430f5529.a(descriptors.c.obj) (usbGetHidDescriptor)
../peripherals/driverlib/MSP430F5xx_6xx/libdriverlib-msp430f5529.a(dma.c.obj)
                              ../peripherals/USB_API/libusb-api-msp430f5529.a(usbdma.c.obj) (DMA_init)
../peripherals/driverlib/MSP430F5xx_6xx/libdriverlib-msp430f5529.a(gpio.c.obj)
                              CMakeFiles/firmware-msp430f5529.elf.dir/main.c.obj (GPIO_setAsOutputPin)
../peripherals/driverlib/MSP430F5xx_6xx/libdriverlib-msp430f5529.a(pmm.c.obj)
                              ../peripherals/libhal-uc-core-msp430f5529.a(core_impl.c.obj) (PMM_setVCore)
../peripherals/driverlib/MSP430F5xx_6xx/libdriverlib-msp430f5529.a(sfr.c.obj)
                              ../peripherals/libhal-uc-core-msp430f5529.a(core_impl.c.obj) (SFR_enableInterrupt)
../peripherals/driverlib/MSP430F5xx_6xx/libdriverlib-msp430f5529.a(tlv.c.obj)
                              ../peripherals/USB_API/libusb-api-msp430f5529.a(usb.c.obj) (TLV_getInfo)
../peripherals/driverlib/MSP430F5xx_6xx/libdriverlib-msp430f5529.a(ucs.c.obj)
                              ../peripherals/libhal-uc-core-msp430f5529.a(core_impl.c.obj) (UCS_setExternalClockSource)
../peripherals/driverlib/MSP430F5xx_6xx/libdriverlib-msp430f5529.a(wdt_a.c.obj)
                              CMakeFiles/firmware-msp430f5529.elf.dir/main.c.obj (WDT_A_hold)
../bsp/libboard-funcs-msp430f5529.a(board.c.obj)
                              ../peripherals/USB_app/libusb-app-msp430f5529.a(usbEventHandling.c.obj) (board_suspend)
../lib/libbytebuf-msp430f5529.a(bytebuf.c.obj)
                              ../subsystem/libbc-iface-usb-msp430f5529.a(bc_iface_usb.c.obj) (bytebuf_vInit)
../lib/libprintf-msp430f5529.a(printf.c.obj)
                              ../subsystem/libbc-iface-usb-msp430f5529.a(bc_iface_usb.c.obj) (print)
../lib/libucdm-msp430f5529.a(ucdm.c.obj)
                              ../lib/libmodbus-msp430f5529.a(modbus.c.obj) (ucdm_register)
/opt/ti/gcc/bin/../lib/gcc/msp430-elf/4.9.1/libgcc.a(lib2divHI.o)
                              ../peripherals/driverlib/MSP430F5xx_6xx/libdriverlib-msp430f5529.a(ucs.c.obj) (__mspabi_divi)
/opt/ti/gcc/bin/../lib/gcc/msp430-elf/4.9.1/libgcc.a(lib2divSI.o)
                              ../peripherals/driverlib/MSP430F5xx_6xx/libdriverlib-msp430f5529.a(ucs.c.obj) (__mspabi_divli)
/opt/ti/gcc/bin/../lib/gcc/msp430-elf/4.9.1/libgcc.a(slli.o)
                              ../lib/libprbs-msp430f5529.a(prbs.c.obj) (__mspabi_slli)
/opt/ti/gcc/bin/../lib/gcc/msp430-elf/4.9.1/libgcc.a(srli.o)
                              ../peripherals/USB_API/libusb-api-msp430f5529.a(UsbHidReq.c.obj) (__mspabi_srli_8)
/opt/ti/gcc/bin/../lib/gcc/msp430-elf/4.9.1/libgcc.a(lib2hw_mul.o)
                              ../peripherals/USB_API/libusb-api-msp430f5529.a(usb.c.obj) (__mulhi2_f5)
/opt/ti/gcc/bin/../lib/gcc/msp430-elf/4.9.1/../../../../msp430-elf/lib/libc.a(lib_a-memcpy.o)
[...]
Memory Configuration

Name             Origin             Length             Attributes
SFR              0x00000000         0x00000010
PERIPHERAL_8BIT  0x00000010         0x000000f0
PERIPHERAL_16BIT 0x00000100         0x00000100
RAM              0x00002400         0x00002000
INFOMEM          0x00001800         0x00000200
INFOA            0x00001980         0x00000080
INFOB            0x00001900         0x00000080
INFOC            0x00001880         0x00000080
INFOD            0x00001800         0x00000080
ROM              0x00004400         0x0000bb80         xr
VECT1            0x0000ff80         0x00000002
VECT2            0x0000ff82         0x00000002
VECT3            0x0000ff84         0x00000002
VECT4            0x0000ff86         0x00000002
VECT5            0x0000ff88         0x00000002
VECT6            0x0000ff8a         0x00000002
VECT7            0x0000ff8c         0x00000002
VECT8            0x0000ff8e         0x00000002
VECT9            0x0000ff90         0x00000002
VECT10           0x0000ff92         0x00000002
VECT11           0x0000ff94         0x00000002
VECT12           0x0000ff96         0x00000002
VECT13           0x0000ff98         0x00000002
VECT14           0x0000ff9a         0x00000002
VECT15           0x0000ff9c         0x00000002
VECT16           0x0000ff9e         0x00000002
VECT17           0x0000ffa0         0x00000002
VECT18           0x0000ffa2         0x00000002
VECT19           0x0000ffa4         0x00000002
VECT20           0x0000ffa6         0x00000002
VECT21           0x0000ffa8         0x00000002
VECT22           0x0000ffaa         0x00000002
VECT23           0x0000ffac         0x00000002
VECT24           0x0000ffae         0x00000002
VECT25           0x0000ffb0         0x00000002
VECT26           0x0000ffb2         0x00000002
VECT27           0x0000ffb4         0x00000002
VECT28           0x0000ffb6         0x00000002
VECT29           0x0000ffb8         0x00000002
VECT30           0x0000ffba         0x00000002
VECT31           0x0000ffbc         0x00000002
VECT32           0x0000ffbe         0x00000002
VECT33           0x0000ffc0         0x00000002
VECT34           0x0000ffc2         0x00000002
VECT35           0x0000ffc4         0x00000002
VECT36           0x0000ffc6         0x00000002
VECT37           0x0000ffc8         0x00000002
VECT38           0x0000ffca         0x00000002
VECT39           0x0000ffcc         0x00000002
VECT40           0x0000ffce         0x00000002
VECT41           0x0000ffd0         0x00000002
VECT42           0x0000ffd2         0x00000002
VECT43           0x0000ffd4         0x00000002
VECT44           0x0000ffd6         0x00000002
VECT45           0x0000ffd8         0x00000002
VECT46           0x0000ffda         0x00000002
VECT47           0x0000ffdc         0x00000002
VECT48           0x0000ffde         0x00000002
VECT49           0x0000ffe0         0x00000002
VECT50           0x0000ffe2         0x00000002
VECT51           0x0000ffe4         0x00000002
VECT52           0x0000ffe6         0x00000002
VECT53           0x0000ffe8         0x00000002
VECT54           0x0000ffea         0x00000002
VECT55           0x0000ffec         0x00000002
VECT56           0x0000ffee         0x00000002
VECT57           0x0000fff0         0x00000002
VECT58           0x0000fff2         0x00000002
VECT59           0x0000fff4         0x00000002
VECT60           0x0000fff6         0x00000002
VECT61           0x0000fff8         0x00000002
VECT62           0x0000fffa         0x00000002
VECT63           0x0000fffc         0x00000002
RESETVEC         0x0000fffe         0x00000002
BSL              0x00001000         0x00000800
USBRAM           0x00001c00         0x00000800
HIROM            0x00010000         0x000143ff         xr
*default*        0x00000000         0xffffffff

Linker script and memory map

LOAD /opt/ti/gcc/bin/../lib/gcc/msp430-elf/4.9.1/../../../../msp430-elf/lib/crt0.o
LOAD /opt/ti/gcc/bin/../lib/gcc/msp430-elf/4.9.1/crtbegin.o
LOAD CMakeFiles/firmware-msp430f5529.elf.dir/main.c.obj
LOAD CMakeFiles/firmware-msp430f5529.elf.dir/__/peripherals/USB_config/UsbIsr.c.obj
LOAD ../peripherals/libhal-uc-uart-msp430f5529.a
LOAD ../peripherals/libhal-uc-gpio-msp430f5529.a
LOAD ../peripherals/libhal-uc-core-msp430f5529.a
LOAD ../lib/libprbs-msp430f5529.a
LOAD ../peripherals/USB_API/libusb-api-msp430f5529.a
LOAD ../peripherals/USB_config/libusb-config-msp430f5529.a
LOAD ../peripherals/USB_app/libusb-app-msp430f5529.a
LOAD ../subsystem/libbc-iface-usb-msp430f5529.a
LOAD ../lib/libucdm-msp430f5529.a
LOAD ../subsystem/libcontrol-iface-msp430f5529.a
LOAD ../lib/libmodbus-msp430f5529.a
LOAD ../peripherals/USB_API/libusb-api-msp430f5529.a
LOAD ../peripherals/driverlib/MSP430F5xx_6xx/libdriverlib-msp430f5529.a
LOAD ../bsp/libboard-funcs-msp430f5529.a
LOAD ../lib/libbytebuf-msp430f5529.a
LOAD ../lib/libprintf-msp430f5529.a
LOAD ../lib/libucdm-msp430f5529.a
LOAD /opt/ti/gcc/bin/../lib/gcc/msp430-elf/4.9.1/libgcc.a
START GROUP
LOAD /opt/ti/gcc/bin/../lib/gcc/msp430-elf/4.9.1/../../../../msp430-elf/lib/libc.a
LOAD /opt/ti/gcc/bin/../lib/gcc/msp430-elf/4.9.1/libgcc.a
LOAD /opt/ti/gcc/bin/../lib/gcc/msp430-elf/4.9.1/../../../../msp430-elf/lib/libcrt.a
LOAD /opt/ti/gcc/bin/../lib/gcc/msp430-elf/4.9.1/../../../../msp430-elf/lib/libnosys.a
END GROUP

LOAD /opt/ti/gcc/bin/../lib/gcc/msp430-elf/4.9.1/libgcc.a
LOAD /opt/ti/gcc/bin/../lib/gcc/msp430-elf/4.9.1/crtend.o
LOAD /opt/ti/gcc/bin/../lib/gcc/msp430-elf/4.9.1/../../../../msp430-elf/lib/crtn.o
LOAD /opt/ti/gcc/bin/../lib/gcc/msp430-elf/4.9.1/libgcc.a
                0x00002380                tSetupPacket = 0x2380
                0x00000920                tEndPoint0DescriptorBlock = 0x920
                0x000023c8                tInputEndPointDescriptorBlock = 0x23c8
                0x00002388                tOutputEndPointDescriptorBlock = 0x2388
                0x00002378                abIEP0Buffer = 0x2378
                0x00002370                abOEP0Buffer = 0x2370
                0x00001c00                pbXBufferAddressEp1 = 0x1c00
                0x00001c40                pbYBufferAddressEp1 = 0x1c40
                0x00001c80                pbXBufferAddressEp81 = 0x1c80
                0x00001cc0                pbYBufferAddressEp81 = 0x1cc0
                0x00001d00                pbXBufferAddressEp2 = 0x1d00
                0x00001d40                pbYBufferAddressEp2 = 0x1d40
                0x00001d80                pbXBufferAddressEp82 = 0x1d80
                0x00001dc0                pbYBufferAddressEp82 = 0x1dc0
                0x00001e00                pbXBufferAddressEp3 = 0x1e00
                0x00001e40                pbYBufferAddressEp3 = 0x1e40
                0x00001e80                pbXBufferAddressEp83 = 0x1e80
                0x00001ec0                pbYBufferAddressEp83 = 0x1ec0
                0x00001f00                pbXBufferAddressEp4 = 0x1f00
                0x00001f40                pbYBufferAddressEp4 = 0x1f40
                0x00001f80                pbXBufferAddressEp84 = 0x1f80
                0x00001fc0                pbYBufferAddressEp84 = 0x1fc0
                0x00002000                pbXBufferAddressEp5 = 0x2000
                0x00002040                pbYBufferAddressEp5 = 0x2040
                0x00002080                pbXBufferAddressEp85 = 0x2080
                0x000020c0                pbYBufferAddressEp85 = 0x20c0
                0x00002100                pbXBufferAddressEp6 = 0x2100
                0x00002140                pbYBufferAddressEp6 = 0x2140
                0x00002180                pbXBufferAddressEp86 = 0x2180
                0x000021c0                pbYBufferAddressEp86 = 0x21c0
                0x00002200                pbXBufferAddressEp7 = 0x2200
                0x00002240                pbYBufferAddressEp7 = 0x2240
                0x00002280                pbXBufferAddressEp87 = 0x2280
                0x000022c0                pbYBufferAddressEp87 = 0x22c0

__interrupt_vector_1
 *(__interrupt_vector_1)

__interrupt_vector_2
 *(__interrupt_vector_2)

__interrupt_vector_3
 *(__interrupt_vector_3)

__interrupt_vector_4
 *(__interrupt_vector_4)

__interrupt_vector_5
 *(__interrupt_vector_5)

__interrupt_vector_6
 *(__interrupt_vector_6)

__interrupt_vector_7
 *(__interrupt_vector_7)

__interrupt_vector_8
 *(__interrupt_vector_8)

__interrupt_vector_9
 *(__interrupt_vector_9)

__interrupt_vector_10
 *(__interrupt_vector_10)

__interrupt_vector_11
 *(__interrupt_vector_11)

__interrupt_vector_12
 *(__interrupt_vector_12)

__interrupt_vector_13
 *(__interrupt_vector_13)

__interrupt_vector_14
 *(__interrupt_vector_14)

__interrupt_vector_15
 *(__interrupt_vector_15)

__interrupt_vector_16
 *(__interrupt_vector_16)

__interrupt_vector_17
 *(__interrupt_vector_17)

__interrupt_vector_18
 *(__interrupt_vector_18)

__interrupt_vector_19
 *(__interrupt_vector_19)

__interrupt_vector_20
 *(__interrupt_vector_20)

__interrupt_vector_21
 *(__interrupt_vector_21)

__interrupt_vector_22
 *(__interrupt_vector_22)

__interrupt_vector_23
 *(__interrupt_vector_23)

__interrupt_vector_24
 *(__interrupt_vector_24)

__interrupt_vector_25
 *(__interrupt_vector_25)

__interrupt_vector_26
 *(__interrupt_vector_26)

__interrupt_vector_27
 *(__interrupt_vector_27)

__interrupt_vector_28
 *(__interrupt_vector_28)

__interrupt_vector_29
 *(__interrupt_vector_29)

__interrupt_vector_30
 *(__interrupt_vector_30)

__interrupt_vector_31
 *(__interrupt_vector_31)

__interrupt_vector_32
 *(__interrupt_vector_32)

__interrupt_vector_33
 *(__interrupt_vector_33)

__interrupt_vector_34
 *(__interrupt_vector_34)

__interrupt_vector_35
 *(__interrupt_vector_35)

__interrupt_vector_36
 *(__interrupt_vector_36)

__interrupt_vector_37
 *(__interrupt_vector_37)

__interrupt_vector_38
 *(__interrupt_vector_38)

__interrupt_vector_39
 *(__interrupt_vector_39)

__interrupt_vector_40
 *(__interrupt_vector_40)

__interrupt_vector_41
 *(__interrupt_vector_41)

__interrupt_vector_42
 *(__interrupt_vector_42)
 *(__interrupt_vector_rtc)

__interrupt_vector_43
 *(__interrupt_vector_43)
 *(__interrupt_vector_port2)

__interrupt_vector_44
 *(__interrupt_vector_44)
 *(__interrupt_vector_timer2_a1)

__interrupt_vector_45
 *(__interrupt_vector_45)
 *(__interrupt_vector_timer2_a0)

__interrupt_vector_46
 *(__interrupt_vector_46)
 *(__interrupt_vector_usci_b1)

__interrupt_vector_47
 *(__interrupt_vector_47)
 *(__interrupt_vector_usci_a1)

__interrupt_vector_48
 *(__interrupt_vector_48)
 *(__interrupt_vector_port1)

__interrupt_vector_49
 *(__interrupt_vector_49)
 *(__interrupt_vector_timer1_a1)

__interrupt_vector_50
 *(__interrupt_vector_50)
 *(__interrupt_vector_timer1_a0)

__interrupt_vector_51
 *(__interrupt_vector_51)
 *(__interrupt_vector_dma)

__interrupt_vector_52
                0x0000ffe6        0x2
 *(__interrupt_vector_52)
 __interrupt_vector_52
                0x0000ffe6        0x2 CMakeFiles/firmware-msp430f5529.elf.dir/__/peripherals/USB_config/UsbIsr.c.obj
 *(__interrupt_vector_usb_ubm)

__interrupt_vector_53
 *(__interrupt_vector_53)
 *(__interrupt_vector_timer0_a1)

__interrupt_vector_54
 *(__interrupt_vector_54)
 *(__interrupt_vector_timer0_a0)

__interrupt_vector_55
 *(__interrupt_vector_55)
 *(__interrupt_vector_adc12)

__interrupt_vector_56
 *(__interrupt_vector_56)
 *(__interrupt_vector_usci_b0)

__interrupt_vector_57
 *(__interrupt_vector_57)
 *(__interrupt_vector_usci_a0)

__interrupt_vector_58
 *(__interrupt_vector_58)
 *(__interrupt_vector_wdt)

__interrupt_vector_59
 *(__interrupt_vector_59)
 *(__interrupt_vector_timer0_b1)

__interrupt_vector_60
 *(__interrupt_vector_60)
 *(__interrupt_vector_timer0_b0)

__interrupt_vector_61
 *(__interrupt_vector_61)
 *(__interrupt_vector_comp_b)

__interrupt_vector_62
 *(__interrupt_vector_62)
 *(__interrupt_vector_unmi)

__interrupt_vector_63
 *(__interrupt_vector_63)
 *(__interrupt_vector_sysnmi)

__reset_vector  0x0000fffe        0x2
 *(__interrupt_vector_64)
 *(__interrupt_vector_reset)
 *(.resetvec)
 .resetvec      0x0000fffe        0x2 /opt/ti/gcc/bin/../lib/gcc/msp430-elf/4.9.1/../../../../msp430-elf/lib/crt0.o

.rodata         0x00004400      0x464
                0x00004400                . = ALIGN (0x2)
 *(.plt)
                0x00004400                . = ALIGN (0x2)
 *(.lower.rodata.* .lower.rodata)
                0x00004400                . = ALIGN (0x2)
 *(.rodata .rodata.* .gnu.linkonce.r.* .const .const:*)
 .rodata        0x00004400       0x11 CMakeFiles/firmware-msp430f5529.elf.dir/main.c.obj
 *fill*         0x00004411        0x1
 .rodata.tUsbRequestList
                0x00004412      0x15c ../peripherals/USB_config/libusb-config-msp430f5529.a(descriptors.c.obj)
                0x00004412                tUsbRequestList
 .rodata.stUsbHandle
                0x0000456e       0x40 ../peripherals/USB_config/libusb-config-msp430f5529.a(descriptors.c.obj)
                0x0000456e                stUsbHandle
 .rodata.report_desc_HID0
                0x000045ae       0x24 ../peripherals/USB_config/libusb-config-msp430f5529.a(descriptors.c.obj)
                0x000045ae                report_desc_HID0
 .rodata.abromStringDescriptor
                0x000045d2      0x146 ../peripherals/USB_config/libusb-config-msp430f5529.a(descriptors.c.obj)
                0x000045d2                abromStringDescriptor
 .rodata.abromConfigurationDescriptorGroup
                0x00004718       0xef ../peripherals/USB_config/libusb-config-msp430f5529.a(descriptors.c.obj)
                0x00004718                abromConfigurationDescriptorGroup
 .rodata.abromDeviceDescriptor
                0x00004807       0x12 ../peripherals/USB_config/libusb-config-msp430f5529.a(descriptors.c.obj)
                0x00004807                abromDeviceDescriptor
 *fill*         0x00004819        0x1
 .rodata.report_desc_size
                0x0000481a        0x2 ../peripherals/USB_config/libusb-config-msp430f5529.a(descriptors.c.obj)
                0x0000481a                report_desc_size
 .rodata        0x0000481c       0x11 ../subsystem/libcontrol-iface-msp430f5529.a(control_iface.c.obj)
 *fill*         0x0000482d        0x1
 .rodata.GPIO_PORT_TO_BASE
                0x0000482e       0x1c ../peripherals/driverlib/MSP430F5xx_6xx/libdriverlib-msp430f5529.a(gpio.c.obj)
 .rodata        0x0000484a        0x7 ../lib/libprintf-msp430f5529.a(printf.c.obj)
 *(.rodata1)
 *(.eh_frame_hdr)
 *(.eh_frame)
 *fill*         0x00004851        0x3
 .eh_frame      0x00004854        0x0 /opt/ti/gcc/bin/../lib/gcc/msp430-elf/4.9.1/crtbegin.o
 .eh_frame      0x00004854        0x4 /opt/ti/gcc/bin/../lib/gcc/msp430-elf/4.9.1/crtend.o
 *(.gcc_except_table)
 *(.gcc_except_table.*)
                0x00004858                PROVIDE (__preinit_array_start, .)
 *(.preinit_array)
                0x00004858                PROVIDE (__preinit_array_end, .)
                0x00004858                PROVIDE (__init_array_start, .)
 *(SORT(.init_array.*))
 *(.init_array)
                0x00004858                PROVIDE (__init_array_end, .)
                0x00004858                PROVIDE (__fini_array_start, .)
 *(.fini_array)
 *(SORT(.fini_array.*))
                0x00004858                PROVIDE (__fini_array_end, .)
                0x00004858        0x4 LONG 0x0
 *crtbegin*.o(.ctors)
 .ctors         0x0000485c        0x2 /opt/ti/gcc/bin/../lib/gcc/msp430-elf/4.9.1/crtbegin.o
 *(EXCLUDE_FILE(*crtend*.o) .ctors)
 *(SORT(.ctors.*))
 *(.ctors)
 .ctors         0x0000485e        0x2 /opt/ti/gcc/bin/../lib/gcc/msp430-elf/4.9.1/crtend.o
 *crtbegin*.o(.dtors)
 .dtors         0x00004860        0x2 /opt/ti/gcc/bin/../lib/gcc/msp430-elf/4.9.1/crtbegin.o
 *(EXCLUDE_FILE(*crtend*.o) .dtors)
 *(SORT(.dtors.*))
 *(.dtors)
 .dtors         0x00004862        0x2 /opt/ti/gcc/bin/../lib/gcc/msp430-elf/4.9.1/crtend.o

.upper.rodata
 *(.upper.rodata.* .upper.rodata)

.data           0x00002400        0x8 load address 0x00004864
                0x00002400                . = ALIGN (0x2)
                0x00002400                PROVIDE (__datastart, .)
 *(.lower.data.* .lower.data)
                0x00002400                . = ALIGN (0x2)
 *(.either.data.* .either.data)
                0x00002400                . = ALIGN (0x2)
 *(.jcr)
 .jcr           0x00002400        0x0 /opt/ti/gcc/bin/../lib/gcc/msp430-elf/4.9.1/crtbegin.o
 .jcr           0x00002400        0x2 /opt/ti/gcc/bin/../lib/gcc/msp430-elf/4.9.1/crtend.o
 *(.data.rel.ro.local)
 *(.data.rel.ro*)
 *(.dynamic)
                0x00002402                . = ALIGN (0x2)
 *(.data .data.* .gnu.linkonce.d.*)
 .data          0x00002402        0x4 /opt/ti/gcc/bin/../lib/gcc/msp430-elf/4.9.1/crtbegin.o
                0x00002402                __dso_handle
 .data.report_desc
                0x00002406        0x2 ../peripherals/USB_config/libusb-config-msp430f5529.a(descriptors.c.obj)
                0x00002406                report_desc
 *(.gnu.linkonce.d.*personality*)
 *(.data1)
 *(.got.plt)
 *(.got)
                0x00002408                . = ALIGN (0x2)
 *(.sdata .sdata.* .gnu.linkonce.s.* D_2 D_1)
                0x00002408                . = ALIGN (0x2)
                0x00002408                _edata = .
                0x00002408                PROVIDE (edata, .)
                0x00002408                PROVIDE (__dataend, .)
                0x00004864                PROVIDE (__romdatastart, LOADADDR (.data))
                0x00000008                PROVIDE (__romdatacopysize, SIZEOF (.data))

.bss            0x00002408      0x50c load address 0x0000486c
                0x00002408                . = ALIGN (0x2)
                0x00002408                PROVIDE (__bssstart, .)
 *(.lower.bss.* .lower.bss)
                0x00002408                . = ALIGN (0x2)
 *(.either.bss.* .either.bss)
 *(.dynbss)
 *(.sbss .sbss.*)
 *(.bss .bss.* .gnu.linkonce.b.*)
 .bss           0x00002408       0x10 /opt/ti/gcc/bin/../lib/gcc/msp430-elf/4.9.1/crtbegin.o
 .bss.rval      0x00002418        0x2 CMakeFiles/firmware-msp430f5529.elf.dir/main.c.obj
                0x00002418                rval
 .bss.bRemoteWakeup
                0x0000241a        0x1 ../peripherals/USB_API/libusb-api-msp430f5529.a(usb.c.obj)
 .bss.bEnumerationStatus
                0x0000241b        0x1 ../peripherals/USB_API/libusb-api-msp430f5529.a(usb.c.obj)
                0x0000241b                bEnumerationStatus
 .bss.bFunctionSuspended
                0x0000241c        0x1 ../peripherals/USB_API/libusb-api-msp430f5529.a(usb.c.obj)
                0x0000241c                bFunctionSuspended
 .bss.bHostAskMoreDataThanAvailable
                0x0000241d        0x1 ../peripherals/USB_API/libusb-api-msp430f5529.a(usb.c.obj)
 .bss.pbOEP0Buffer
                0x0000241e        0x2 ../peripherals/USB_API/libusb-api-msp430f5529.a(usb.c.obj)
 .bss.pbIEP0Buffer
                0x00002420        0x2 ../peripherals/USB_API/libusb-api-msp430f5529.a(usb.c.obj)
 .bss.bInterfaceNumber
                0x00002422        0x1 ../peripherals/USB_API/libusb-api-msp430f5529.a(usb.c.obj)
 .bss.bConfigurationNumber
                0x00002423        0x1 ../peripherals/USB_API/libusb-api-msp430f5529.a(usb.c.obj)
 .bss.CdcReadCtrl
                0x00002424       0x30 ../peripherals/USB_API/libusb-api-msp430f5529.a(UsbCdc.c.obj)
 .bss.CdcWriteCtrl
                0x00002454       0x1e ../peripherals/USB_API/libusb-api-msp430f5529.a(UsbCdc.c.obj)
 .bss.CdcControl
                0x00002472       0x18 ../peripherals/USB_API/libusb-api-msp430f5529.a(UsbCdc.c.obj)
 .bss.hidProtocol
                0x0000248a        0x1 ../peripherals/USB_API/libusb-api-msp430f5529.a(UsbHid.c.obj)
                0x0000248a                hidProtocol
 *fill*         0x0000248b        0x1
 .bss.HidReadCtrl
                0x0000248c       0x10 ../peripherals/USB_API/libusb-api-msp430f5529.a(UsbHid.c.obj)
 .bss.HidWriteCtrl
                0x0000249c        0x8 ../peripherals/USB_API/libusb-api-msp430f5529.a(UsbHid.c.obj)
 .bss.UCS_XT2ClockFrequency
                0x000024a4        0x4 ../peripherals/driverlib/MSP430F5xx_6xx/libdriverlib-msp430f5529.a(ucs.c.obj)
                0x000024a4                UCS_XT2ClockFrequency
 .bss.UCS_XT1ClockFrequency
                0x000024a8        0x4 ../peripherals/driverlib/MSP430F5xx_6xx/libdriverlib-msp430f5529.a(ucs.c.obj)
                0x000024a8                UCS_XT1ClockFrequency
                0x000024ac                . = ALIGN (0x2)
 *(COMMON)
 COMMON         0x000024ac        0xa CMakeFiles/firmware-msp430f5529.elf.dir/main.c.obj
                0x000024ac                prbs
 COMMON         0x000024b6       0x39 ../peripherals/USB_API/libusb-api-msp430f5529.a(usb.c.obj)
                0x000024b6                abUsbRequestIncomingData
                0x000024be                abUsbRequestReturnData
                0x000024c6                abramSerialStringDescriptor
                0x000024e8                wUsbEventMask
                0x000024ea                wBytesRemainingOnIEP0
                0x000024ec                wBytesRemainingOnOEP0
                0x000024ee                bStatusAction
 *fill*         0x000024ef        0x1
 COMMON         0x000024f0        0x4 ../peripherals/USB_API/libusb-api-msp430f5529.a(usbdma.c.obj)
                0x000024f0                USB_RX_memcpy
                0x000024f2                USB_TX_memcpy
 COMMON         0x000024f4       0xd3 ../subsystem/libbc-iface-usb-msp430f5529.a(bc_iface_usb.c.obj)
                0x000024f4                bcif_txbuf
                0x00002502                bcif_txbuffer
 *fill*         0x000025c7        0x1
 COMMON         0x000025c8      0x264 ../lib/libmodbus-msp430f5529.a(modbus.c.obj)
                0x000025c8                modbus_server_nak_cnt
                0x000025ca                modbus_server_msg_cnt
                0x000025cc                modbus_sm_rxlen
                0x000025ce                modbus_bus_exception_cnt
                0x000025d0                modbus_server_busy_cnt
                0x000025d2                modbus_comm_event_log_buf
                0x00002612                modbus_bus_char_overrun_cnt
                0x00002614                modbus_sm_state
                0x00002616                modbus_comm_event_cnt
                0x00002618                modbus_txbuf
                0x00002718                modbus_rxbuf
                0x00002818                modbus_comm_event_log
                0x00002826                modbus_bus_msg_cnt
                0x00002828                modbus_bus_comm_err_cnt
                0x0000282a                modbus_server_noresp_cnt
 COMMON         0x0000282c        0x8 ../bsp/libboard-funcs-msp430f5529.a(board.c.obj)
                0x0000282c                bcif_handle_txdone
                0x0000282d                controlif_rx_active_chunksize
                0x0000282e                controlif_handle_rxdone
                0x00002830                bcif_usb_active_chunksize
                0x00002832                controlif_rx_inprogress
                0x00002833                bcif_tx_inprogress
 COMMON         0x00002834       0xe0 ../lib/libucdm-msp430f5529.a(ucdm.c.obj)
                0x00002834                ucdm_rw_handler
                0x00002874                ucdm_register
                0x000028b4                ucdm_acctype
                0x000028d4                ucdm_bw_handler
                0x00002914                PROVIDE (__bssend, .)
                0x0000050c                PROVIDE (__bsssize, SIZEOF (.bss))

.noinit         0x00002914        0x0 load address 0x0000486c
                0x00002914                . = ALIGN (0x2)
                0x00002914                PROVIDE (__noinit_start, .)
 *(.noinit)
                0x00002914                . = ALIGN (0x2)
                0x00002914                PROVIDE (__noinit_end, .)
                0x00002914                _end = .
                0x00002914                PROVIDE (end, .)

.stack          0x00004400        0x0
                0x00004400                PROVIDE (__stack, .)
 *(.stack)

.lowtext        0x0000486c       0x6c
                0x0000486c                PROVIDE (_start, .)
                0x0000486c                . = ALIGN (0x2)
 *(SORT(.crt_*))
 .crt_0000start
                0x0000486c        0xa /opt/ti/gcc/bin/../lib/gcc/msp430-elf/4.9.1/../../../../msp430-elf/lib/crt0.o
                0x0000486c                __crt0_start
 .crt_0100init_bss
                0x00004876        0xe /opt/ti/gcc/bin/../lib/gcc/msp430-elf/4.9.1/../../../../msp430-elf/lib/libcrt.a(crt_bss.o)
                0x00004876                __crt0_init_bss
 .crt_0300movedata
                0x00004884       0x14 /opt/ti/gcc/bin/../lib/gcc/msp430-elf/4.9.1/../../../../msp430-elf/lib/libcrt.a(crt_movedata.o)
                0x00004884                __crt0_movedata
 .crt_0700call_init_then_main
                0x00004898        0xa /opt/ti/gcc/bin/../lib/gcc/msp430-elf/4.9.1/../../../../msp430-elf/lib/libcrt.a(crt_main.o)
                0x00004898                __crt0_call_init_then_main
 .crt_0900main_init
                0x000048a2       0x36 /opt/ti/gcc/bin/../lib/gcc/msp430-elf/4.9.1/../../../../msp430-elf/lib/crt0.o
                0x000048a2                _msp430_run_init_array
                0x000048ae                _msp430_run_preinit_array
                0x000048ba                _msp430_run_fini_array
 *(.lowtext)

.text           0x000048d8     0x3312
                0x000048d8                . = ALIGN (0x2)
 *(.lower.text.* .lower.text)
                0x000048d8                . = ALIGN (0x2)
 *(.text .stub .text.* .gnu.linkonce.t.* .text:*)
 .text          0x000048d8       0xa4 /opt/ti/gcc/bin/../lib/gcc/msp430-elf/4.9.1/crtbegin.o
 .text.bc_printf.constprop.1
                0x0000497c       0x1a CMakeFiles/firmware-msp430f5529.elf.dir/main.c.obj
 .text.deferred_exec
                0x00004996       0x40 CMakeFiles/firmware-msp430f5529.elf.dir/main.c.obj
                0x00004996                deferred_exec
 .text.startup.main
                0x000049d6       0xe8 CMakeFiles/firmware-msp430f5529.elf.dir/main.c.obj
                0x000049d6                main
 .text.SetupPacketInterruptHandler
                0x00004abe       0x4c CMakeFiles/firmware-msp430f5529.elf.dir/__/peripherals/USB_config/UsbIsr.c.obj
                0x00004abe                SetupPacketInterruptHandler
 .text.PWRVBUSoffHandler
                0x00004b0a       0x84 CMakeFiles/firmware-msp430f5529.elf.dir/__/peripherals/USB_config/UsbIsr.c.obj
                0x00004b0a                PWRVBUSoffHandler
 .text.PWRVBUSonHandler
                0x00004b8e       0x74 CMakeFiles/firmware-msp430f5529.elf.dir/__/peripherals/USB_config/UsbIsr.c.obj
                0x00004b8e                PWRVBUSonHandler
 .text.IEP0InterruptHandler
                0x00004c02       0x1c CMakeFiles/firmware-msp430f5529.elf.dir/__/peripherals/USB_config/UsbIsr.c.obj
                0x00004c02                IEP0InterruptHandler
 .text.OEP0InterruptHandler
                0x00004c1e       0x54 CMakeFiles/firmware-msp430f5529.elf.dir/__/peripherals/USB_config/UsbIsr.c.obj
                0x00004c1e                OEP0InterruptHandler
 .text.iUsbInterruptHandler
                0x00004c72      0x330 CMakeFiles/firmware-msp430f5529.elf.dir/__/peripherals/USB_config/UsbIsr.c.obj
                0x00004c72                iUsbInterruptHandler
 .text.power_set_full
                0x00004fa2        0xa ../peripherals/libhal-uc-core-msp430f5529.a(core_impl.c.obj)
                0x00004fa2                power_set_full
 .text.clock_set_default
                0x00004fac       0x90 ../peripherals/libhal-uc-core-msp430f5529.a(core_impl.c.obj)
                0x00004fac                clock_set_default
 .text.lfsr_vInit
                0x0000503c       0x16 ../lib/libprbs-msp430f5529.a(prbs.c.obj)
                0x0000503c                lfsr_vInit
 .text.USB_InitSerialStringDescriptor
                0x00005052       0xf6 ../peripherals/USB_API/libusb-api-msp430f5529.a(usb.c.obj)
                0x00005052                USB_InitSerialStringDescriptor
 .text.USB_disable
                0x00005148       0x22 ../peripherals/USB_API/libusb-api-msp430f5529.a(usb.c.obj)
                0x00005148                USB_disable
 .text.USB_reset
                0x0000516a      0x148 ../peripherals/USB_API/libusb-api-msp430f5529.a(usb.c.obj)
                0x0000516a                USB_reset
 .text.USB_connect
                0x000052b2       0x1a ../peripherals/USB_API/libusb-api-msp430f5529.a(usb.c.obj)
                0x000052b2                USB_connect
 .text.USB_disconnect
                0x000052cc       0x22 ../peripherals/USB_API/libusb-api-msp430f5529.a(usb.c.obj)
                0x000052cc                USB_disconnect
 .text.USB_connectionInfo
                0x000052ee       0x3e ../peripherals/USB_API/libusb-api-msp430f5529.a(usb.c.obj)
                0x000052ee                USB_connectionInfo
 .text.USB_connectionState
                0x0000532c       0x96 ../peripherals/USB_API/libusb-api-msp430f5529.a(usb.c.obj)
                0x0000532c                USB_connectionState
 .text.USB_suspend
                0x000053c2       0x2c ../peripherals/USB_API/libusb-api-msp430f5529.a(usb.c.obj)
                0x000053c2                USB_suspend
 .text.usbClearOEP0ByteCount
                0x000053ee        0x6 ../peripherals/USB_API/libusb-api-msp430f5529.a(usb.c.obj)
                0x000053ee                usbClearOEP0ByteCount
 .text.usbSendNextPacketOnIEP0
                0x000053f4       0x76 ../peripherals/USB_API/libusb-api-msp430f5529.a(usb.c.obj)
                0x000053f4                usbSendNextPacketOnIEP0
 .text.usbSendDataPacketOnEP0
                0x0000546a       0x26 ../peripherals/USB_API/libusb-api-msp430f5529.a(usb.c.obj)
                0x0000546a                usbSendDataPacketOnEP0
 .text.usbReceiveNextPacketOnOEP0
                0x00005490       0x66 ../peripherals/USB_API/libusb-api-msp430f5529.a(usb.c.obj)
                0x00005490                usbReceiveNextPacketOnOEP0
 .text.usbReceiveDataPacketOnEP0
                0x000054f6       0x14 ../peripherals/USB_API/libusb-api-msp430f5529.a(usb.c.obj)
                0x000054f6                usbReceiveDataPacketOnEP0
 .text.usbSendZeroLengthPacketOnIEP0
                0x0000550a        0xe ../peripherals/USB_API/libusb-api-msp430f5529.a(usb.c.obj)
                0x0000550a                usbSendZeroLengthPacketOnIEP0
 .text.usbClearEndpointFeature
                0x00005518       0x50 ../peripherals/USB_API/libusb-api-msp430f5529.a(usb.c.obj)
                0x00005518                usbClearEndpointFeature
 .text.usbGetConfiguration
                0x00005568       0x14 ../peripherals/USB_API/libusb-api-msp430f5529.a(usb.c.obj)
                0x00005568                usbGetConfiguration
 .text.usbGetDeviceDescriptor
                0x0000557c       0x16 ../peripherals/USB_API/libusb-api-msp430f5529.a(usb.c.obj)
                0x0000557c                usbGetDeviceDescriptor
 .text.usbGetConfigurationDescriptor
                0x00005592       0x16 ../peripherals/USB_API/libusb-api-msp430f5529.a(usb.c.obj)
                0x00005592                usbGetConfigurationDescriptor
 .text.usbGetStringDescriptor
                0x000055a8       0x62 ../peripherals/USB_API/libusb-api-msp430f5529.a(usb.c.obj)
                0x000055a8                usbGetStringDescriptor
 .text.usbGetInterface
                0x0000560a       0x1e ../peripherals/USB_API/libusb-api-msp430f5529.a(usb.c.obj)
                0x0000560a                usbGetInterface
 .text.usbGetDeviceStatus
                0x00005628       0x2a ../peripherals/USB_API/libusb-api-msp430f5529.a(usb.c.obj)
                0x00005628                usbGetDeviceStatus
 .text.usbGetInterfaceStatus
                0x00005652       0x1e ../peripherals/USB_API/libusb-api-msp430f5529.a(usb.c.obj)
                0x00005652                usbGetInterfaceStatus
 .text.usbGetEndpointStatus
                0x00005670       0x7a ../peripherals/USB_API/libusb-api-msp430f5529.a(usb.c.obj)
                0x00005670                usbGetEndpointStatus
 .text.usbSetAddress
                0x000056ea       0x2c ../peripherals/USB_API/libusb-api-msp430f5529.a(usb.c.obj)
                0x000056ea                usbSetAddress
 .text.usbSetConfiguration
                0x00005716       0x32 ../peripherals/USB_API/libusb-api-msp430f5529.a(usb.c.obj)
                0x00005716                usbSetConfiguration
 .text.usbClearDeviceFeature
                0x00005748       0x26 ../peripherals/USB_API/libusb-api-msp430f5529.a(usb.c.obj)
                0x00005748                usbClearDeviceFeature
 .text.usbSetDeviceFeature
                0x0000576e       0x26 ../peripherals/USB_API/libusb-api-msp430f5529.a(usb.c.obj)
                0x0000576e                usbSetDeviceFeature
 .text.usbSetEndpointFeature
                0x00005794       0x52 ../peripherals/USB_API/libusb-api-msp430f5529.a(usb.c.obj)
                0x00005794                usbSetEndpointFeature
 .text.usbSetInterface
                0x000057e6       0x1e ../peripherals/USB_API/libusb-api-msp430f5529.a(usb.c.obj)
                0x000057e6                usbSetInterface
 .text.usbInvalidRequest
                0x00005804       0x12 ../peripherals/USB_API/libusb-api-msp430f5529.a(usb.c.obj)
                0x00005804                usbInvalidRequest
 .text.usbDecodeAndProcessUsbRequest
                0x00005816       0x9c ../peripherals/USB_API/libusb-api-msp430f5529.a(usb.c.obj)
                0x00005816                usbDecodeAndProcessUsbRequest
 .text.usbDisableInEndpointInterrupt
                0x000058b2       0x1a ../peripherals/USB_API/libusb-api-msp430f5529.a(usb.c.obj)
                0x000058b2                usbDisableInEndpointInterrupt
 .text.usbRestoreInEndpointInterrupt
                0x000058cc        0x6 ../peripherals/USB_API/libusb-api-msp430f5529.a(usb.c.obj)
                0x000058cc                usbRestoreInEndpointInterrupt
 .text.usbDisableOutEndpointInterrupt
                0x000058d2       0x1a ../peripherals/USB_API/libusb-api-msp430f5529.a(usb.c.obj)
                0x000058d2                usbDisableOutEndpointInterrupt
 .text.usbRestoreOutEndpointInterrupt
                0x000058ec        0x6 ../peripherals/USB_API/libusb-api-msp430f5529.a(usb.c.obj)
                0x000058ec                usbRestoreOutEndpointInterrupt
 .text.USB_determineFreq
                0x000058f2      0x110 ../peripherals/USB_API/libusb-api-msp430f5529.a(usb.c.obj)
                0x000058f2                USB_determineFreq
 .text.USB_init
                0x00005a02       0x8e ../peripherals/USB_API/libusb-api-msp430f5529.a(usb.c.obj)
                0x00005a02                USB_init
 .text.USB_enable
                0x00005a90       0xf4 ../peripherals/USB_API/libusb-api-msp430f5529.a(usb.c.obj)
                0x00005a90                USB_enable
 .text.USB_setup
                0x00005b84       0x4c ../peripherals/USB_API/libusb-api-msp430f5529.a(usb.c.obj)
                0x00005b84                USB_setup
 .text.USB_resume
                0x00005bd0       0x18 ../peripherals/USB_API/libusb-api-msp430f5529.a(usb.c.obj)
                0x00005bd0                USB_resume
 .text.memcpyV  0x00005be8       0x24 ../peripherals/USB_API/libusb-api-msp430f5529.a(usbdma.c.obj)
                0x00005be8                memcpyV
 .text.memcpyDMA
                0x00005c0c       0x6e ../peripherals/USB_API/libusb-api-msp430f5529.a(usbdma.c.obj)
                0x00005c0c                memcpyDMA
 .text.USB_initMemcpy
                0x00005c7a       0x38 ../peripherals/USB_API/libusb-api-msp430f5529.a(usbdma.c.obj)
                0x00005c7a                USB_initMemcpy
 .text.CdcResetData
                0x00005cb2       0xe6 ../peripherals/USB_API/libusb-api-msp430f5529.a(UsbCdc.c.obj)
                0x00005cb2                CdcResetData
 .text.USBCDC_sendData
                0x00005d98       0x92 ../peripherals/USB_API/libusb-api-msp430f5529.a(UsbCdc.c.obj)
                0x00005d98                USBCDC_sendData
 .text.CdcToHostFromBuffer
                0x00005e2a      0x1ae ../peripherals/USB_API/libusb-api-msp430f5529.a(UsbCdc.c.obj)
                0x00005e2a                CdcToHostFromBuffer
 .text.CopyUsbToBuff
                0x00005fd8       0x72 ../peripherals/USB_API/libusb-api-msp430f5529.a(UsbCdc.c.obj)
                0x00005fd8                CopyUsbToBuff
 .text.USBCDC_receiveData
                0x0000604a      0x228 ../peripherals/USB_API/libusb-api-msp430f5529.a(UsbCdc.c.obj)
                0x0000604a                USBCDC_receiveData
 .text.CdcToBufferFromHost
                0x00006272      0x12a ../peripherals/USB_API/libusb-api-msp430f5529.a(UsbCdc.c.obj)
                0x00006272                CdcToBufferFromHost
 .text.CdcIsReceiveInProgress
                0x0000639c       0x1c ../peripherals/USB_API/libusb-api-msp430f5529.a(UsbCdc.c.obj)
                0x0000639c                CdcIsReceiveInProgress
 .text.USBCDC_rejectData
                0x000063b8       0x86 ../peripherals/USB_API/libusb-api-msp430f5529.a(UsbCdc.c.obj)
                0x000063b8                USBCDC_rejectData
 .text.USBCDC_bytesInUSBBuffer
                0x0000643e       0x84 ../peripherals/USB_API/libusb-api-msp430f5529.a(UsbCdc.c.obj)
                0x0000643e                USBCDC_bytesInUSBBuffer
 .text.usbGetLineCoding
                0x000064c2       0x84 ../peripherals/USB_API/libusb-api-msp430f5529.a(UsbCdc.c.obj)
                0x000064c2                usbGetLineCoding
 .text.usbSetLineCoding
                0x00006546        0xc ../peripherals/USB_API/libusb-api-msp430f5529.a(UsbCdc.c.obj)
                0x00006546                usbSetLineCoding
 .text.usbSetControlLineState
                0x00006552       0x18 ../peripherals/USB_API/libusb-api-msp430f5529.a(UsbCdc.c.obj)
                0x00006552                usbSetControlLineState
 .text.Handler_SetLineCoding
                0x0000656a       0x8c ../peripherals/USB_API/libusb-api-msp430f5529.a(UsbCdc.c.obj)
                0x0000656a                Handler_SetLineCoding
 .text.HidResetData
                0x000065f6       0x3e ../peripherals/USB_API/libusb-api-msp430f5529.a(UsbHid.c.obj)
                0x000065f6                HidResetData
 .text.HidToHostFromBuffer
                0x00006634      0x146 ../peripherals/USB_API/libusb-api-msp430f5529.a(UsbHid.c.obj)
                0x00006634                HidToHostFromBuffer
 .text.HidCopyUsbToBuff
                0x0000677a       0x76 ../peripherals/USB_API/libusb-api-msp430f5529.a(UsbHid.c.obj)
                0x0000677a                HidCopyUsbToBuff
 .text.HidToBufferFromHost
                0x000067f0      0x168 ../peripherals/USB_API/libusb-api-msp430f5529.a(UsbHid.c.obj)
                0x000067f0                HidToBufferFromHost
 .text.HidIsReceiveInProgress
                0x00006958       0x20 ../peripherals/USB_API/libusb-api-msp430f5529.a(UsbHid.c.obj)
                0x00006958                HidIsReceiveInProgress
 .text.USB_handleClockEvent
                0x00006978        0xc ../peripherals/USB_app/libusb-app-msp430f5529.a(usbEventHandling.c.obj)
                0x00006978                USB_handleClockEvent
 .text.USB_handleVbusOnEvent
                0x00006984       0x14 ../peripherals/USB_app/libusb-app-msp430f5529.a(usbEventHandling.c.obj)
                0x00006984                USB_handleVbusOnEvent
 .text.USB_handleVbusOffEvent
                0x00006998        0x4 ../peripherals/USB_app/libusb-app-msp430f5529.a(usbEventHandling.c.obj)
                0x00006998                USB_handleVbusOffEvent
 .text.USB_handleResetEvent
                0x0000699c        0x8 ../peripherals/USB_app/libusb-app-msp430f5529.a(usbEventHandling.c.obj)
                0x0000699c                USB_handleResetEvent
 .text.USB_handleSuspendEvent
                0x000069a4        0x8 ../peripherals/USB_app/libusb-app-msp430f5529.a(usbEventHandling.c.obj)
                0x000069a4                USB_handleSuspendEvent
 .text.USB_handleResumeEvent
                0x000069ac        0x8 ../peripherals/USB_app/libusb-app-msp430f5529.a(usbEventHandling.c.obj)
                0x000069ac                USB_handleResumeEvent
 .text.USB_handleEnumCompleteEvent
                0x000069b4        0x4 ../peripherals/USB_app/libusb-app-msp430f5529.a(usbEventHandling.c.obj)
                0x000069b4                USB_handleEnumCompleteEvent
 .text.USBCDC_handleDataReceived
                0x000069b8        0x4 ../peripherals/USB_app/libusb-app-msp430f5529.a(usbEventHandling.c.obj)
                0x000069b8                USBCDC_handleDataReceived
 .text.USBCDC_handleSendCompleted
                0x000069bc       0x10 ../peripherals/USB_app/libusb-app-msp430f5529.a(usbEventHandling.c.obj)
                0x000069bc                USBCDC_handleSendCompleted
 .text.USBCDC_handleReceiveCompleted
                0x000069cc       0x14 ../peripherals/USB_app/libusb-app-msp430f5529.a(usbEventHandling.c.obj)
                0x000069cc                USBCDC_handleReceiveCompleted
 .text.USBCDC_handleSetLineCoding
                0x000069e0        0x4 ../peripherals/USB_app/libusb-app-msp430f5529.a(usbEventHandling.c.obj)
                0x000069e0                USBCDC_handleSetLineCoding
 .text.USBCDC_handleSetControlLineState
                0x000069e4        0x4 ../peripherals/USB_app/libusb-app-msp430f5529.a(usbEventHandling.c.obj)
                0x000069e4                USBCDC_handleSetControlLineState
 .text.USBHID_handleDataReceived
                0x000069e8        0x4 ../peripherals/USB_app/libusb-app-msp430f5529.a(usbEventHandling.c.obj)
                0x000069e8                USBHID_handleDataReceived
 .text.USBHID_handleSendCompleted
                0x000069ec        0x4 ../peripherals/USB_app/libusb-app-msp430f5529.a(usbEventHandling.c.obj)
                0x000069ec                USBHID_handleSendCompleted
 .text.USBHID_handleReceiveCompleted
                0x000069f0        0x4 ../peripherals/USB_app/libusb-app-msp430f5529.a(usbEventHandling.c.obj)
                0x000069f0                USBHID_handleReceiveCompleted
 .text.USBHID_handleEP0SetReport
                0x000069f4        0x4 ../peripherals/USB_app/libusb-app-msp430f5529.a(usbEventHandling.c.obj)
                0x000069f4                USBHID_handleEP0SetReport
 .text.USBHID_handleEP0SetReportDataAvailable
                0x000069f8        0x4 ../peripherals/USB_app/libusb-app-msp430f5529.a(usbEventHandling.c.obj)
                0x000069f8                USBHID_handleEP0SetReportDataAvailable
 .text.USBHID_handleEP0GetReport
                0x000069fc        0x4 ../peripherals/USB_app/libusb-app-msp430f5529.a(usbEventHandling.c.obj)
                0x000069fc                USBHID_handleEP0GetReport
 .text.bcusb_send_trigger.part.0
                0x00006a00       0x4e ../subsystem/libbc-iface-usb-msp430f5529.a(bc_iface_usb.c.obj)
 .text.bcusb_init
                0x00006a4e       0x16 ../subsystem/libbc-iface-usb-msp430f5529.a(bc_iface_usb.c.obj)
                0x00006a4e                bcusb_init
 .text.bcusb_send_trigger
                0x00006a64        0xc ../subsystem/libbc-iface-usb-msp430f5529.a(bc_iface_usb.c.obj)
                0x00006a64                bcusb_send_trigger
 .text.bcusb_send_flush
                0x00006a70       0x5e ../subsystem/libbc-iface-usb-msp430f5529.a(bc_iface_usb.c.obj)
                0x00006a70                bcusb_send_flush
 .text.bc_vprintf
                0x00006ace       0x56 ../subsystem/libbc-iface-usb-msp430f5529.a(bc_iface_usb.c.obj)
                0x00006ace                bc_vprintf
 .text.bc_printf.constprop.0
                0x00006b24       0x1a ../subsystem/libcontrol-iface-msp430f5529.a(control_iface.c.obj)
 .text.controlif_state_machine
                0x00006b3e       0x38 ../subsystem/libcontrol-iface-msp430f5529.a(control_iface.c.obj)
                0x00006b3e                controlif_state_machine
 .text.modbus_state_machine
                0x00006b76        0x2 ../lib/libmodbus-msp430f5529.a(modbus.c.obj)
                0x00006b76                modbus_state_machine
 .text.modbus_init
                0x00006b78       0x44 ../lib/libmodbus-msp430f5529.a(modbus.c.obj)
                0x00006b78                modbus_init
 .text.usbGetHidDescriptor
                0x00006bbc       0x22 ../peripherals/USB_API/libusb-api-msp430f5529.a(UsbHidReq.c.obj)
                0x00006bbc                usbGetHidDescriptor
 .text.usbGetReportDescriptor
                0x00006bde       0x1c ../peripherals/USB_API/libusb-api-msp430f5529.a(UsbHidReq.c.obj)
                0x00006bde                usbGetReportDescriptor
 .text.usbSetReport
                0x00006bfa       0x2e ../peripherals/USB_API/libusb-api-msp430f5529.a(UsbHidReq.c.obj)
                0x00006bfa                usbSetReport
 .text.usbGetReport
                0x00006c28       0x22 ../peripherals/USB_API/libusb-api-msp430f5529.a(UsbHidReq.c.obj)
                0x00006c28                usbGetReport
 .text.DMA_initialize
                0x00006c4a       0x58 ../peripherals/driverlib/MSP430F5xx_6xx/libdriverlib-msp430f5529.a(dma.c.obj)
                0x00006c4a                DMA_initialize
 .text.DMA_init
                0x00006ca2       0x36 ../peripherals/driverlib/MSP430F5xx_6xx/libdriverlib-msp430f5529.a(dma.c.obj)
                0x00006ca2                DMA_init
 .text.DMA_setTransferSize
                0x00006cd8        0xa ../peripherals/driverlib/MSP430F5xx_6xx/libdriverlib-msp430f5529.a(dma.c.obj)
                0x00006cd8                DMA_setTransferSize
 .text.DMA_setSrcAddress
                0x00006ce2       0x2c ../peripherals/driverlib/MSP430F5xx_6xx/libdriverlib-msp430f5529.a(dma.c.obj)
                0x00006ce2                DMA_setSrcAddress
 .text.DMA_setDstAddress
                0x00006d0e       0x30 ../peripherals/driverlib/MSP430F5xx_6xx/libdriverlib-msp430f5529.a(dma.c.obj)
                0x00006d0e                DMA_setDstAddress
 .text.DMA_enableTransfers
                0x00006d3e        0xc ../peripherals/driverlib/MSP430F5xx_6xx/libdriverlib-msp430f5529.a(dma.c.obj)
                0x00006d3e                DMA_enableTransfers
 .text.DMA_disableTransfers
                0x00006d4a        0xc ../peripherals/driverlib/MSP430F5xx_6xx/libdriverlib-msp430f5529.a(dma.c.obj)
                0x00006d4a                DMA_disableTransfers
 .text.DMA_startTransfer
                0x00006d56        0xa ../peripherals/driverlib/MSP430F5xx_6xx/libdriverlib-msp430f5529.a(dma.c.obj)
                0x00006d56                DMA_startTransfer
 .text.DMA_getInterruptStatus
                0x00006d60        0xc ../peripherals/driverlib/MSP430F5xx_6xx/libdriverlib-msp430f5529.a(dma.c.obj)
                0x00006d60                DMA_getInterruptStatus
 .text.DMA_disableTransferDuringReadModifyWrite
                0x00006d6c        0x6 ../peripherals/driverlib/MSP430F5xx_6xx/libdriverlib-msp430f5529.a(dma.c.obj)
                0x00006d6c                DMA_disableTransferDuringReadModifyWrite
 .text.DMA_enableTransferDuringReadModifyWrite
                0x00006d72        0x6 ../peripherals/driverlib/MSP430F5xx_6xx/libdriverlib-msp430f5529.a(dma.c.obj)
                0x00006d72                DMA_enableTransferDuringReadModifyWrite
 .text.GPIO_setAsOutputPin
                0x00006d78       0x1e ../peripherals/driverlib/MSP430F5xx_6xx/libdriverlib-msp430f5529.a(gpio.c.obj)
                0x00006d78                GPIO_setAsOutputPin
 .text.GPIO_setAsPeripheralModuleFunctionOutputPin
                0x00006d96       0x1e ../peripherals/driverlib/MSP430F5xx_6xx/libdriverlib-msp430f5529.a(gpio.c.obj)
                0x00006d96                GPIO_setAsPeripheralModuleFunctionOutputPin
 .text.GPIO_setAsPeripheralModuleFunctionInputPin
                0x00006db4       0x1e ../peripherals/driverlib/MSP430F5xx_6xx/libdriverlib-msp430f5529.a(gpio.c.obj)
                0x00006db4                GPIO_setAsPeripheralModuleFunctionInputPin
 .text.GPIO_setOutputHighOnPin
                0x00006dd2       0x1a ../peripherals/driverlib/MSP430F5xx_6xx/libdriverlib-msp430f5529.a(gpio.c.obj)
                0x00006dd2                GPIO_setOutputHighOnPin
 .text.GPIO_setOutputLowOnPin
                0x00006dec       0x1a ../peripherals/driverlib/MSP430F5xx_6xx/libdriverlib-msp430f5529.a(gpio.c.obj)
                0x00006dec                GPIO_setOutputLowOnPin
 .text.PMM_setVCoreUp
                0x00006e06       0xd2 ../peripherals/driverlib/MSP430F5xx_6xx/libdriverlib-msp430f5529.a(pmm.c.obj)
                0x00006e06                PMM_setVCoreUp
 .text.PMM_setVCoreDown
                0x00006ed8       0x94 ../peripherals/driverlib/MSP430F5xx_6xx/libdriverlib-msp430f5529.a(pmm.c.obj)
                0x00006ed8                PMM_setVCoreDown
 .text.PMM_setVCore
                0x00006f6c       0x5c ../peripherals/driverlib/MSP430F5xx_6xx/libdriverlib-msp430f5529.a(pmm.c.obj)
                0x00006f6c                PMM_setVCore
 .text.SFR_enableInterrupt
                0x00006fc8        0x6 ../peripherals/driverlib/MSP430F5xx_6xx/libdriverlib-msp430f5529.a(sfr.c.obj)
                0x00006fc8                SFR_enableInterrupt
 .text.SFR_clearInterrupt
                0x00006fce        0x6 ../peripherals/driverlib/MSP430F5xx_6xx/libdriverlib-msp430f5529.a(sfr.c.obj)
                0x00006fce                SFR_clearInterrupt
 .text.TLV_getInfo
                0x00006fd4       0x6c ../peripherals/driverlib/MSP430F5xx_6xx/libdriverlib-msp430f5529.a(tlv.c.obj)
                0x00006fd4                TLV_getInfo
 .text.UCS_setExternalClockSource
                0x00007040       0x12 ../peripherals/driverlib/MSP430F5xx_6xx/libdriverlib-msp430f5529.a(ucs.c.obj)
                0x00007040                UCS_setExternalClockSource
 .text.UCS_clockSignalInit
                0x00007052       0xa6 ../peripherals/driverlib/MSP430F5xx_6xx/libdriverlib-msp430f5529.a(ucs.c.obj)
                0x00007052                UCS_clockSignalInit
 .text.UCS_LFXT1StartWithTimeout
                0x000070f8       0x56 ../peripherals/driverlib/MSP430F5xx_6xx/libdriverlib-msp430f5529.a(ucs.c.obj)
                0x000070f8                UCS_LFXT1StartWithTimeout
 .text.UCS_XT2StartWithTimeout
                0x0000714e       0x4c ../peripherals/driverlib/MSP430F5xx_6xx/libdriverlib-msp430f5529.a(ucs.c.obj)
                0x0000714e                UCS_XT2StartWithTimeout
 .text.UCS_initFLL
                0x0000719a      0x100 ../peripherals/driverlib/MSP430F5xx_6xx/libdriverlib-msp430f5529.a(ucs.c.obj)
                0x0000719a                UCS_initFLL
 .text.UCS_initFLLSettle
                0x0000729a       0x52 ../peripherals/driverlib/MSP430F5xx_6xx/libdriverlib-msp430f5529.a(ucs.c.obj)
                0x0000729a                UCS_initFLLSettle
 .text.UCS_enableClockRequest
                0x000072ec        0x6 ../peripherals/driverlib/MSP430F5xx_6xx/libdriverlib-msp430f5529.a(ucs.c.obj)
                0x000072ec                UCS_enableClockRequest
 .text.WDT_A_hold
                0x000072f2       0x18 ../peripherals/driverlib/MSP430F5xx_6xx/libdriverlib-msp430f5529.a(wdt_a.c.obj)
                0x000072f2                WDT_A_hold
 .text.board_suspend
                0x0000730a        0x2 ../bsp/libboard-funcs-msp430f5529.a(board.c.obj)
                0x0000730a                board_suspend
 .text.board_resume
                0x0000730c        0x2 ../bsp/libboard-funcs-msp430f5529.a(board.c.obj)
                0x0000730c                board_resume
 .text.board_iface_reset
                0x0000730e        0x2 ../bsp/libboard-funcs-msp430f5529.a(board.c.obj)
                0x0000730e                board_iface_reset
 .text.bytebuf_vInit
                0x00007310       0x1e ../lib/libbytebuf-msp430f5529.a(bytebuf.c.obj)
                0x00007310                bytebuf_vInit
 .text.bytebuf_cPushReqBlindLock
                0x0000732e       0x2c ../lib/libbytebuf-msp430f5529.a(bytebuf.c.obj)
                0x0000732e                bytebuf_cPushReqBlindLock
 .text.bytebuf_cPushRelinquishLock
                0x0000735a       0x1c ../lib/libbytebuf-msp430f5529.a(bytebuf.c.obj)
                0x0000735a                bytebuf_cPushRelinquishLock
 .text.bytebuf_cPush
                0x00007376       0x4c ../lib/libbytebuf-msp430f5529.a(bytebuf.c.obj)
                0x00007376                bytebuf_cPush
 .text.bytebuf_cPopChunk
                0x000073c2       0x5c ../lib/libbytebuf-msp430f5529.a(bytebuf.c.obj)
                0x000073c2                bytebuf_cPopChunk
 .text.printchar
                0x0000741e       0x30 ../lib/libprintf-msp430f5529.a(printf.c.obj)
 .text.prints   0x0000744e       0xc2 ../lib/libprintf-msp430f5529.a(printf.c.obj)
 .text.printi   0x00007510      0x110 ../lib/libprintf-msp430f5529.a(printf.c.obj)
 .text.print    0x00007620      0x316 ../lib/libprintf-msp430f5529.a(printf.c.obj)
                0x00007620                print
 .text.udivmodhi4
                0x00007936       0x3c /opt/ti/gcc/bin/../lib/gcc/msp430-elf/4.9.1/libgcc.a(lib2divHI.o)
                0x00007936                udivmodhi4
 .text.__udivhi3
                0x00007972        0x8 /opt/ti/gcc/bin/../lib/gcc/msp430-elf/4.9.1/libgcc.a(lib2divHI.o)
                0x00007972                __mspabi_divu
 .text.__umodhi3
                0x0000797a        0x8 /opt/ti/gcc/bin/../lib/gcc/msp430-elf/4.9.1/libgcc.a(lib2divHI.o)
                0x0000797a                __mspabi_remu
 .text.udivmodsi4
                0x00007982       0x7e /opt/ti/gcc/bin/../lib/gcc/msp430-elf/4.9.1/libgcc.a(lib2divSI.o)
                0x00007982                udivmodsi4
 .text.__udivsi3
                0x00007a00        0xe /opt/ti/gcc/bin/../lib/gcc/msp430-elf/4.9.1/libgcc.a(lib2divSI.o)
                0x00007a00                __mspabi_divlu
 .text.__umodsi3
                0x00007a0e        0xe /opt/ti/gcc/bin/../lib/gcc/msp430-elf/4.9.1/libgcc.a(lib2divSI.o)
                0x00007a0e                __mspabi_remul
 .text          0x00007a1c       0x74 /opt/ti/gcc/bin/../lib/gcc/msp430-elf/4.9.1/libgcc.a(slli.o)
                0x00007a1c                __mspabi_slli_15
                0x00007a1e                __mspabi_slli_14
                0x00007a20                __mspabi_slli_13
                0x00007a22                __mspabi_slli_12
                0x00007a24                __mspabi_slli_11
                0x00007a26                __mspabi_slli_10
                0x00007a28                __mspabi_slli_9
                0x00007a2a                __mspabi_slli_8
                0x00007a2c                __mspabi_slli_7
                0x00007a2e                __mspabi_slli_6
                0x00007a30                __mspabi_slli_5
                0x00007a32                __mspabi_slli_4
                0x00007a34                __mspabi_slli_3
                0x00007a36                __mspabi_slli_2
                0x00007a38                __mspabi_slli_1
                0x00007a40                __mspabi_slli
                0x00007a46                __mspabi_slll_15
                0x00007a4a                __mspabi_slll_14
                0x00007a4e                __mspabi_slll_13
                0x00007a52                __mspabi_slll_12
                0x00007a56                __mspabi_slll_11
                0x00007a5a                __mspabi_slll_10
                0x00007a5e                __mspabi_slll_9
                0x00007a62                __mspabi_slll_8
                0x00007a66                __mspabi_slll_7
                0x00007a6a                __mspabi_slll_6
                0x00007a6e                __mspabi_slll_5
                0x00007a72                __mspabi_slll_4
                0x00007a76                __mspabi_slll_3
                0x00007a7a                __mspabi_slll_2
                0x00007a7e                __mspabi_slll_1
                0x00007a8a                __mspabi_slll
 .text          0x00007a90       0xb4 /opt/ti/gcc/bin/../lib/gcc/msp430-elf/4.9.1/libgcc.a(srli.o)
                0x00007a90                __mspabi_srli_15
                0x00007a94                __mspabi_srli_14
                0x00007a98                __mspabi_srli_13
                0x00007a9c                __mspabi_srli_12
                0x00007aa0                __mspabi_srli_11
                0x00007aa4                __mspabi_srli_10
                0x00007aa8                __mspabi_srli_9
                0x00007aac                __mspabi_srli_8
                0x00007ab0                __mspabi_srli_7
                0x00007ab4                __mspabi_srli_6
                0x00007ab8                __mspabi_srli_5
                0x00007abc                __mspabi_srli_4
                0x00007ac0                __mspabi_srli_3
                0x00007ac4                __mspabi_srli_2
                0x00007ac8                __mspabi_srli_1
                0x00007ad4                __mspabi_srli
                0x00007ada                __mspabi_srll_15
                0x00007ae0                __mspabi_srll_14
                0x00007ae6                __mspabi_srll_13
                0x00007aec                __mspabi_srll_12
                0x00007af2                __mspabi_srll_11
                0x00007af8                __mspabi_srll_10
                0x00007afe                __mspabi_srll_9
                0x00007b04                __mspabi_srll_8
                0x00007b0a                __mspabi_srll_7
                0x00007b10                __mspabi_srll_6
                0x00007b16                __mspabi_srll_5
                0x00007b1c                __mspabi_srll_4
                0x00007b22                __mspabi_srll_3
                0x00007b28                __mspabi_srll_2
                0x00007b2e                __mspabi_srll_1
                0x00007b3e                __mspabi_srll
 *fill*         0x00007b44        0x0
 .text.__mulhi2_f5
                0x00007b44       0x14 /opt/ti/gcc/bin/../lib/gcc/msp430-elf/4.9.1/libgcc.a(lib2hw_mul.o)
                0x00007b44                __mulhi2_f5
 .text.memmove  0x00007b58       0x40 /opt/ti/gcc/bin/../lib/gcc/msp430-elf/4.9.1/../../../../msp430-elf/lib/libc.a(lib_a-memmove.o)
                0x00007b58                memmove
 .text.memset   0x00007b98       0x12 /opt/ti/gcc/bin/../lib/gcc/msp430-elf/4.9.1/../../../../msp430-elf/lib/libc.a(lib_a-memset.o)
                0x00007b98                memset
 .text          0x00007baa       0x20 /opt/ti/gcc/bin/../lib/gcc/msp430-elf/4.9.1/crtend.o
 *(.text.*personality*)
 *(.gnu.warning)
 *(.interp .hash .dynsym .dynstr .gnu.version*)
                0x00007bca                PROVIDE (__etext, .)
                0x00007bca                PROVIDE (_etext, .)
                0x00007bca                PROVIDE (etext, .)
                0x00007bca                . = ALIGN (0x2)
 *(.init)
 .init          0x00007bca        0x0 /opt/ti/gcc/bin/../lib/gcc/msp430-elf/4.9.1/../../../../msp430-elf/lib/crt0.o
                0x00007bca                __msp430_init
 .init          0x00007bca        0x4 /opt/ti/gcc/bin/../lib/gcc/msp430-elf/4.9.1/crtbegin.o
 .init          0x00007bce        0x4 /opt/ti/gcc/bin/../lib/gcc/msp430-elf/4.9.1/crtend.o
 .init          0x00007bd2        0xa /opt/ti/gcc/bin/../lib/gcc/msp430-elf/4.9.1/../../../../msp430-elf/lib/crtn.o
                0x00007bdc                __msp430_init_end
 *(.fini)
 .fini          0x00007bdc        0x4 /opt/ti/gcc/bin/../lib/gcc/msp430-elf/4.9.1/../../../../msp430-elf/lib/crt0.o
                0x00007bdc                __msp430_fini
 .fini          0x00007be0        0x4 /opt/ti/gcc/bin/../lib/gcc/msp430-elf/4.9.1/crtbegin.o
 .fini          0x00007be4        0x2 /opt/ti/gcc/bin/../lib/gcc/msp430-elf/4.9.1/../../../../msp430-elf/lib/crtn.o
                0x00007be6                __msp430_fini_end
 *(.tm_clone_table)
 .tm_clone_table
                0x00007be6        0x0 /opt/ti/gcc/bin/../lib/gcc/msp430-elf/4.9.1/crtbegin.o
 .tm_clone_table
                0x00007be6        0x4 /opt/ti/gcc/bin/../lib/gcc/msp430-elf/4.9.1/crtend.o

.upper.text     0x00010000        0x0
                0x00010000                . = ALIGN (0x2)
 *(.upper.text.* .upper.text)

.infoA

.infoB

.infoC

.infoD

.upper          0x00002914        0x0
 *(.upper.bss.* .upper.bss)
 *(.upper.data.* .upper.data)
                0x00000001                ASSERT ((SIZEOF (.upper) == 0x0), This MCU does not support placing read/write data into high memory)

.MSP430.attributes
                0x00000000      0x398
 *(.MSP430.attributes)
 .MSP430.attributes
                0x00000000       0x17 /opt/ti/gcc/bin/../lib/gcc/msp430-elf/4.9.1/../../../../msp430-elf/lib/crt0.o
 .MSP430.attributes
                0x00000017       0x17 /opt/ti/gcc/bin/../lib/gcc/msp430-elf/4.9.1/crtbegin.o
 .MSP430.attributes
                0x0000002e       0x17 CMakeFiles/firmware-msp430f5529.elf.dir/main.c.obj
 .MSP430.attributes
                0x00000045       0x17 CMakeFiles/firmware-msp430f5529.elf.dir/__/peripherals/USB_config/UsbIsr.c.obj
 .MSP430.attributes
                0x0000005c       0x17 ../peripherals/libhal-uc-core-msp430f5529.a(core_impl.c.obj)
 .MSP430.attributes
                0x00000073       0x17 ../lib/libprbs-msp430f5529.a(prbs.c.obj)
 .MSP430.attributes
                0x0000008a       0x17 ../peripherals/USB_API/libusb-api-msp430f5529.a(usb.c.obj)
 .MSP430.attributes
                0x000000a1       0x17 ../peripherals/USB_API/libusb-api-msp430f5529.a(usbdma.c.obj)
 .MSP430.attributes
                0x000000b8       0x17 ../peripherals/USB_API/libusb-api-msp430f5529.a(UsbCdc.c.obj)
 .MSP430.attributes
                0x000000cf       0x17 ../peripherals/USB_API/libusb-api-msp430f5529.a(UsbHid.c.obj)
 .MSP430.attributes
                0x000000e6       0x17 ../peripherals/USB_config/libusb-config-msp430f5529.a(descriptors.c.obj)
 .MSP430.attributes
                0x000000fd       0x17 ../peripherals/USB_app/libusb-app-msp430f5529.a(usbEventHandling.c.obj)
 .MSP430.attributes
                0x00000114       0x17 ../subsystem/libbc-iface-usb-msp430f5529.a(bc_iface_usb.c.obj)
 .MSP430.attributes
                0x0000012b       0x17 ../subsystem/libcontrol-iface-msp430f5529.a(control_iface.c.obj)
 .MSP430.attributes
                0x00000142       0x17 ../lib/libmodbus-msp430f5529.a(modbus.c.obj)
 .MSP430.attributes
                0x00000159       0x17 ../peripherals/USB_API/libusb-api-msp430f5529.a(UsbHidReq.c.obj)
 .MSP430.attributes
                0x00000170       0x17 ../peripherals/driverlib/MSP430F5xx_6xx/libdriverlib-msp430f5529.a(dma.c.obj)
 .MSP430.attributes
                0x00000187       0x17 ../peripherals/driverlib/MSP430F5xx_6xx/libdriverlib-msp430f5529.a(gpio.c.obj)
 .MSP430.attributes
                0x0000019e       0x17 ../peripherals/driverlib/MSP430F5xx_6xx/libdriverlib-msp430f5529.a(pmm.c.obj)
 .MSP430.attributes
                0x000001b5       0x17 ../peripherals/driverlib/MSP430F5xx_6xx/libdriverlib-msp430f5529.a(sfr.c.obj)
 .MSP430.attributes
                0x000001cc       0x17 ../peripherals/driverlib/MSP430F5xx_6xx/libdriverlib-msp430f5529.a(tlv.c.obj)
 .MSP430.attributes
                0x000001e3       0x17 ../peripherals/driverlib/MSP430F5xx_6xx/libdriverlib-msp430f5529.a(ucs.c.obj)
 .MSP430.attributes
                0x000001fa       0x17 ../peripherals/driverlib/MSP430F5xx_6xx/libdriverlib-msp430f5529.a(wdt_a.c.obj)
 .MSP430.attributes
                0x00000211       0x17 ../bsp/libboard-funcs-msp430f5529.a(board.c.obj)
 .MSP430.attributes
                0x00000228       0x17 ../lib/libbytebuf-msp430f5529.a(bytebuf.c.obj)
 .MSP430.attributes
                0x0000023f       0x17 ../lib/libprintf-msp430f5529.a(printf.c.obj)
 .MSP430.attributes
                0x00000256       0x17 ../lib/libucdm-msp430f5529.a(ucdm.c.obj)
 .MSP430.attributes
                0x0000026d       0x17 /opt/ti/gcc/bin/../lib/gcc/msp430-elf/4.9.1/libgcc.a(lib2divHI.o)
 .MSP430.attributes
                0x00000284       0x17 /opt/ti/gcc/bin/../lib/gcc/msp430-elf/4.9.1/libgcc.a(lib2divSI.o)
 .MSP430.attributes
                0x0000029b       0x17 /opt/ti/gcc/bin/../lib/gcc/msp430-elf/4.9.1/libgcc.a(slli.o)
 .MSP430.attributes
                0x000002b2       0x17 /opt/ti/gcc/bin/../lib/gcc/msp430-elf/4.9.1/libgcc.a(srli.o)
 .MSP430.attributes
                0x000002c9       0x17 /opt/ti/gcc/bin/../lib/gcc/msp430-elf/4.9.1/libgcc.a(lib2hw_mul.o)
 .MSP430.attributes
                0x000002e0       0x17 /opt/ti/gcc/bin/../lib/gcc/msp430-elf/4.9.1/../../../../msp430-elf/lib/libc.a(lib_a-memcpy.o)
 .MSP430.attributes
                0x000002f7       0x17 /opt/ti/gcc/bin/../lib/gcc/msp430-elf/4.9.1/../../../../msp430-elf/lib/libcrt.a(crt_bss.o)
 .MSP430.attributes
                0x0000030e       0x17 /opt/ti/gcc/bin/../lib/gcc/msp430-elf/4.9.1/../../../../msp430-elf/lib/libcrt.a(crt_movedata.o)
 .MSP430.attributes
                0x00000325       0x17 /opt/ti/gcc/bin/../lib/gcc/msp430-elf/4.9.1/../../../../msp430-elf/lib/libcrt.a(crt_main.o)
 .MSP430.attributes
                0x0000033c       0x17 /opt/ti/gcc/bin/../lib/gcc/msp430-elf/4.9.1/../../../../msp430-elf/lib/libc.a(lib_a-memmove.o)
 .MSP430.attributes
                0x00000353       0x17 /opt/ti/gcc/bin/../lib/gcc/msp430-elf/4.9.1/../../../../msp430-elf/lib/libc.a(lib_a-memset.o)
 .MSP430.attributes
                0x0000036a       0x17 /opt/ti/gcc/bin/../lib/gcc/msp430-elf/4.9.1/crtend.o
 .MSP430.attributes
                0x00000381       0x17 /opt/ti/gcc/bin/../lib/gcc/msp430-elf/4.9.1/../../../../msp430-elf/lib/crtn.o
 *(.gnu.attributes)
 *(__TI_build_attributes)

.stab
 *(.stab)

.stabstr
 *(.stabstr)

.stab.excl
 *(.stab.excl)

.stab.exclstr
 *(.stab.exclstr)

.stab.index
 *(.stab.index)

.stab.indexstr
 *(.stab.indexstr)

.comment        0x00000000       0x7c
 *(.comment)
 .comment       0x00000000       0x7c /opt/ti/gcc/bin/../lib/gcc/msp430-elf/4.9.1/crtbegin.o
                                 0x7d (size before relaxing)
 .comment       0x00000000       0x7d CMakeFiles/firmware-msp430f5529.elf.dir/main.c.obj
 .comment       0x00000000       0x7d CMakeFiles/firmware-msp430f5529.elf.dir/__/peripherals/USB_config/UsbIsr.c.obj
 .comment       0x00000000       0x7d ../peripherals/libhal-uc-core-msp430f5529.a(core_impl.c.obj)
 .comment       0x00000000       0x7d ../lib/libprbs-msp430f5529.a(prbs.c.obj)
 .comment       0x00000000       0x7d ../peripherals/USB_API/libusb-api-msp430f5529.a(usb.c.obj)
 .comment       0x00000000       0x7d ../peripherals/USB_API/libusb-api-msp430f5529.a(usbdma.c.obj)
 .comment       0x00000000       0x7d ../peripherals/USB_API/libusb-api-msp430f5529.a(UsbCdc.c.obj)
 .comment       0x00000000       0x7d ../peripherals/USB_API/libusb-api-msp430f5529.a(UsbHid.c.obj)
 .comment       0x00000000       0x7d ../peripherals/USB_config/libusb-config-msp430f5529.a(descriptors.c.obj)
 .comment       0x00000000       0x7d ../peripherals/USB_app/libusb-app-msp430f5529.a(usbEventHandling.c.obj)
 .comment       0x00000000       0x7d ../subsystem/libbc-iface-usb-msp430f5529.a(bc_iface_usb.c.obj)
 .comment       0x00000000       0x7d ../subsystem/libcontrol-iface-msp430f5529.a(control_iface.c.obj)
 .comment       0x00000000       0x7d ../lib/libmodbus-msp430f5529.a(modbus.c.obj)
 .comment       0x00000000       0x7d ../peripherals/USB_API/libusb-api-msp430f5529.a(UsbHidReq.c.obj)
 .comment       0x00000000       0x7d ../peripherals/driverlib/MSP430F5xx_6xx/libdriverlib-msp430f5529.a(dma.c.obj)
 .comment       0x00000000       0x7d ../peripherals/driverlib/MSP430F5xx_6xx/libdriverlib-msp430f5529.a(gpio.c.obj)
 .comment       0x00000000       0x7d ../peripherals/driverlib/MSP430F5xx_6xx/libdriverlib-msp430f5529.a(pmm.c.obj)
 .comment       0x00000000       0x7d ../peripherals/driverlib/MSP430F5xx_6xx/libdriverlib-msp430f5529.a(sfr.c.obj)
 .comment       0x00000000       0x7d ../peripherals/driverlib/MSP430F5xx_6xx/libdriverlib-msp430f5529.a(tlv.c.obj)
 .comment       0x00000000       0x7d ../peripherals/driverlib/MSP430F5xx_6xx/libdriverlib-msp430f5529.a(ucs.c.obj)
 .comment       0x00000000       0x7d ../peripherals/driverlib/MSP430F5xx_6xx/libdriverlib-msp430f5529.a(wdt_a.c.obj)
 .comment       0x00000000       0x7d ../bsp/libboard-funcs-msp430f5529.a(board.c.obj)
 .comment       0x00000000       0x7d ../lib/libbytebuf-msp430f5529.a(bytebuf.c.obj)
 .comment       0x00000000       0x7d ../lib/libprintf-msp430f5529.a(printf.c.obj)
 .comment       0x00000000       0x7d ../lib/libucdm-msp430f5529.a(ucdm.c.obj)
 .comment       0x00000000       0x7d /opt/ti/gcc/bin/../lib/gcc/msp430-elf/4.9.1/libgcc.a(lib2divHI.o)
 .comment       0x00000000       0x7d /opt/ti/gcc/bin/../lib/gcc/msp430-elf/4.9.1/libgcc.a(lib2divSI.o)
 .comment       0x00000000       0x7d /opt/ti/gcc/bin/../lib/gcc/msp430-elf/4.9.1/../../../../msp430-elf/lib/libc.a(lib_a-memcpy.o)
 .comment       0x00000000       0x7d /opt/ti/gcc/bin/../lib/gcc/msp430-elf/4.9.1/../../../../msp430-elf/lib/libc.a(lib_a-memmove.o)
 .comment       0x00000000       0x7d /opt/ti/gcc/bin/../lib/gcc/msp430-elf/4.9.1/../../../../msp430-elf/lib/libc.a(lib_a-memset.o)
 .comment       0x00000000       0x7d /opt/ti/gcc/bin/../lib/gcc/msp430-elf/4.9.1/crtend.o

.debug
 *(.debug)

.line
 *(.line)

.debug_srcinfo
 *(.debug_srcinfo)

.debug_sfnames
 *(.debug_sfnames)

.debug_aranges  0x00000000      0xcb0
 *(.debug_aranges)
 .debug_aranges
                0x00000000       0x30 /opt/ti/gcc/bin/../lib/gcc/msp430-elf/4.9.1/../../../../msp430-elf/lib/crt0.o
 .debug_aranges
                0x00000030       0x30 CMakeFiles/firmware-msp430f5529.elf.dir/main.c.obj
 .debug_aranges
                0x00000060       0x48 CMakeFiles/firmware-msp430f5529.elf.dir/__/peripherals/USB_config/UsbIsr.c.obj
 .debug_aranges
                0x000000a8       0x30 ../peripherals/libhal-uc-core-msp430f5529.a(core_impl.c.obj)
 .debug_aranges
                0x000000d8       0x30 ../lib/libprbs-msp430f5529.a(prbs.c.obj)
 .debug_aranges
                0x00000108      0x188 ../peripherals/USB_API/libusb-api-msp430f5529.a(usb.c.obj)
 .debug_aranges
                0x00000290       0x30 ../peripherals/USB_API/libusb-api-msp430f5529.a(usbdma.c.obj)
 .debug_aranges
                0x000002c0       0x98 ../peripherals/USB_API/libusb-api-msp430f5529.a(UsbCdc.c.obj)
 .debug_aranges
                0x00000358       0x88 ../peripherals/USB_API/libusb-api-msp430f5529.a(UsbHid.c.obj)
 .debug_aranges
                0x000003e0       0x18 ../peripherals/USB_config/libusb-config-msp430f5529.a(descriptors.c.obj)
 .debug_aranges
                0x000003f8       0xb0 ../peripherals/USB_app/libusb-app-msp430f5529.a(usbEventHandling.c.obj)
 .debug_aranges
                0x000004a8       0x40 ../subsystem/libbc-iface-usb-msp430f5529.a(bc_iface_usb.c.obj)
 .debug_aranges
                0x000004e8       0x28 ../subsystem/libcontrol-iface-msp430f5529.a(control_iface.c.obj)
 .debug_aranges
                0x00000510       0x68 ../lib/libmodbus-msp430f5529.a(modbus.c.obj)
 .debug_aranges
                0x00000578       0x58 ../peripherals/USB_API/libusb-api-msp430f5529.a(UsbHidReq.c.obj)
 .debug_aranges
                0x000005d0       0xb8 ../peripherals/driverlib/MSP430F5xx_6xx/libdriverlib-msp430f5529.a(dma.c.obj)
 .debug_aranges
                0x00000688       0x98 ../peripherals/driverlib/MSP430F5xx_6xx/libdriverlib-msp430f5529.a(gpio.c.obj)
 .debug_aranges
                0x00000720      0x130 ../peripherals/driverlib/MSP430F5xx_6xx/libdriverlib-msp430f5529.a(pmm.c.obj)
 .debug_aranges
                0x00000850       0x50 ../peripherals/driverlib/MSP430F5xx_6xx/libdriverlib-msp430f5529.a(sfr.c.obj)
 .debug_aranges
                0x000008a0       0x40 ../peripherals/driverlib/MSP430F5xx_6xx/libdriverlib-msp430f5529.a(tlv.c.obj)
 .debug_aranges
                0x000008e0       0xf8 ../peripherals/driverlib/MSP430F5xx_6xx/libdriverlib-msp430f5529.a(ucs.c.obj)
 .debug_aranges
                0x000009d8       0x40 ../peripherals/driverlib/MSP430F5xx_6xx/libdriverlib-msp430f5529.a(wdt_a.c.obj)
 .debug_aranges
                0x00000a18       0x30 ../bsp/libboard-funcs-msp430f5529.a(board.c.obj)
 .debug_aranges
                0x00000a48       0x60 ../lib/libbytebuf-msp430f5529.a(bytebuf.c.obj)
 .debug_aranges
                0x00000aa8       0x40 ../lib/libprintf-msp430f5529.a(printf.c.obj)
 .debug_aranges
                0x00000ae8       0x60 ../lib/libucdm-msp430f5529.a(ucdm.c.obj)
 .debug_aranges
                0x00000b48       0x40 /opt/ti/gcc/bin/../lib/gcc/msp430-elf/4.9.1/libgcc.a(lib2divHI.o)
 .debug_aranges
                0x00000b88       0x40 /opt/ti/gcc/bin/../lib/gcc/msp430-elf/4.9.1/libgcc.a(lib2divSI.o)
 .debug_aranges
                0x00000bc8       0x20 /opt/ti/gcc/bin/../lib/gcc/msp430-elf/4.9.1/../../../../msp430-elf/lib/libc.a(lib_a-memcpy.o)
 .debug_aranges
                0x00000be8       0x20 /opt/ti/gcc/bin/../lib/gcc/msp430-elf/4.9.1/../../../../msp430-elf/lib/libcrt.a(crt_bss.o)
 .debug_aranges
                0x00000c08       0x20 /opt/ti/gcc/bin/../lib/gcc/msp430-elf/4.9.1/../../../../msp430-elf/lib/libcrt.a(crt_movedata.o)
 .debug_aranges
                0x00000c28       0x20 /opt/ti/gcc/bin/../lib/gcc/msp430-elf/4.9.1/../../../../msp430-elf/lib/libcrt.a(crt_main.o)
 .debug_aranges
                0x00000c48       0x20 /opt/ti/gcc/bin/../lib/gcc/msp430-elf/4.9.1/../../../../msp430-elf/lib/libc.a(lib_a-memmove.o)
 .debug_aranges
                0x00000c68       0x20 /opt/ti/gcc/bin/../lib/gcc/msp430-elf/4.9.1/../../../../msp430-elf/lib/libc.a(lib_a-memset.o)
 .debug_aranges
                0x00000c88       0x28 /opt/ti/gcc/bin/../lib/gcc/msp430-elf/4.9.1/../../../../msp430-elf/lib/crtn.o

.debug_pubnames
 *(.debug_pubnames)

.debug_info     0x00000000     0xa8e5
 *(.debug_info .gnu.linkonce.wi.*)
 .debug_info    0x00000000       0xce /opt/ti/gcc/bin/../lib/gcc/msp430-elf/4.9.1/../../../../msp430-elf/lib/crt0.o
 .debug_info    0x000000ce      0x827 CMakeFiles/firmware-msp430f5529.elf.dir/main.c.obj
 .debug_info    0x000008f5      0x7d9 CMakeFiles/firmware-msp430f5529.elf.dir/__/peripherals/USB_config/UsbIsr.c.obj
 .debug_info    0x000010ce      0x329 ../peripherals/libhal-uc-core-msp430f5529.a(core_impl.c.obj)
 .debug_info    0x000013f7      0x1f4 ../lib/libprbs-msp430f5529.a(prbs.c.obj)
 .debug_info    0x000015eb     0x1863 ../peripherals/USB_API/libusb-api-msp430f5529.a(usb.c.obj)
 .debug_info    0x00002e4e      0x3b6 ../peripherals/USB_API/libusb-api-msp430f5529.a(usbdma.c.obj)
 .debug_info    0x00003204      0xd65 ../peripherals/USB_API/libusb-api-msp430f5529.a(UsbCdc.c.obj)
 .debug_info    0x00003f69      0xc73 ../peripherals/USB_API/libusb-api-msp430f5529.a(UsbHid.c.obj)
 .debug_info    0x00004bdc      0x8dc ../peripherals/USB_config/libusb-config-msp430f5529.a(descriptors.c.obj)
 .debug_info    0x000054b8      0x59a ../peripherals/USB_app/libusb-app-msp430f5529.a(usbEventHandling.c.obj)
 .debug_info    0x00005a52      0x572 ../subsystem/libbc-iface-usb-msp430f5529.a(bc_iface_usb.c.obj)
 .debug_info    0x00005fc4      0x291 ../subsystem/libcontrol-iface-msp430f5529.a(control_iface.c.obj)
 .debug_info    0x00006255      0x49d ../lib/libmodbus-msp430f5529.a(modbus.c.obj)
 .debug_info    0x000066f2      0x971 ../peripherals/USB_API/libusb-api-msp430f5529.a(UsbHidReq.c.obj)
 .debug_info    0x00007063      0x46c ../peripherals/driverlib/MSP430F5xx_6xx/libdriverlib-msp430f5529.a(dma.c.obj)
 .debug_info    0x000074cf      0x513 ../peripherals/driverlib/MSP430F5xx_6xx/libdriverlib-msp430f5529.a(gpio.c.obj)
 .debug_info    0x000079e2      0x407 ../peripherals/driverlib/MSP430F5xx_6xx/libdriverlib-msp430f5529.a(pmm.c.obj)
 .debug_info    0x00007de9      0x18b ../peripherals/driverlib/MSP430F5xx_6xx/libdriverlib-msp430f5529.a(sfr.c.obj)
 .debug_info    0x00007f74      0x2da ../peripherals/driverlib/MSP430F5xx_6xx/libdriverlib-msp430f5529.a(tlv.c.obj)
 .debug_info    0x0000824e      0x723 ../peripherals/driverlib/MSP430F5xx_6xx/libdriverlib-msp430f5529.a(ucs.c.obj)
 .debug_info    0x00008971      0x1a4 ../peripherals/driverlib/MSP430F5xx_6xx/libdriverlib-msp430f5529.a(wdt_a.c.obj)
 .debug_info    0x00008b15      0x1ad ../bsp/libboard-funcs-msp430f5529.a(board.c.obj)
 .debug_info    0x00008cc2      0x4e3 ../lib/libbytebuf-msp430f5529.a(bytebuf.c.obj)
 .debug_info    0x000091a5      0x83b ../lib/libprintf-msp430f5529.a(printf.c.obj)
 .debug_info    0x000099e0      0x440 ../lib/libucdm-msp430f5529.a(ucdm.c.obj)
 .debug_info    0x00009e20      0x250 /opt/ti/gcc/bin/../lib/gcc/msp430-elf/4.9.1/libgcc.a(lib2divHI.o)
 .debug_info    0x0000a070      0x266 /opt/ti/gcc/bin/../lib/gcc/msp430-elf/4.9.1/libgcc.a(lib2divSI.o)
 .debug_info    0x0000a2d6       0xfe /opt/ti/gcc/bin/../lib/gcc/msp430-elf/4.9.1/../../../../msp430-elf/lib/libc.a(lib_a-memcpy.o)
 .debug_info    0x0000a3d4       0xd2 /opt/ti/gcc/bin/../lib/gcc/msp430-elf/4.9.1/../../../../msp430-elf/lib/libcrt.a(crt_bss.o)
 .debug_info    0x0000a4a6       0xd2 /opt/ti/gcc/bin/../lib/gcc/msp430-elf/4.9.1/../../../../msp430-elf/lib/libcrt.a(crt_movedata.o)
 .debug_info    0x0000a578       0xd2 /opt/ti/gcc/bin/../lib/gcc/msp430-elf/4.9.1/../../../../msp430-elf/lib/libcrt.a(crt_main.o)
 .debug_info    0x0000a64a       0xfe /opt/ti/gcc/bin/../lib/gcc/msp430-elf/4.9.1/../../../../msp430-elf/lib/libc.a(lib_a-memmove.o)
 .debug_info    0x0000a748       0xcf /opt/ti/gcc/bin/../lib/gcc/msp430-elf/4.9.1/../../../../msp430-elf/lib/libc.a(lib_a-memset.o)
 .debug_info    0x0000a817       0xce /opt/ti/gcc/bin/../lib/gcc/msp430-elf/4.9.1/../../../../msp430-elf/lib/crtn.o

.debug_abbrev   0x00000000     0x2b7e
 *(.debug_abbrev)
 .debug_abbrev  0x00000000       0x12 /opt/ti/gcc/bin/../lib/gcc/msp430-elf/4.9.1/../../../../msp430-elf/lib/crt0.o
 .debug_abbrev  0x00000012      0x253 CMakeFiles/firmware-msp430f5529.elf.dir/main.c.obj
 .debug_abbrev  0x00000265      0x236 CMakeFiles/firmware-msp430f5529.elf.dir/__/peripherals/USB_config/UsbIsr.c.obj
 .debug_abbrev  0x0000049b       0xdf ../peripherals/libhal-uc-core-msp430f5529.a(core_impl.c.obj)
 .debug_abbrev  0x0000057a      0x156 ../lib/libprbs-msp430f5529.a(prbs.c.obj)
 .debug_abbrev  0x000006d0      0x346 ../peripherals/USB_API/libusb-api-msp430f5529.a(usb.c.obj)
 .debug_abbrev  0x00000a16      0x197 ../peripherals/USB_API/libusb-api-msp430f5529.a(usbdma.c.obj)
 .debug_abbrev  0x00000bad      0x2e6 ../peripherals/USB_API/libusb-api-msp430f5529.a(UsbCdc.c.obj)
 .debug_abbrev  0x00000e93      0x2da ../peripherals/USB_API/libusb-api-msp430f5529.a(UsbHid.c.obj)
 .debug_abbrev  0x0000116d       0xd0 ../peripherals/USB_config/libusb-config-msp430f5529.a(descriptors.c.obj)
 .debug_abbrev  0x0000123d      0x160 ../peripherals/USB_app/libusb-app-msp430f5529.a(usbEventHandling.c.obj)
 .debug_abbrev  0x0000139d      0x236 ../subsystem/libbc-iface-usb-msp430f5529.a(bc_iface_usb.c.obj)
 .debug_abbrev  0x000015d3      0x159 ../subsystem/libcontrol-iface-msp430f5529.a(control_iface.c.obj)
 .debug_abbrev  0x0000172c      0x1c7 ../lib/libmodbus-msp430f5529.a(modbus.c.obj)
 .debug_abbrev  0x000018f3      0x170 ../peripherals/USB_API/libusb-api-msp430f5529.a(UsbHidReq.c.obj)
 .debug_abbrev  0x00001a63      0x106 ../peripherals/driverlib/MSP430F5xx_6xx/libdriverlib-msp430f5529.a(dma.c.obj)
 .debug_abbrev  0x00001b69      0x114 ../peripherals/driverlib/MSP430F5xx_6xx/libdriverlib-msp430f5529.a(gpio.c.obj)
 .debug_abbrev  0x00001c7d       0xf5 ../peripherals/driverlib/MSP430F5xx_6xx/libdriverlib-msp430f5529.a(pmm.c.obj)
 .debug_abbrev  0x00001d72       0xa1 ../peripherals/driverlib/MSP430F5xx_6xx/libdriverlib-msp430f5529.a(sfr.c.obj)
 .debug_abbrev  0x00001e13      0x124 ../peripherals/driverlib/MSP430F5xx_6xx/libdriverlib-msp430f5529.a(tlv.c.obj)
 .debug_abbrev  0x00001f37      0x17f ../peripherals/driverlib/MSP430F5xx_6xx/libdriverlib-msp430f5529.a(ucs.c.obj)
 .debug_abbrev  0x000020b6       0xa1 ../peripherals/driverlib/MSP430F5xx_6xx/libdriverlib-msp430f5529.a(wdt_a.c.obj)
 .debug_abbrev  0x00002157       0x94 ../bsp/libboard-funcs-msp430f5529.a(board.c.obj)
 .debug_abbrev  0x000021eb      0x1e1 ../lib/libbytebuf-msp430f5529.a(bytebuf.c.obj)
 .debug_abbrev  0x000023cc      0x298 ../lib/libprintf-msp430f5529.a(printf.c.obj)
 .debug_abbrev  0x00002664      0x16f ../lib/libucdm-msp430f5529.a(ucdm.c.obj)
 .debug_abbrev  0x000027d3       0xd2 /opt/ti/gcc/bin/../lib/gcc/msp430-elf/4.9.1/libgcc.a(lib2divHI.o)
 .debug_abbrev  0x000028a5       0xc3 /opt/ti/gcc/bin/../lib/gcc/msp430-elf/4.9.1/libgcc.a(lib2divSI.o)
 .debug_abbrev  0x00002968       0xa2 /opt/ti/gcc/bin/../lib/gcc/msp430-elf/4.9.1/../../../../msp430-elf/lib/libc.a(lib_a-memcpy.o)
 .debug_abbrev  0x00002a0a       0x14 /opt/ti/gcc/bin/../lib/gcc/msp430-elf/4.9.1/../../../../msp430-elf/lib/libcrt.a(crt_bss.o)
 .debug_abbrev  0x00002a1e       0x14 /opt/ti/gcc/bin/../lib/gcc/msp430-elf/4.9.1/../../../../msp430-elf/lib/libcrt.a(crt_movedata.o)
 .debug_abbrev  0x00002a32       0x14 /opt/ti/gcc/bin/../lib/gcc/msp430-elf/4.9.1/../../../../msp430-elf/lib/libcrt.a(crt_main.o)
 .debug_abbrev  0x00002a46       0x9a /opt/ti/gcc/bin/../lib/gcc/msp430-elf/4.9.1/../../../../msp430-elf/lib/libc.a(lib_a-memmove.o)
 .debug_abbrev  0x00002ae0       0x8c /opt/ti/gcc/bin/../lib/gcc/msp430-elf/4.9.1/../../../../msp430-elf/lib/libc.a(lib_a-memset.o)
 .debug_abbrev  0x00002b6c       0x12 /opt/ti/gcc/bin/../lib/gcc/msp430-elf/4.9.1/../../../../msp430-elf/lib/crtn.o

.debug_line     0x00000000     0x67b1
 *(.debug_line .debug_line.* .debug_line_end)
 .debug_line    0x00000000      0x105 /opt/ti/gcc/bin/../lib/gcc/msp430-elf/4.9.1/../../../../msp430-elf/lib/crt0.o
 .debug_line    0x00000105      0x4b5 CMakeFiles/firmware-msp430f5529.elf.dir/main.c.obj
 .debug_line.text.bc_printf.constprop.1
                0x000005ba       0x23 CMakeFiles/firmware-msp430f5529.elf.dir/main.c.obj
 .debug_line.text.deferred_exec
                0x000005dd       0x60 CMakeFiles/firmware-msp430f5529.elf.dir/main.c.obj
 .debug_line.text.startup.main
                0x0000063d       0xfc CMakeFiles/firmware-msp430f5529.elf.dir/main.c.obj
 .debug_line_end
                0x00000739        0x0 CMakeFiles/firmware-msp430f5529.elf.dir/main.c.obj
 .debug_line    0x00000739      0x26d CMakeFiles/firmware-msp430f5529.elf.dir/__/peripherals/USB_config/UsbIsr.c.obj
 .debug_line.text.SetupPacketInterruptHandler
                0x000009a6       0x61 CMakeFiles/firmware-msp430f5529.elf.dir/__/peripherals/USB_config/UsbIsr.c.obj
 .debug_line.text.PWRVBUSoffHandler
                0x00000a07       0x79 CMakeFiles/firmware-msp430f5529.elf.dir/__/peripherals/USB_config/UsbIsr.c.obj
 .debug_line.text.PWRVBUSonHandler
                0x00000a80       0x67 CMakeFiles/firmware-msp430f5529.elf.dir/__/peripherals/USB_config/UsbIsr.c.obj
 .debug_line.text.IEP0InterruptHandler
                0x00000ae7       0x35 CMakeFiles/firmware-msp430f5529.elf.dir/__/peripherals/USB_config/UsbIsr.c.obj
 .debug_line.text.OEP0InterruptHandler
                0x00000b1c       0x65 CMakeFiles/firmware-msp430f5529.elf.dir/__/peripherals/USB_config/UsbIsr.c.obj
 .debug_line.text.iUsbInterruptHandler
                0x00000b81      0x251 CMakeFiles/firmware-msp430f5529.elf.dir/__/peripherals/USB_config/UsbIsr.c.obj
 .debug_line_end
                0x00000dd2        0x0 CMakeFiles/firmware-msp430f5529.elf.dir/__/peripherals/USB_config/UsbIsr.c.obj
 .debug_line    0x00000dd2      0x17b ../peripherals/libhal-uc-core-msp430f5529.a(core_impl.c.obj)
 .debug_line.text.power_set_full
                0x00000f4d       0x1c ../peripherals/libhal-uc-core-msp430f5529.a(core_impl.c.obj)
 .debug_line.text.clock_set_default
                0x00000f69       0x6b ../peripherals/libhal-uc-core-msp430f5529.a(core_impl.c.obj)
 .debug_line_end
                0x00000fd4        0x0 ../peripherals/libhal-uc-core-msp430f5529.a(core_impl.c.obj)
 .debug_line    0x00000fd4       0xdf ../lib/libprbs-msp430f5529.a(prbs.c.obj)
 .debug_line.text.lfsr_vInit
                0x000010b3       0x2e ../lib/libprbs-msp430f5529.a(prbs.c.obj)
 .debug_line_end
                0x000010e1        0x0 ../lib/libprbs-msp430f5529.a(prbs.c.obj)
 .debug_line    0x000010e1      0x287 ../peripherals/USB_API/libusb-api-msp430f5529.a(usb.c.obj)
 .debug_line.text.USB_InitSerialStringDescriptor
                0x00001368       0xb9 ../peripherals/USB_API/libusb-api-msp430f5529.a(usb.c.obj)
 .debug_line.text.USB_disable
                0x00001421       0x3b ../peripherals/USB_API/libusb-api-msp430f5529.a(usb.c.obj)
 .debug_line.text.USB_reset
                0x0000145c      0x168 ../peripherals/USB_API/libusb-api-msp430f5529.a(usb.c.obj)
 .debug_line.text.USB_connect
                0x000015c4       0x2f ../peripherals/USB_API/libusb-api-msp430f5529.a(usb.c.obj)
 .debug_line.text.USB_disconnect
                0x000015f3       0x3b ../peripherals/USB_API/libusb-api-msp430f5529.a(usb.c.obj)
 .debug_line.text.USB_connectionInfo
                0x0000162e       0x53 ../peripherals/USB_API/libusb-api-msp430f5529.a(usb.c.obj)
 .debug_line.text.USB_connectionState
                0x00001681       0xd5 ../peripherals/USB_API/libusb-api-msp430f5529.a(usb.c.obj)
 .debug_line.text.USB_suspend
                0x00001756       0x41 ../peripherals/USB_API/libusb-api-msp430f5529.a(usb.c.obj)
 .debug_line.text.usbClearOEP0ByteCount
                0x00001797       0x1d ../peripherals/USB_API/libusb-api-msp430f5529.a(usb.c.obj)
 .debug_line.text.usbSendNextPacketOnIEP0
                0x000017b4       0xb3 ../peripherals/USB_API/libusb-api-msp430f5529.a(usb.c.obj)
 .debug_line.text.usbSendDataPacketOnEP0
                0x00001867       0x4d ../peripherals/USB_API/libusb-api-msp430f5529.a(usb.c.obj)
 .debug_line.text.usbReceiveNextPacketOnOEP0
                0x000018b4       0x8b ../peripherals/USB_API/libusb-api-msp430f5529.a(usb.c.obj)
 .debug_line.text.usbReceiveDataPacketOnEP0
                0x0000193f       0x31 ../peripherals/USB_API/libusb-api-msp430f5529.a(usb.c.obj)
 .debug_line.text.usbSendZeroLengthPacketOnIEP0
                0x00001970       0x29 ../peripherals/USB_API/libusb-api-msp430f5529.a(usb.c.obj)
 .debug_line.text.usbClearEndpointFeature
                0x00001999       0x6b ../peripherals/USB_API/libusb-api-msp430f5529.a(usb.c.obj)
 .debug_line.text.usbGetConfiguration
                0x00001a04       0x2b ../peripherals/USB_API/libusb-api-msp430f5529.a(usb.c.obj)
 .debug_line.text.usbGetDeviceDescriptor
                0x00001a2f       0x2b ../peripherals/USB_API/libusb-api-msp430f5529.a(usb.c.obj)
 .debug_line.text.usbGetConfigurationDescriptor
                0x00001a5a       0x2b ../peripherals/USB_API/libusb-api-msp430f5529.a(usb.c.obj)
 .debug_line.text.usbGetStringDescriptor
                0x00001a85       0x73 ../peripherals/USB_API/libusb-api-msp430f5529.a(usb.c.obj)
 .debug_line.text.usbGetInterface
                0x00001af8       0x37 ../peripherals/USB_API/libusb-api-msp430f5529.a(usb.c.obj)
 .debug_line.text.usbGetDeviceStatus
                0x00001b2f       0x43 ../peripherals/USB_API/libusb-api-msp430f5529.a(usb.c.obj)
 .debug_line.text.usbGetInterfaceStatus
                0x00001b72       0x37 ../peripherals/USB_API/libusb-api-msp430f5529.a(usb.c.obj)
 .debug_line.text.usbGetEndpointStatus
                0x00001ba9       0x73 ../peripherals/USB_API/libusb-api-msp430f5529.a(usb.c.obj)
 .debug_line.text.usbSetAddress
                0x00001c1c       0x4d ../peripherals/USB_API/libusb-api-msp430f5529.a(usb.c.obj)
 .debug_line.text.usbSetConfiguration
                0x00001c69       0x57 ../peripherals/USB_API/libusb-api-msp430f5529.a(usb.c.obj)
 .debug_line.text.usbClearDeviceFeature
                0x00001cc0       0x4b ../peripherals/USB_API/libusb-api-msp430f5529.a(usb.c.obj)
 .debug_line.text.usbSetDeviceFeature
                0x00001d0b       0x4b ../peripherals/USB_API/libusb-api-msp430f5529.a(usb.c.obj)
 .debug_line.text.usbSetEndpointFeature
                0x00001d56       0x75 ../peripherals/USB_API/libusb-api-msp430f5529.a(usb.c.obj)
 .debug_line.text.usbSetInterface
                0x00001dcb       0x39 ../peripherals/USB_API/libusb-api-msp430f5529.a(usb.c.obj)
 .debug_line.text.usbInvalidRequest
                0x00001e04       0x2b ../peripherals/USB_API/libusb-api-msp430f5529.a(usb.c.obj)
 .debug_line.text.usbDecodeAndProcessUsbRequest
                0x00001e2f       0xd9 ../peripherals/USB_API/libusb-api-msp430f5529.a(usb.c.obj)
 .debug_line.text.usbDisableInEndpointInterrupt
                0x00001f08       0x23 ../peripherals/USB_API/libusb-api-msp430f5529.a(usb.c.obj)
 .debug_line.text.usbRestoreInEndpointInterrupt
                0x00001f2b       0x1d ../peripherals/USB_API/libusb-api-msp430f5529.a(usb.c.obj)
 .debug_line.text.usbDisableOutEndpointInterrupt
                0x00001f48       0x23 ../peripherals/USB_API/libusb-api-msp430f5529.a(usb.c.obj)
 .debug_line.text.usbRestoreOutEndpointInterrupt
                0x00001f6b       0x1d ../peripherals/USB_API/libusb-api-msp430f5529.a(usb.c.obj)
 .debug_line.text.USB_determineFreq
                0x00001f88       0xdd ../peripherals/USB_API/libusb-api-msp430f5529.a(usb.c.obj)
 .debug_line.text.USB_init
                0x00002065       0x8b ../peripherals/USB_API/libusb-api-msp430f5529.a(usb.c.obj)
 .debug_line.text.USB_enable
                0x000020f0       0xd7 ../peripherals/USB_API/libusb-api-msp430f5529.a(usb.c.obj)
 .debug_line.text.USB_setup
                0x000021c7       0x5c ../peripherals/USB_API/libusb-api-msp430f5529.a(usb.c.obj)
 .debug_line.text.USB_resume
                0x00002223       0x2f ../peripherals/USB_API/libusb-api-msp430f5529.a(usb.c.obj)
 .debug_line_end
                0x00002252        0x0 ../peripherals/USB_API/libusb-api-msp430f5529.a(usb.c.obj)
 .debug_line    0x00002252      0x19d ../peripherals/USB_API/libusb-api-msp430f5529.a(usbdma.c.obj)
 .debug_line.text.memcpyV
                0x000023ef       0x3b ../peripherals/USB_API/libusb-api-msp430f5529.a(usbdma.c.obj)
 .debug_line.text.memcpyDMA
                0x0000242a       0x59 ../peripherals/USB_API/libusb-api-msp430f5529.a(usbdma.c.obj)
 .debug_line.text.USB_initMemcpy
                0x00002483       0x35 ../peripherals/USB_API/libusb-api-msp430f5529.a(usbdma.c.obj)
 .debug_line_end
                0x000024b8        0x0 ../peripherals/USB_API/libusb-api-msp430f5529.a(usbdma.c.obj)
 .debug_line    0x000024b8      0x32c ../peripherals/USB_API/libusb-api-msp430f5529.a(UsbCdc.c.obj)
 .debug_line.text.CdcResetData
                0x000027e4       0x2f ../peripherals/USB_API/libusb-api-msp430f5529.a(UsbCdc.c.obj)
 .debug_line.text.USBCDC_sendData
                0x00002813       0x91 ../peripherals/USB_API/libusb-api-msp430f5529.a(UsbCdc.c.obj)
 .debug_line.text.CdcToHostFromBuffer
                0x000028a4      0x15e ../peripherals/USB_API/libusb-api-msp430f5529.a(UsbCdc.c.obj)
 .debug_line.text.CopyUsbToBuff
                0x00002a02       0x5f ../peripherals/USB_API/libusb-api-msp430f5529.a(UsbCdc.c.obj)
 .debug_line.text.USBCDC_receiveData
                0x00002a61      0x1ca ../peripherals/USB_API/libusb-api-msp430f5529.a(UsbCdc.c.obj)
 .debug_line.text.CdcToBufferFromHost
                0x00002c2b       0xff ../peripherals/USB_API/libusb-api-msp430f5529.a(UsbCdc.c.obj)
 .debug_line.text.CdcIsReceiveInProgress
                0x00002d2a       0x1d ../peripherals/USB_API/libusb-api-msp430f5529.a(UsbCdc.c.obj)
 .debug_line.text.USBCDC_rejectData
                0x00002d47       0x71 ../peripherals/USB_API/libusb-api-msp430f5529.a(UsbCdc.c.obj)
 .debug_line.text.USBCDC_bytesInUSBBuffer
                0x00002db8       0x77 ../peripherals/USB_API/libusb-api-msp430f5529.a(UsbCdc.c.obj)
 .debug_line.text.usbGetLineCoding
                0x00002e2f       0x77 ../peripherals/USB_API/libusb-api-msp430f5529.a(UsbCdc.c.obj)
 .debug_line.text.usbSetLineCoding
                0x00002ea6       0x1d ../peripherals/USB_API/libusb-api-msp430f5529.a(UsbCdc.c.obj)
 .debug_line.text.usbSetControlLineState
                0x00002ec3       0x23 ../peripherals/USB_API/libusb-api-msp430f5529.a(UsbCdc.c.obj)
 .debug_line.text.Handler_SetLineCoding
                0x00002ee6       0x6b ../peripherals/USB_API/libusb-api-msp430f5529.a(UsbCdc.c.obj)
 .debug_line_end
                0x00002f51        0x0 ../peripherals/USB_API/libusb-api-msp430f5529.a(UsbCdc.c.obj)
 .debug_line    0x00002f51      0x256 ../peripherals/USB_API/libusb-api-msp430f5529.a(UsbHid.c.obj)
 .debug_line.text.HidResetData
                0x000031a7       0x29 ../peripherals/USB_API/libusb-api-msp430f5529.a(UsbHid.c.obj)
 .debug_line.text.HidToHostFromBuffer
                0x000031d0      0x116 ../peripherals/USB_API/libusb-api-msp430f5529.a(UsbHid.c.obj)
 .debug_line.text.HidCopyUsbToBuff
                0x000032e6       0x5f ../peripherals/USB_API/libusb-api-msp430f5529.a(UsbHid.c.obj)
 .debug_line.text.HidToBufferFromHost
                0x00003345      0x12a ../peripherals/USB_API/libusb-api-msp430f5529.a(UsbHid.c.obj)
 .debug_line.text.HidIsReceiveInProgress
                0x0000346f       0x1d ../peripherals/USB_API/libusb-api-msp430f5529.a(UsbHid.c.obj)
 .debug_line_end
                0x0000348c        0x0 ../peripherals/USB_API/libusb-api-msp430f5529.a(UsbHid.c.obj)
 .debug_line    0x0000348c      0x16c ../peripherals/USB_config/libusb-config-msp430f5529.a(descriptors.c.obj)
 .debug_line_end
                0x000035f8        0x0 ../peripherals/USB_config/libusb-config-msp430f5529.a(descriptors.c.obj)
 .debug_line    0x000035f8      0x212 ../peripherals/USB_app/libusb-app-msp430f5529.a(usbEventHandling.c.obj)
 .debug_line.text.USB_handleClockEvent
                0x0000380a       0x23 ../peripherals/USB_app/libusb-app-msp430f5529.a(usbEventHandling.c.obj)
 .debug_line.text.USB_handleVbusOnEvent
                0x0000382d       0x29 ../peripherals/USB_app/libusb-app-msp430f5529.a(usbEventHandling.c.obj)
 .debug_line.text.USB_handleVbusOffEvent
                0x00003856       0x17 ../peripherals/USB_app/libusb-app-msp430f5529.a(usbEventHandling.c.obj)
 .debug_line.text.USB_handleResetEvent
                0x0000386d       0x1d ../peripherals/USB_app/libusb-app-msp430f5529.a(usbEventHandling.c.obj)
 .debug_line.text.USB_handleSuspendEvent